Archive member included to satisfy reference by file (symbol)

/Applications/MCUXpressoIDE_11.9.0_2144/ide/plugins/com.nxp.mcuxpresso.tools.macosx_11.9.0.202307121226/tools/bin/../lib/gcc/arm-none-eabi/12.3.1/../../../../arm-none-eabi/lib/thumb/v7e-m+fp/hard/libcr_semihost_nf.a(_cr__main.o)
                              ./startup/startup_mk66f18.o (__main)
/Applications/MCUXpressoIDE_11.9.0_2144/ide/plugins/com.nxp.mcuxpresso.tools.macosx_11.9.0.202307121226/tools/bin/../lib/gcc/arm-none-eabi/12.3.1/../../../../arm-none-eabi/lib/thumb/v7e-m+fp/hard/libcr_c.a(memcpy.o)
                              ./source/enet_txrx_transfer.o (memcpy)
/Applications/MCUXpressoIDE_11.9.0_2144/ide/plugins/com.nxp.mcuxpresso.tools.macosx_11.9.0.202307121226/tools/bin/../lib/gcc/arm-none-eabi/12.3.1/../../../../arm-none-eabi/lib/thumb/v7e-m+fp/hard/libcr_c.a(memset.o)
                              ./drivers/fsl_enet.o (memset)
/Applications/MCUXpressoIDE_11.9.0_2144/ide/plugins/com.nxp.mcuxpresso.tools.macosx_11.9.0.202307121226/tools/bin/../lib/gcc/arm-none-eabi/12.3.1/../../../../arm-none-eabi/lib/thumb/v7e-m+fp/hard/libcr_c.a(alloc.o)
                              ./source/enet_txrx_transfer.o (malloc)
/Applications/MCUXpressoIDE_11.9.0_2144/ide/plugins/com.nxp.mcuxpresso.tools.macosx_11.9.0.202307121226/tools/bin/../lib/gcc/arm-none-eabi/12.3.1/../../../../arm-none-eabi/lib/thumb/v7e-m+fp/hard/libcr_c.a(initio.o)
                              /Applications/MCUXpressoIDE_11.9.0_2144/ide/plugins/com.nxp.mcuxpresso.tools.macosx_11.9.0.202307121226/tools/bin/../lib/gcc/arm-none-eabi/12.3.1/../../../../arm-none-eabi/lib/thumb/v7e-m+fp/hard/libcr_semihost_nf.a(_cr__main.o) (_initio)
/Applications/MCUXpressoIDE_11.9.0_2144/ide/plugins/com.nxp.mcuxpresso.tools.macosx_11.9.0.202307121226/tools/bin/../lib/gcc/arm-none-eabi/12.3.1/../../../../arm-none-eabi/lib/thumb/v7e-m+fp/hard/libcr_c.a(printf.o)
                              ./utilities/fsl_assert.o (_printf)
/Applications/MCUXpressoIDE_11.9.0_2144/ide/plugins/com.nxp.mcuxpresso.tools.macosx_11.9.0.202307121226/tools/bin/../lib/gcc/arm-none-eabi/12.3.1/../../../../arm-none-eabi/lib/thumb/v7e-m+fp/hard/libcr_c.a(setvbuf.o)
                              /Applications/MCUXpressoIDE_11.9.0_2144/ide/plugins/com.nxp.mcuxpresso.tools.macosx_11.9.0.202307121226/tools/bin/../lib/gcc/arm-none-eabi/12.3.1/../../../../arm-none-eabi/lib/thumb/v7e-m+fp/hard/libcr_c.a(initio.o) (setvbuf)
/Applications/MCUXpressoIDE_11.9.0_2144/ide/plugins/com.nxp.mcuxpresso.tools.macosx_11.9.0.202307121226/tools/bin/../lib/gcc/arm-none-eabi/12.3.1/../../../../arm-none-eabi/lib/thumb/v7e-m+fp/hard/libcr_c.a(strlen.o)
                              ./source/enet_txrx_transfer.o (strlen)
/Applications/MCUXpressoIDE_11.9.0_2144/ide/plugins/com.nxp.mcuxpresso.tools.macosx_11.9.0.202307121226/tools/bin/../lib/gcc/arm-none-eabi/12.3.1/../../../../arm-none-eabi/lib/thumb/v7e-m+fp/hard/libcr_c.a(__init_alloc.o)
                              /Applications/MCUXpressoIDE_11.9.0_2144/ide/plugins/com.nxp.mcuxpresso.tools.macosx_11.9.0.202307121226/tools/bin/../lib/gcc/arm-none-eabi/12.3.1/../../../../arm-none-eabi/lib/thumb/v7e-m+fp/hard/libcr_c.a(alloc.o) (__heaps)
/Applications/MCUXpressoIDE_11.9.0_2144/ide/plugins/com.nxp.mcuxpresso.tools.macosx_11.9.0.202307121226/tools/bin/../lib/gcc/arm-none-eabi/12.3.1/../../../../arm-none-eabi/lib/thumb/v7e-m+fp/hard/libcr_c.a(_cr_sbrk.o)
                              /Applications/MCUXpressoIDE_11.9.0_2144/ide/plugins/com.nxp.mcuxpresso.tools.macosx_11.9.0.202307121226/tools/bin/../lib/gcc/arm-none-eabi/12.3.1/../../../../arm-none-eabi/lib/thumb/v7e-m+fp/hard/libcr_c.a(alloc.o) (_sbrk)
/Applications/MCUXpressoIDE_11.9.0_2144/ide/plugins/com.nxp.mcuxpresso.tools.macosx_11.9.0.202307121226/tools/bin/../lib/gcc/arm-none-eabi/12.3.1/../../../../arm-none-eabi/lib/thumb/v7e-m+fp/hard/libcr_c.a(_deferredlazyseek.o)
                              /Applications/MCUXpressoIDE_11.9.0_2144/ide/plugins/com.nxp.mcuxpresso.tools.macosx_11.9.0.202307121226/tools/bin/../lib/gcc/arm-none-eabi/12.3.1/../../../../arm-none-eabi/lib/thumb/v7e-m+fp/hard/libcr_c.a(printf.o) (__flsbuf)
/Applications/MCUXpressoIDE_11.9.0_2144/ide/plugins/com.nxp.mcuxpresso.tools.macosx_11.9.0.202307121226/tools/bin/../lib/gcc/arm-none-eabi/12.3.1/../../../../arm-none-eabi/lib/thumb/v7e-m+fp/hard/libcr_c.a(_fdopen.o)
                              /Applications/MCUXpressoIDE_11.9.0_2144/ide/plugins/com.nxp.mcuxpresso.tools.macosx_11.9.0.202307121226/tools/bin/../lib/gcc/arm-none-eabi/12.3.1/../../../../arm-none-eabi/lib/thumb/v7e-m+fp/hard/libcr_c.a(initio.o) (_fdopen)
/Applications/MCUXpressoIDE_11.9.0_2144/ide/plugins/com.nxp.mcuxpresso.tools.macosx_11.9.0.202307121226/tools/bin/../lib/gcc/arm-none-eabi/12.3.1/../../../../arm-none-eabi/lib/thumb/v7e-m+fp/hard/libcr_c.a(_fflush.o)
[...]
Memory Configuration

Name             Origin             Length             Attributes
PROGRAM_FLASH    0x00000000         0x00200000         xr
SRAM_UPPER       0x20000000         0x00030000         xrw
SRAM_LOWER       0x1fff0000         0x00010000         xrw
FLEX_RAM         0x14000000         0x00001000         xrw
*default*        0x00000000         0xffffffff

Linker script and memory map

LOAD ./utilities/fsl_assert.o
LOAD ./utilities/fsl_debug_console.o
LOAD ./startup/startup_mk66f18.o
LOAD ./source/ethernet/ethernet.o
LOAD ./source/enet_txrx_transfer.o
LOAD ./source/main.o
LOAD ./source/semihost_hardfault.o
LOAD ./phy/fsl_phyksz8081.o
LOAD ./mdio/fsl_enet_mdio.o
LOAD ./drivers/fsl_clock.o
LOAD ./drivers/fsl_common.o
LOAD ./drivers/fsl_common_arm.o
LOAD ./drivers/fsl_enet.o
LOAD ./drivers/fsl_ftfx_cache.o
LOAD ./drivers/fsl_ftfx_controller.o
LOAD ./drivers/fsl_ftfx_flash.o
LOAD ./drivers/fsl_ftfx_flexnvm.o
LOAD ./drivers/fsl_gpio.o
LOAD ./drivers/fsl_lpuart.o
LOAD ./drivers/fsl_sim.o
LOAD ./drivers/fsl_smc.o
LOAD ./drivers/fsl_sysmpu.o
LOAD ./drivers/fsl_uart.o
LOAD ./device/system_MK66F18.o
LOAD ./component/uart/fsl_adapter_uart.o
LOAD ./component/lists/fsl_component_generic_list.o
LOAD ./board/board.o
LOAD ./board/clock_config.o
LOAD ./board/pin_mux.o
START GROUP
LOAD /Applications/MCUXpressoIDE_11.9.0_2144/ide/plugins/com.nxp.mcuxpresso.tools.macosx_11.9.0.202307121226/tools/bin/../lib/gcc/arm-none-eabi/12.3.1/../../../../arm-none-eabi/lib/thumb/v7e-m+fp/hard/libcr_semihost_nf.a
LOAD /Applications/MCUXpressoIDE_11.9.0_2144/ide/plugins/com.nxp.mcuxpresso.tools.macosx_11.9.0.202307121226/tools/bin/../lib/gcc/arm-none-eabi/12.3.1/../../../../arm-none-eabi/lib/thumb/v7e-m+fp/hard/libcr_c.a
LOAD /Applications/MCUXpressoIDE_11.9.0_2144/ide/plugins/com.nxp.mcuxpresso.tools.macosx_11.9.0.202307121226/tools/bin/../lib/gcc/arm-none-eabi/12.3.1/thumb/v7e-m+fp/hard/libcr_eabihelpers.a
LOAD /Applications/MCUXpressoIDE_11.9.0_2144/ide/plugins/com.nxp.mcuxpresso.tools.macosx_11.9.0.202307121226/tools/bin/../lib/gcc/arm-none-eabi/12.3.1/thumb/v7e-m+fp/hard/libgcc.a
END GROUP
                0x00000000                        __base_PROGRAM_FLASH = 0x0
                0x00000000                        __base_Flash = 0x0
                0x00200000                        __top_PROGRAM_FLASH = 0x200000
                0x00200000                        __top_Flash = 0x200000
                0x20000000                        __base_SRAM_UPPER = 0x20000000
                0x20000000                        __base_RAM = 0x20000000
                0x20030000                        __top_SRAM_UPPER = 0x20030000
                0x20030000                        __top_RAM = 0x20030000
                0x1fff0000                        __base_SRAM_LOWER = 0x1fff0000
                0x1fff0000                        __base_RAM2 = 0x1fff0000
                0x20000000                        __top_SRAM_LOWER = 0x20000000
                0x20000000                        __top_RAM2 = 0x20000000
                0x14000000                        __base_FLEX_RAM = 0x14000000
                0x14000000                        __base_RAM3 = 0x14000000
                0x14001000                        __top_FLEX_RAM = 0x14001000
                0x14001000                        __top_RAM3 = 0x14001000

.text           0x00000000     0x6060
 FILL mask 0xff
                0x00000000                        __vectors_start__ = ABSOLUTE (.)
 *(SORT_BY_ALIGNMENT(.isr_vector))
 .isr_vector    0x00000000      0x1d0 ./startup/startup_mk66f18.o
                0x00000000                __Vectors
                0x00000000                g_pfnVectors
                0x000001d0                        . = ALIGN (0x4)
                0x000001d0                        __section_table_start = .
                0x000001d0                        __data_section_table = .
                0x000001d0        0x4 LONG 0x6060 LOADADDR (.data)
                0x000001d4        0x4 LONG 0x20000000 ADDR (.data)
                0x000001d8        0x4 LONG 0x50 SIZEOF (.data)
                0x000001dc        0x4 LONG 0x6060 LOADADDR (.data_RAM2)
                0x000001e0        0x4 LONG 0x1fff0000 ADDR (.data_RAM2)
                0x000001e4        0x4 LONG 0x0 SIZEOF (.data_RAM2)
                0x000001e8        0x4 LONG 0x6060 LOADADDR (.data_RAM3)
                0x000001ec        0x4 LONG 0x14000000 ADDR (.data_RAM3)
                0x000001f0        0x4 LONG 0x0 SIZEOF (.data_RAM3)
                0x000001f4                        __data_section_table_end = .
                0x000001f4                        __bss_section_table = .
                0x000001f4        0x4 LONG 0x20000050 ADDR (.bss)
                0x000001f8        0x4 LONG 0x3158 SIZEOF (.bss)
                0x000001fc        0x4 LONG 0x1fff0000 ADDR (.bss_RAM2)
                0x00000200        0x4 LONG 0x40 SIZEOF (.bss_RAM2)
                0x00000204        0x4 LONG 0x14000000 ADDR (.bss_RAM3)
                0x00000208        0x4 LONG 0x0 SIZEOF (.bss_RAM3)
                0x0000020c                        __bss_section_table_end = .
                0x0000020c                        __section_table_end = .
 *(SORT_BY_ALIGNMENT(.after_vectors*))
 .after_vectors.reset
                0x0000020c       0x4c ./startup/startup_mk66f18.o
                0x0000020c                ResetISR
 .after_vectors.init_data
                0x00000258       0x1e ./startup/startup_mk66f18.o
                0x00000258                data_init
 .after_vectors.init_bss
                0x00000276       0x12 ./startup/startup_mk66f18.o
                0x00000276                bss_init
 .after_vectors
                0x00000288       0x14 ./startup/startup_mk66f18.o
                0x00000288                NMI_Handler
                0x0000028c                MemManage_Handler
                0x0000028e                BusFault_Handler
                0x00000290                UsageFault_Handler
                0x00000292                SVC_Handler
                0x00000294                DebugMon_Handler
                0x00000296                PendSV_Handler
                0x00000298                SysTick_Handler
                0x0000029a                PIT2_DriverIRQHandler
                0x0000029a                TPM2_DriverIRQHandler
                0x0000029a                SDHC_DriverIRQHandler
                0x0000029a                DMA7_DMA23_DriverIRQHandler
                0x0000029a                I2C3_DriverIRQHandler
                0x0000029a                I2S0_Tx_DriverIRQHandler
                0x0000029a                TSI0_DriverIRQHandler
                0x0000029a                RTC_Seconds_DriverIRQHandler
                0x0000029a                CMP3_DriverIRQHandler
                0x0000029a                LLWU_DriverIRQHandler
                0x0000029a                MCM_DriverIRQHandler
                0x0000029a                DMA14_DMA30_DriverIRQHandler
                0x0000029a                MCG_DriverIRQHandler
                0x0000029a                I2C2_DriverIRQHandler
                0x0000029a                DAC1_DriverIRQHandler
                0x0000029a                CMP1_DriverIRQHandler
                0x0000029a                USBHSDCD_DriverIRQHandler
                0x0000029a                DMA0_DMA16_DriverIRQHandler
                0x0000029a                FTM0_DriverIRQHandler
                0x0000029a                IntDefaultHandler
                0x0000029a                USB0_DriverIRQHandler
                0x0000029a                PORTC_DriverIRQHandler
                0x0000029a                DMA2_DMA18_DriverIRQHandler
                0x0000029a                DAC0_DriverIRQHandler
                0x0000029a                CMP2_DriverIRQHandler
                0x0000029a                UART2_ERR_DriverIRQHandler
                0x0000029a                SPI2_DriverIRQHandler
                0x0000029a                LVD_LVW_DriverIRQHandler
                0x0000029a                Reserved84_DriverIRQHandler
                0x0000029a                PIT0_DriverIRQHandler
                0x0000029a                RNG_DriverIRQHandler
                0x0000029a                USBDCD_DriverIRQHandler
                0x0000029a                UART3_ERR_DriverIRQHandler
                0x0000029a                DMA12_DMA28_DriverIRQHandler
                0x0000029a                DMA10_DMA26_DriverIRQHandler
                0x0000029a                UART0_ERR_DriverIRQHandler
                0x0000029a                CMT_DriverIRQHandler
                0x0000029a                Reserved71_DriverIRQHandler
                0x0000029a                ADC1_DriverIRQHandler
                0x0000029a                PORTA_DriverIRQHandler
                0x0000029a                DMA1_DMA17_DriverIRQHandler
                0x0000029a                PIT3_DriverIRQHandler
                0x0000029a                PIT1_DriverIRQHandler
                0x0000029a                TPM1_DriverIRQHandler
                0x0000029a                WDOG_EWM_DriverIRQHandler
                0x0000029a                PDB0_DriverIRQHandler
                0x0000029a                DMA8_DMA24_DriverIRQHandler
                0x0000029a                DMA6_DMA22_DriverIRQHandler
                0x0000029a                RTC_DriverIRQHandler
                0x0000029a                I2S0_Rx_DriverIRQHandler
                0x0000029a                Read_Collision_DriverIRQHandler
                0x0000029a                SWI_DriverIRQHandler
                0x0000029a                UART4_ERR_DriverIRQHandler
                0x0000029a                DMA11_DMA27_DriverIRQHandler
                0x0000029a                DMA4_DMA20_DriverIRQHandler
                0x0000029a                DMA9_DMA25_DriverIRQHandler
                0x0000029a                I2C1_DriverIRQHandler
                0x0000029a                DMA3_DMA19_DriverIRQHandler
                0x0000029a                Reserved85_DriverIRQHandler
                0x0000029a                SPI0_DriverIRQHandler
                0x0000029a                ADC0_DriverIRQHandler
                0x0000029a                USBHS_DriverIRQHandler
                0x0000029a                CMP0_DriverIRQHandler
                0x0000029a                CAN0_DriverIRQHandler
                0x0000029a                FTM3_DriverIRQHandler
                0x0000029a                DMA5_DMA21_DriverIRQHandler
                0x0000029a                DMA15_DMA31_DriverIRQHandler
                0x0000029a                UART1_ERR_DriverIRQHandler
                0x0000029a                PORTD_DriverIRQHandler
                0x0000029a                Reserved46_DriverIRQHandler
                0x0000029a                PORTE_DriverIRQHandler
                0x0000029a                FTFE_DriverIRQHandler
                0x0000029a                I2C0_DriverIRQHandler
                0x0000029a                CAN1_DriverIRQHandler
                0x0000029a                DMA13_DMA29_DriverIRQHandler
                0x0000029a                PORTB_DriverIRQHandler
                0x0000029a                SPI1_DriverIRQHandler
                0x0000029a                LPTMR0_DriverIRQHandler
                0x0000029a                DMA_Error_DriverIRQHandler
                0x0000029a                FTM1_DriverIRQHandler
                0x0000029a                FTM2_DriverIRQHandler
                0x00000400                        . = 0x400
 *fill*         0x0000029c      0x164 ff
                0x00000400                        PROVIDE (__FLASH_CONFIG_START__ = .)
 *(SORT_BY_ALIGNMENT(.FlashConfig))
 .FlashConfig   0x00000400       0x10 ./startup/startup_mk66f18.o
                0x00000400                Flash_Config
                0x00000410                        PROVIDE (__FLASH_CONFIG_END__ = .)
                0x00000001                        ASSERT (! ((__FLASH_CONFIG_START__ == __FLASH_CONFIG_END__)), Linker Flash Config Support Enabled, but no .FlashConfig section provided within application)
 *(SORT_BY_ALIGNMENT(.text*))
 .text.__assertion_failed
                0x00000410       0x18 ./utilities/fsl_assert.o
                0x00000410                __assertion_failed
 .text.CLOCK_SetRmii0Clock
                0x00000428       0x38 ./source/enet_txrx_transfer.o
 .text.ENET_BuildBroadCastFrame
                0x00000460       0x84 ./source/enet_txrx_transfer.o
 .text.main     0x000004e4      0x30c ./source/enet_txrx_transfer.o
                0x000004e4                main
 .text.PHY_KSZ8081_Init
                0x000007f0      0x128 ./phy/fsl_phyksz8081.o
                0x000007f0                PHY_KSZ8081_Init
 .text.PHY_KSZ8081_GetAutoNegotiationStatus
                0x00000918       0x54 ./phy/fsl_phyksz8081.o
                0x00000918                PHY_KSZ8081_GetAutoNegotiationStatus
 .text.PHY_KSZ8081_GetLinkStatus
                0x0000096c       0x58 ./phy/fsl_phyksz8081.o
                0x0000096c                PHY_KSZ8081_GetLinkStatus
 .text.PHY_KSZ8081_GetLinkSpeedDuplex
                0x000009c4       0x98 ./phy/fsl_phyksz8081.o
                0x000009c4                PHY_KSZ8081_GetLinkSpeedDuplex
 .text.PHY_KSZ8081_SetLinkSpeedDuplex
                0x00000a5c       0x90 ./phy/fsl_phyksz8081.o
                0x00000a5c                PHY_KSZ8081_SetLinkSpeedDuplex
 .text.PHY_KSZ8081_EnableLoopback
                0x00000aec      0x150 ./phy/fsl_phyksz8081.o
                0x00000aec                PHY_KSZ8081_EnableLoopback
 .text.ENET_MDIO_Init
                0x00000c3c       0x44 ./mdio/fsl_enet_mdio.o
 .text.ENET_MDIO_Read
                0x00000c80       0x74 ./mdio/fsl_enet_mdio.o
 .text.ENET_MDIO_ReadExt
                0x00000cf4       0x98 ./mdio/fsl_enet_mdio.o
 .text.CLOCK_SetEr32kClock
                0x00000d8c       0x30 ./drivers/fsl_clock.o
 .text.CLOCK_SetPllFllSelClock
                0x00000dbc       0x54 ./drivers/fsl_clock.o
 .text.CLOCK_GetMcgExtClkFreq
                0x00000e10       0x7c ./drivers/fsl_clock.o
 .text.CLOCK_GetFllExtRefClkFreq
                0x00000e8c       0xb0 ./drivers/fsl_clock.o
 .text.CLOCK_GetInternalRefClkSelectFreq
                0x00000f3c       0x4c ./drivers/fsl_clock.o
 .text.CLOCK_GetFllRefClkFreq
                0x00000f88       0x34 ./drivers/fsl_clock.o
 .text.CLOCK_GetOscRangeFromFreq
                0x00000fbc       0x3c ./drivers/fsl_clock.o
 .text.CLOCK_GetOsc0ErClkUndivFreq
                0x00000ff8       0x44 ./drivers/fsl_clock.o
                0x00000ff8                CLOCK_GetOsc0ErClkUndivFreq
 .text.CLOCK_GetOsc0ErClkDivFreq
                0x0000103c       0x58 ./drivers/fsl_clock.o
                0x0000103c                CLOCK_GetOsc0ErClkDivFreq
 .text.CLOCK_GetEr32kClkFreq
                0x00001094       0x74 ./drivers/fsl_clock.o
                0x00001094                CLOCK_GetEr32kClkFreq
 .text.CLOCK_GetPllFllSelClkFreq
                0x00001108       0x90 ./drivers/fsl_clock.o
                0x00001108                CLOCK_GetPllFllSelClkFreq
 .text.CLOCK_GetCoreSysClkFreq
                0x00001198       0x28 ./drivers/fsl_clock.o
                0x00001198                CLOCK_GetCoreSysClkFreq
 .text.CLOCK_GetFreq
                0x000011c0      0x148 ./drivers/fsl_clock.o
                0x000011c0                CLOCK_GetFreq
 .text.CLOCK_SetSimConfig
                0x00001308       0x40 ./drivers/fsl_clock.o
                0x00001308                CLOCK_SetSimConfig
 .text.CLOCK_GetOutClkFreq
                0x00001348       0x90 ./drivers/fsl_clock.o
                0x00001348                CLOCK_GetOutClkFreq
 .text.CLOCK_GetFllFreq
                0x000013d8       0x84 ./drivers/fsl_clock.o
                0x000013d8                CLOCK_GetFllFreq
 .text.CLOCK_GetInternalRefClkFreq
                0x0000145c       0x30 ./drivers/fsl_clock.o
                0x0000145c                CLOCK_GetInternalRefClkFreq
 .text.CLOCK_GetPll0Freq
                0x0000148c       0x7c ./drivers/fsl_clock.o
                0x0000148c                CLOCK_GetPll0Freq
 .text.CLOCK_GetExtPllFreq
                0x00001508       0x18 ./drivers/fsl_clock.o
                0x00001508                CLOCK_GetExtPllFreq
 .text.CLOCK_SetExternalRefClkConfig
                0x00001520       0x6c ./drivers/fsl_clock.o
                0x00001520                CLOCK_SetExternalRefClkConfig
 .text.CLOCK_SetInternalRefClkConfig
                0x0000158c      0x104 ./drivers/fsl_clock.o
                0x0000158c                CLOCK_SetInternalRefClkConfig
 .text.CLOCK_EnablePll0
                0x00001690       0x88 ./drivers/fsl_clock.o
                0x00001690                CLOCK_EnablePll0
 .text.CLOCK_InitOsc0
                0x00001718       0x8c ./drivers/fsl_clock.o
                0x00001718                CLOCK_InitOsc0
 .text.CLOCK_SetPbeMode
                0x000017a4       0xe8 ./drivers/fsl_clock.o
                0x000017a4                CLOCK_SetPbeMode
 .text.CLOCK_BootToPeeMode
                0x0000188c       0x68 ./drivers/fsl_clock.o
                0x0000188c                CLOCK_BootToPeeMode
 .text.__NVIC_EnableIRQ
                0x000018f4       0x3c ./drivers/fsl_enet.o
 .text.ENET_GetInstance
                0x00001930       0x44 ./drivers/fsl_enet.o
                0x00001930                ENET_GetInstance
 .text.ENET_GetDefaultConfig
                0x00001974       0x4c ./drivers/fsl_enet.o
                0x00001974                ENET_GetDefaultConfig
 .text.ENET_Up  0x000019c0       0xb8 ./drivers/fsl_enet.o
                0x000019c0                ENET_Up
 .text.ENET_Init
                0x00001a78       0x48 ./drivers/fsl_enet.o
                0x00001a78                ENET_Init
 .text.ENET_SetRxISRHandler
                0x00001ac0       0x30 ./drivers/fsl_enet.o
                0x00001ac0                ENET_SetRxISRHandler
 .text.ENET_SetTxISRHandler
                0x00001af0       0x30 ./drivers/fsl_enet.o
                0x00001af0                ENET_SetTxISRHandler
 .text.ENET_SetErrISRHandler
                0x00001b20       0x30 ./drivers/fsl_enet.o
                0x00001b20                ENET_SetErrISRHandler
 .text.ENET_SetHandler
                0x00001b50      0x1a8 ./drivers/fsl_enet.o
 .text.ENET_SetMacController
                0x00001cf8      0x250 ./drivers/fsl_enet.o
 .text.ENET_SetTxBufferDescriptors
                0x00001f48       0xe4 ./drivers/fsl_enet.o
 .text.ENET_SetRxBufferDescriptors
                0x0000202c       0xfc ./drivers/fsl_enet.o
 .text.ENET_RxBufferAllocAll
                0x00002128       0xcc ./drivers/fsl_enet.o
 .text.ENET_RxBufferFreeAll
                0x000021f4       0xc4 ./drivers/fsl_enet.o
 .text.ENET_ActiveReadRing
                0x000022b8       0x44 ./drivers/fsl_enet.o
 .text.ENET_ActiveSendRing
                0x000022fc       0x4c ./drivers/fsl_enet.o
 .text.ENET_SetSMI
                0x00002348       0xa0 ./drivers/fsl_enet.o
                0x00002348                ENET_SetSMI
 .text.ENET_IncreaseIndex
                0x000023e8       0x40 ./drivers/fsl_enet.o
 .text.ENET_GetRxErrBeforeReadFrame
                0x00002428      0x108 ./drivers/fsl_enet.o
                0x00002428                ENET_GetRxErrBeforeReadFrame
 .text.ENET_GetRxFrameSize
                0x00002530      0x128 ./drivers/fsl_enet.o
                0x00002530                ENET_GetRxFrameSize
 .text.ENET_ReadFrame
                0x00002658      0x188 ./drivers/fsl_enet.o
                0x00002658                ENET_ReadFrame
 .text.ENET_UpdateReadBuffers
                0x000027e0       0x94 ./drivers/fsl_enet.o
 .text.ENET_SendFrame
                0x00002874      0x378 ./drivers/fsl_enet.o
                0x00002874                ENET_SendFrame
 .text.ENET_ReclaimTxDescriptor
                0x00002bec      0x10c ./drivers/fsl_enet.o
                0x00002bec                ENET_ReclaimTxDescriptor
 .text.ENET_TransmitIRQHandler
                0x00002cf8       0x8c ./drivers/fsl_enet.o
                0x00002cf8                ENET_TransmitIRQHandler
 .text.ENET_ReceiveIRQHandler
                0x00002d84       0x5c ./drivers/fsl_enet.o
                0x00002d84                ENET_ReceiveIRQHandler
 .text.ENET_ErrorIRQHandler
                0x00002de0       0x90 ./drivers/fsl_enet.o
                0x00002de0                ENET_ErrorIRQHandler
 .text.ENET_Ptp1588IRQHandler
                0x00002e70       0x44 ./drivers/fsl_enet.o
                0x00002e70                ENET_Ptp1588IRQHandler
 .text.ENET_TxIRQHandler
                0x00002eb4       0x48 ./drivers/fsl_enet.o
                0x00002eb4                ENET_TxIRQHandler
 .text.ENET_RxIRQHandler
                0x00002efc       0x44 ./drivers/fsl_enet.o
                0x00002efc                ENET_RxIRQHandler
 .text.ENET_ErrIRQHandler
                0x00002f40       0x44 ./drivers/fsl_enet.o
                0x00002f40                ENET_ErrIRQHandler
 .text.ENET_Transmit_DriverIRQHandler
                0x00002f84       0x18 ./drivers/fsl_enet.o
                0x00002f84                ENET_Transmit_DriverIRQHandler
 .text.ENET_Receive_DriverIRQHandler
                0x00002f9c       0x18 ./drivers/fsl_enet.o
                0x00002f9c                ENET_Receive_DriverIRQHandler
 .text.ENET_Error_DriverIRQHandler
                0x00002fb4       0x18 ./drivers/fsl_enet.o
                0x00002fb4                ENET_Error_DriverIRQHandler
 .text.ENET_1588_Timer_DriverIRQHandler
                0x00002fcc       0x18 ./drivers/fsl_enet.o
                0x00002fcc                ENET_1588_Timer_DriverIRQHandler
 .text.LPUART0_DriverIRQHandler
                0x00002fe4       0x28 ./drivers/fsl_lpuart.o
                0x00002fe4                LPUART0_DriverIRQHandler
 .text.UART0_DriverIRQHandler
                0x0000300c       0x28 ./drivers/fsl_uart.o
                0x0000300c                UART0_DriverIRQHandler
 .text.UART1_DriverIRQHandler
                0x00003034       0x28 ./drivers/fsl_uart.o
                0x00003034                UART1_DriverIRQHandler
 .text.UART2_DriverIRQHandler
                0x0000305c       0x28 ./drivers/fsl_uart.o
                0x0000305c                UART2_DriverIRQHandler
 .text.UART3_DriverIRQHandler
                0x00003084       0x28 ./drivers/fsl_uart.o
                0x00003084                UART3_DriverIRQHandler
 .text.UART4_DriverIRQHandler
                0x000030ac       0x28 ./drivers/fsl_uart.o
                0x000030ac                UART4_DriverIRQHandler
 .text.SystemInit
                0x000030d4       0x3c ./device/system_MK66F18.o
                0x000030d4                SystemInit
 .text.CLOCK_SetSimSafeDivs
                0x00003110       0x24 ./board/clock_config.o
 .text.CLOCK_SetXtal0Freq
                0x00003134       0x20 ./board/clock_config.o
 .text.CLOCK_CONFIG_SetFllExtRefDiv
                0x00003154       0x3c ./board/clock_config.o
 .text.BOARD_BootClockRUN
                0x00003190       0x60 ./board/clock_config.o
                0x00003190                BOARD_BootClockRUN
 .text.PORT_SetPinConfig
                0x000031f0       0x38 ./board/pin_mux.o
 .text.BOARD_InitPins
                0x00003228       0xe0 ./board/pin_mux.o
                0x00003228                BOARD_InitPins
 .text.malloc   0x00003308       0xe8 /Applications/MCUXpressoIDE_11.9.0_2144/ide/plugins/com.nxp.mcuxpresso.tools.macosx_11.9.0.202307121226/tools/bin/../lib/gcc/arm-none-eabi/12.3.1/../../../../arm-none-eabi/lib/thumb/v7e-m+fp/hard/libcr_c.a(alloc.o)
                0x00003308                malloc
 .text._Csys_alloc
                0x000033f0       0x20 /Applications/MCUXpressoIDE_11.9.0_2144/ide/plugins/com.nxp.mcuxpresso.tools.macosx_11.9.0.202307121226/tools/bin/../lib/gcc/arm-none-eabi/12.3.1/../../../../arm-none-eabi/lib/thumb/v7e-m+fp/hard/libcr_c.a(alloc.o)
                0x000033f0                _Csys_alloc
 .text._initio  0x00003410       0x78 /Applications/MCUXpressoIDE_11.9.0_2144/ide/plugins/com.nxp.mcuxpresso.tools.macosx_11.9.0.202307121226/tools/bin/../lib/gcc/arm-none-eabi/12.3.1/../../../../arm-none-eabi/lib/thumb/v7e-m+fp/hard/libcr_c.a(initio.o)
                0x00003410                _initio
 .text.__vfprintf
                0x00003488      0xb80 /Applications/MCUXpressoIDE_11.9.0_2144/ide/plugins/com.nxp.mcuxpresso.tools.macosx_11.9.0.202307121226/tools/bin/../lib/gcc/arm-none-eabi/12.3.1/../../../../arm-none-eabi/lib/thumb/v7e-m+fp/hard/libcr_c.a(printf.o)
                0x00003488                __vfprintf
 .text._vsnprintf
                0x00004008       0x68 /Applications/MCUXpressoIDE_11.9.0_2144/ide/plugins/com.nxp.mcuxpresso.tools.macosx_11.9.0.202307121226/tools/bin/../lib/gcc/arm-none-eabi/12.3.1/../../../../arm-none-eabi/lib/thumb/v7e-m+fp/hard/libcr_c.a(printf.o)
                0x00004008                _vsnprintf
 .text._printf  0x00004070       0x54 /Applications/MCUXpressoIDE_11.9.0_2144/ide/plugins/com.nxp.mcuxpresso.tools.macosx_11.9.0.202307121226/tools/bin/../lib/gcc/arm-none-eabi/12.3.1/../../../../arm-none-eabi/lib/thumb/v7e-m+fp/hard/libcr_c.a(printf.o)
                0x00004070                _printf
 .text._sbrk    0x000040c4       0x3c /Applications/MCUXpressoIDE_11.9.0_2144/ide/plugins/com.nxp.mcuxpresso.tools.macosx_11.9.0.202307121226/tools/bin/../lib/gcc/arm-none-eabi/12.3.1/../../../../arm-none-eabi/lib/thumb/v7e-m+fp/hard/libcr_c.a(_cr_sbrk.o)
                0x000040c4                _sbrk
 .text._Cwritebuf
                0x00004100       0x6c /Applications/MCUXpressoIDE_11.9.0_2144/ide/plugins/com.nxp.mcuxpresso.tools.macosx_11.9.0.202307121226/tools/bin/../lib/gcc/arm-none-eabi/12.3.1/../../../../arm-none-eabi/lib/thumb/v7e-m+fp/hard/libcr_c.a(_writebuf.o)
                0x00004100                _Cwritebuf
 .text.fflush   0x0000416c       0x3c /Applications/MCUXpressoIDE_11.9.0_2144/ide/plugins/com.nxp.mcuxpresso.tools.macosx_11.9.0.202307121226/tools/bin/../lib/gcc/arm-none-eabi/12.3.1/../../../../arm-none-eabi/lib/thumb/v7e-m+fp/hard/libcr_c.a(fflush.o)
                0x0000416c                fflush
 .text.fseek    0x000041a8       0xf8 /Applications/MCUXpressoIDE_11.9.0_2144/ide/plugins/com.nxp.mcuxpresso.tools.macosx_11.9.0.202307121226/tools/bin/../lib/gcc/arm-none-eabi/12.3.1/../../../../arm-none-eabi/lib/thumb/v7e-m+fp/hard/libcr_c.a(fseek.o)
                0x000041a8                fseek
 .text.ftell    0x000042a0       0x44 /Applications/MCUXpressoIDE_11.9.0_2144/ide/plugins/com.nxp.mcuxpresso.tools.macosx_11.9.0.202307121226/tools/bin/../lib/gcc/arm-none-eabi/12.3.1/../../../../arm-none-eabi/lib/thumb/v7e-m+fp/hard/libcr_c.a(ftell.o)
                0x000042a0                ftell
 .text.__check_heap_overflow
                0x000042e4       0x18 /Applications/MCUXpressoIDE_11.9.0_2144/ide/plugins/com.nxp.mcuxpresso.tools.macosx_11.9.0.202307121226/tools/bin/../lib/gcc/arm-none-eabi/12.3.1/../../../../arm-none-eabi/lib/thumb/v7e-m+fp/hard/libcr_c.a(_cr_check_heap.o)
                0x000042e4                __check_heap_overflow
 .text.__sys_appexit
                0x000042fc        0xc /Applications/MCUXpressoIDE_11.9.0_2144/ide/plugins/com.nxp.mcuxpresso.tools.macosx_11.9.0.202307121226/tools/bin/../lib/gcc/arm-none-eabi/12.3.1/../../../../arm-none-eabi/lib/thumb/v7e-m+fp/hard/libcr_semihost_nf.a(__sys_appexit.o)
                0x000042fc                __exit
                0x000042fc                __sys_appexit
 .text.DMA0_DMA16_IRQHandler
                0x00004308        0x8 ./startup/startup_mk66f18.o
                0x00004308                DMA0_DMA16_IRQHandler
 .text.DMA1_DMA17_IRQHandler
                0x00004310        0x8 ./startup/startup_mk66f18.o
                0x00004310                DMA1_DMA17_IRQHandler
 .text.DMA2_DMA18_IRQHandler
                0x00004318        0x8 ./startup/startup_mk66f18.o
                0x00004318                DMA2_DMA18_IRQHandler
 .text.DMA3_DMA19_IRQHandler
                0x00004320        0x8 ./startup/startup_mk66f18.o
                0x00004320                DMA3_DMA19_IRQHandler
 .text.DMA4_DMA20_IRQHandler
                0x00004328        0x8 ./startup/startup_mk66f18.o
                0x00004328                DMA4_DMA20_IRQHandler
 .text.DMA5_DMA21_IRQHandler
                0x00004330        0x8 ./startup/startup_mk66f18.o
                0x00004330                DMA5_DMA21_IRQHandler
 .text.DMA6_DMA22_IRQHandler
                0x00004338        0x8 ./startup/startup_mk66f18.o
                0x00004338                DMA6_DMA22_IRQHandler
 .text.DMA7_DMA23_IRQHandler
                0x00004340        0x8 ./startup/startup_mk66f18.o
                0x00004340                DMA7_DMA23_IRQHandler
 .text.DMA8_DMA24_IRQHandler
                0x00004348        0x8 ./startup/startup_mk66f18.o
                0x00004348                DMA8_DMA24_IRQHandler
 .text.DMA9_DMA25_IRQHandler
                0x00004350        0x8 ./startup/startup_mk66f18.o
                0x00004350                DMA9_DMA25_IRQHandler
 .text.DMA10_DMA26_IRQHandler
                0x00004358        0x8 ./startup/startup_mk66f18.o
                0x00004358                DMA10_DMA26_IRQHandler
 .text.DMA11_DMA27_IRQHandler
                0x00004360        0x8 ./startup/startup_mk66f18.o
                0x00004360                DMA11_DMA27_IRQHandler
 .text.DMA12_DMA28_IRQHandler
                0x00004368        0x8 ./startup/startup_mk66f18.o
                0x00004368                DMA12_DMA28_IRQHandler
 .text.DMA13_DMA29_IRQHandler
                0x00004370        0x8 ./startup/startup_mk66f18.o
                0x00004370                DMA13_DMA29_IRQHandler
 .text.DMA14_DMA30_IRQHandler
                0x00004378        0x8 ./startup/startup_mk66f18.o
                0x00004378                DMA14_DMA30_IRQHandler
 .text.DMA15_DMA31_IRQHandler
                0x00004380        0x8 ./startup/startup_mk66f18.o
                0x00004380                DMA15_DMA31_IRQHandler
 .text.DMA_Error_IRQHandler
                0x00004388        0x8 ./startup/startup_mk66f18.o
                0x00004388                DMA_Error_IRQHandler
 .text.MCM_IRQHandler
                0x00004390        0x8 ./startup/startup_mk66f18.o
                0x00004390                MCM_IRQHandler
 .text.FTFE_IRQHandler
                0x00004398        0x8 ./startup/startup_mk66f18.o
                0x00004398                FTFE_IRQHandler
 .text.Read_Collision_IRQHandler
                0x000043a0        0x8 ./startup/startup_mk66f18.o
                0x000043a0                Read_Collision_IRQHandler
 .text.LVD_LVW_IRQHandler
                0x000043a8        0x8 ./startup/startup_mk66f18.o
                0x000043a8                LVD_LVW_IRQHandler
 .text.LLWU_IRQHandler
                0x000043b0        0x8 ./startup/startup_mk66f18.o
                0x000043b0                LLWU_IRQHandler
 .text.WDOG_EWM_IRQHandler
                0x000043b8        0x8 ./startup/startup_mk66f18.o
                0x000043b8                WDOG_EWM_IRQHandler
 .text.RNG_IRQHandler
                0x000043c0        0x8 ./startup/startup_mk66f18.o
                0x000043c0                RNG_IRQHandler
 .text.I2C0_IRQHandler
                0x000043c8        0x8 ./startup/startup_mk66f18.o
                0x000043c8                I2C0_IRQHandler
 .text.I2C1_IRQHandler
                0x000043d0        0x8 ./startup/startup_mk66f18.o
                0x000043d0                I2C1_IRQHandler
 .text.SPI0_IRQHandler
                0x000043d8        0x8 ./startup/startup_mk66f18.o
                0x000043d8                SPI0_IRQHandler
 .text.SPI1_IRQHandler
                0x000043e0        0x8 ./startup/startup_mk66f18.o
                0x000043e0                SPI1_IRQHandler
 .text.I2S0_Tx_IRQHandler
                0x000043e8        0x8 ./startup/startup_mk66f18.o
                0x000043e8                I2S0_Tx_IRQHandler
 .text.I2S0_Rx_IRQHandler
                0x000043f0        0x8 ./startup/startup_mk66f18.o
                0x000043f0                I2S0_Rx_IRQHandler
 .text.Reserved46_IRQHandler
                0x000043f8        0x8 ./startup/startup_mk66f18.o
                0x000043f8                Reserved46_IRQHandler
 .text.UART0_RX_TX_IRQHandler
                0x00004400        0x8 ./startup/startup_mk66f18.o
                0x00004400                UART0_RX_TX_IRQHandler
 .text.UART0_ERR_IRQHandler
                0x00004408        0x8 ./startup/startup_mk66f18.o
                0x00004408                UART0_ERR_IRQHandler
 .text.UART1_RX_TX_IRQHandler
                0x00004410        0x8 ./startup/startup_mk66f18.o
                0x00004410                UART1_RX_TX_IRQHandler
 .text.UART1_ERR_IRQHandler
                0x00004418        0x8 ./startup/startup_mk66f18.o
                0x00004418                UART1_ERR_IRQHandler
 .text.UART2_RX_TX_IRQHandler
                0x00004420        0x8 ./startup/startup_mk66f18.o
                0x00004420                UART2_RX_TX_IRQHandler
 .text.UART2_ERR_IRQHandler
                0x00004428        0x8 ./startup/startup_mk66f18.o
                0x00004428                UART2_ERR_IRQHandler
 .text.UART3_RX_TX_IRQHandler
                0x00004430        0x8 ./startup/startup_mk66f18.o
                0x00004430                UART3_RX_TX_IRQHandler
 .text.UART3_ERR_IRQHandler
                0x00004438        0x8 ./startup/startup_mk66f18.o
                0x00004438                UART3_ERR_IRQHandler
 .text.ADC0_IRQHandler
                0x00004440        0x8 ./startup/startup_mk66f18.o
                0x00004440                ADC0_IRQHandler
 .text.CMP0_IRQHandler
                0x00004448        0x8 ./startup/startup_mk66f18.o
                0x00004448                CMP0_IRQHandler
 .text.CMP1_IRQHandler
                0x00004450        0x8 ./startup/startup_mk66f18.o
                0x00004450                CMP1_IRQHandler
 .text.FTM0_IRQHandler
                0x00004458        0x8 ./startup/startup_mk66f18.o
                0x00004458                FTM0_IRQHandler
 .text.FTM1_IRQHandler
                0x00004460        0x8 ./startup/startup_mk66f18.o
                0x00004460                FTM1_IRQHandler
 .text.FTM2_IRQHandler
                0x00004468        0x8 ./startup/startup_mk66f18.o
                0x00004468                FTM2_IRQHandler
 .text.CMT_IRQHandler
                0x00004470        0x8 ./startup/startup_mk66f18.o
                0x00004470                CMT_IRQHandler
 .text.RTC_IRQHandler
                0x00004478        0x8 ./startup/startup_mk66f18.o
                0x00004478                RTC_IRQHandler
 .text.RTC_Seconds_IRQHandler
                0x00004480        0x8 ./startup/startup_mk66f18.o
                0x00004480                RTC_Seconds_IRQHandler
 .text.PIT0_IRQHandler
                0x00004488        0x8 ./startup/startup_mk66f18.o
                0x00004488                PIT0_IRQHandler
 .text.PIT1_IRQHandler
                0x00004490        0x8 ./startup/startup_mk66f18.o
                0x00004490                PIT1_IRQHandler
 .text.PIT2_IRQHandler
                0x00004498        0x8 ./startup/startup_mk66f18.o
                0x00004498                PIT2_IRQHandler
 .text.PIT3_IRQHandler
                0x000044a0        0x8 ./startup/startup_mk66f18.o
                0x000044a0                PIT3_IRQHandler
 .text.PDB0_IRQHandler
                0x000044a8        0x8 ./startup/startup_mk66f18.o
                0x000044a8                PDB0_IRQHandler
 .text.USB0_IRQHandler
                0x000044b0        0x8 ./startup/startup_mk66f18.o
                0x000044b0                USB0_IRQHandler
 .text.USBDCD_IRQHandler
                0x000044b8        0x8 ./startup/startup_mk66f18.o
                0x000044b8                USBDCD_IRQHandler
 .text.Reserved71_IRQHandler
                0x000044c0        0x8 ./startup/startup_mk66f18.o
                0x000044c0                Reserved71_IRQHandler
 .text.DAC0_IRQHandler
                0x000044c8        0x8 ./startup/startup_mk66f18.o
                0x000044c8                DAC0_IRQHandler
 .text.MCG_IRQHandler
                0x000044d0        0x8 ./startup/startup_mk66f18.o
                0x000044d0                MCG_IRQHandler
 .text.LPTMR0_IRQHandler
                0x000044d8        0x8 ./startup/startup_mk66f18.o
                0x000044d8                LPTMR0_IRQHandler
 .text.PORTA_IRQHandler
                0x000044e0        0x8 ./startup/startup_mk66f18.o
                0x000044e0                PORTA_IRQHandler
 .text.PORTB_IRQHandler
                0x000044e8        0x8 ./startup/startup_mk66f18.o
                0x000044e8                PORTB_IRQHandler
 .text.PORTC_IRQHandler
                0x000044f0        0x8 ./startup/startup_mk66f18.o
                0x000044f0                PORTC_IRQHandler
 .text.PORTD_IRQHandler
                0x000044f8        0x8 ./startup/startup_mk66f18.o
                0x000044f8                PORTD_IRQHandler
 .text.PORTE_IRQHandler
                0x00004500        0x8 ./startup/startup_mk66f18.o
                0x00004500                PORTE_IRQHandler
 .text.SWI_IRQHandler
                0x00004508        0x8 ./startup/startup_mk66f18.o
                0x00004508                SWI_IRQHandler
 .text.SPI2_IRQHandler
                0x00004510        0x8 ./startup/startup_mk66f18.o
                0x00004510                SPI2_IRQHandler
 .text.UART4_RX_TX_IRQHandler
                0x00004518        0x8 ./startup/startup_mk66f18.o
                0x00004518                UART4_RX_TX_IRQHandler
 .text.UART4_ERR_IRQHandler
                0x00004520        0x8 ./startup/startup_mk66f18.o
                0x00004520                UART4_ERR_IRQHandler
 .text.Reserved84_IRQHandler
                0x00004528        0x8 ./startup/startup_mk66f18.o
                0x00004528                Reserved84_IRQHandler
 .text.Reserved85_IRQHandler
                0x00004530        0x8 ./startup/startup_mk66f18.o
                0x00004530                Reserved85_IRQHandler
 .text.CMP2_IRQHandler
                0x00004538        0x8 ./startup/startup_mk66f18.o
                0x00004538                CMP2_IRQHandler
 .text.FTM3_IRQHandler
                0x00004540        0x8 ./startup/startup_mk66f18.o
                0x00004540                FTM3_IRQHandler
 .text.DAC1_IRQHandler
                0x00004548        0x8 ./startup/startup_mk66f18.o
                0x00004548                DAC1_IRQHandler
 .text.ADC1_IRQHandler
                0x00004550        0x8 ./startup/startup_mk66f18.o
                0x00004550                ADC1_IRQHandler
 .text.I2C2_IRQHandler
                0x00004558        0x8 ./startup/startup_mk66f18.o
                0x00004558                I2C2_IRQHandler
 .text.CAN0_ORed_Message_buffer_IRQHandler
                0x00004560        0x8 ./startup/startup_mk66f18.o
                0x00004560                CAN0_ORed_Message_buffer_IRQHandler
 .text.CAN0_Bus_Off_IRQHandler
                0x00004568        0x8 ./startup/startup_mk66f18.o
                0x00004568                CAN0_Bus_Off_IRQHandler
 .text.CAN0_Error_IRQHandler
                0x00004570        0x8 ./startup/startup_mk66f18.o
                0x00004570                CAN0_Error_IRQHandler
 .text.CAN0_Tx_Warning_IRQHandler
                0x00004578        0x8 ./startup/startup_mk66f18.o
                0x00004578                CAN0_Tx_Warning_IRQHandler
 .text.CAN0_Rx_Warning_IRQHandler
                0x00004580        0x8 ./startup/startup_mk66f18.o
                0x00004580                CAN0_Rx_Warning_IRQHandler
 .text.CAN0_Wake_Up_IRQHandler
                0x00004588        0x8 ./startup/startup_mk66f18.o
                0x00004588                CAN0_Wake_Up_IRQHandler
 .text.SDHC_IRQHandler
                0x00004590        0x8 ./startup/startup_mk66f18.o
                0x00004590                SDHC_IRQHandler
 .text.ENET_1588_Timer_IRQHandler
                0x00004598        0x8 ./startup/startup_mk66f18.o
                0x00004598                ENET_1588_Timer_IRQHandler
 .text.ENET_Transmit_IRQHandler
                0x000045a0        0x8 ./startup/startup_mk66f18.o
                0x000045a0                ENET_Transmit_IRQHandler
 .text.ENET_Receive_IRQHandler
                0x000045a8        0x8 ./startup/startup_mk66f18.o
                0x000045a8                ENET_Receive_IRQHandler
 .text.ENET_Error_IRQHandler
                0x000045b0        0x8 ./startup/startup_mk66f18.o
                0x000045b0                ENET_Error_IRQHandler
 .text.LPUART0_IRQHandler
                0x000045b8        0x8 ./startup/startup_mk66f18.o
                0x000045b8                LPUART0_IRQHandler
 .text.TSI0_IRQHandler
                0x000045c0        0x8 ./startup/startup_mk66f18.o
                0x000045c0                TSI0_IRQHandler
 .text.TPM1_IRQHandler
                0x000045c8        0x8 ./startup/startup_mk66f18.o
                0x000045c8                TPM1_IRQHandler
 .text.TPM2_IRQHandler
                0x000045d0        0x8 ./startup/startup_mk66f18.o
                0x000045d0                TPM2_IRQHandler
 .text.USBHSDCD_IRQHandler
                0x000045d8        0x8 ./startup/startup_mk66f18.o
                0x000045d8                USBHSDCD_IRQHandler
 .text.I2C3_IRQHandler
                0x000045e0        0x8 ./startup/startup_mk66f18.o
                0x000045e0                I2C3_IRQHandler
 .text.CMP3_IRQHandler
                0x000045e8        0x8 ./startup/startup_mk66f18.o
                0x000045e8                CMP3_IRQHandler
 .text.USBHS_IRQHandler
                0x000045f0        0x8 ./startup/startup_mk66f18.o
                0x000045f0                USBHS_IRQHandler
 .text.CAN1_ORed_Message_buffer_IRQHandler
                0x000045f8        0x8 ./startup/startup_mk66f18.o
                0x000045f8                CAN1_ORed_Message_buffer_IRQHandler
 .text.CAN1_Bus_Off_IRQHandler
                0x00004600        0x8 ./startup/startup_mk66f18.o
                0x00004600                CAN1_Bus_Off_IRQHandler
 .text.CAN1_Error_IRQHandler
                0x00004608        0x8 ./startup/startup_mk66f18.o
                0x00004608                CAN1_Error_IRQHandler
 .text.CAN1_Tx_Warning_IRQHandler
                0x00004610        0x8 ./startup/startup_mk66f18.o
                0x00004610                CAN1_Tx_Warning_IRQHandler
 .text.CAN1_Rx_Warning_IRQHandler
                0x00004618        0x8 ./startup/startup_mk66f18.o
                0x00004618                CAN1_Rx_Warning_IRQHandler
 .text.CAN1_Wake_Up_IRQHandler
                0x00004620        0x8 ./startup/startup_mk66f18.o
                0x00004620                CAN1_Wake_Up_IRQHandler
 .text.ENET_ActiveRead
                0x00004628       0x1c ./source/enet_txrx_transfer.o
 .text.PHY_Init
                0x00004644       0x20 ./source/enet_txrx_transfer.o
 .text.PHY_GetAutoNegotiationStatus
                0x00004664       0x20 ./source/enet_txrx_transfer.o
 .text.PHY_GetLinkStatus
                0x00004684       0x20 ./source/enet_txrx_transfer.o
 .text.PHY_GetLinkSpeedDuplex
                0x000046a4       0x24 ./source/enet_txrx_transfer.o
 .text.SYSMPU_Enable
                0x000046c8       0x38 ./source/enet_txrx_transfer.o
 .text.HardFault_Handler
                0x00004700       0x36 ./source/semihost_hardfault.o
                0x00004700                HardFault_Handler
 .text.MDIO_Init
                0x00004736       0x1a ./phy/fsl_phyksz8081.o
 .text.MDIO_Write
                0x00004750       0x28 ./phy/fsl_phyksz8081.o
 .text.MDIO_Read
                0x00004778       0x28 ./phy/fsl_phyksz8081.o
 .text.PHY_KSZ8081_Write
                0x000047a0       0x26 ./phy/fsl_phyksz8081.o
                0x000047a0                PHY_KSZ8081_Write
 .text.PHY_KSZ8081_Read
                0x000047c6       0x26 ./phy/fsl_phyksz8081.o
                0x000047c6                PHY_KSZ8081_Read
 .text.CLOCK_EnableClock
                0x000047ec       0x34 ./mdio/fsl_enet_mdio.o
 .text.ENET_ReadSMIData
                0x00004820       0x1a ./mdio/fsl_enet_mdio.o
 .text.ENET_GetInterruptStatus
                0x0000483a       0x18 ./mdio/fsl_enet_mdio.o
 .text.ENET_ClearInterruptStatus
                0x00004852       0x1c ./mdio/fsl_enet_mdio.o
 .text.ENET_MDIO_Write
                0x0000486e       0x5c ./mdio/fsl_enet_mdio.o
 .text.ENET_MDIO_WriteExt
                0x000048ca       0x7e ./mdio/fsl_enet_mdio.o
 .text.ENET_MDIO_WaitTransferOver
                0x00004948       0x2a ./mdio/fsl_enet_mdio.o
 .text.OSC_SetExtRefClkConfig
                0x00004972       0x40 ./drivers/fsl_clock.o
 .text.OSC_SetCapLoad
                0x000049b2       0x34 ./drivers/fsl_clock.o
 .text.CLOCK_GetPll0RefFreq
                0x000049e6        0xe ./drivers/fsl_clock.o
 .text.CLOCK_GetFixedFreqClkFreq
                0x000049f4       0x34 ./drivers/fsl_clock.o
                0x000049f4                CLOCK_GetFixedFreqClkFreq
 .text.CLOCK_EnableClock
                0x00004a28       0x34 ./drivers/fsl_enet.o
 .text.EnableIRQ
                0x00004a5c       0x32 ./drivers/fsl_enet.o
 .text.DisableGlobalIRQ
                0x00004a8e       0x22 ./drivers/fsl_enet.o
 .text.EnableGlobalIRQ
                0x00004ab0       0x20 ./drivers/fsl_enet.o
 .text.ENET_Reset
                0x00004ad0       0x20 ./drivers/fsl_enet.o
 .text.ENET_GetSMI
                0x00004af0       0x26 ./drivers/fsl_enet.o
 .text.ENET_EnableSleepMode
                0x00004b16       0x38 ./drivers/fsl_enet.o
 .text.ENET_EnableInterrupts
                0x00004b4e       0x22 ./drivers/fsl_enet.o
 .text.ENET_SetMacAddr
                0x00004b70       0x5e ./drivers/fsl_enet.o
                0x00004b70                ENET_SetMacAddr
 .text.ENET_StartSMIWrite
                0x00004bce       0x50 ./drivers/fsl_enet.o
                0x00004bce                ENET_StartSMIWrite
 .text.ENET_StartSMIRead
                0x00004c1e       0x4a ./drivers/fsl_enet.o
                0x00004c1e                ENET_StartSMIRead
 .text.ENET_StartExtC45SMIWriteReg
                0x00004c68       0x4e ./drivers/fsl_enet.o
                0x00004c68                ENET_StartExtC45SMIWriteReg
 .text.ENET_StartExtC45SMIWriteData
                0x00004cb6       0x52 ./drivers/fsl_enet.o
                0x00004cb6                ENET_StartExtC45SMIWriteData
 .text.ENET_StartExtC45SMIReadData
                0x00004d08       0x4a ./drivers/fsl_enet.o
                0x00004d08                ENET_StartExtC45SMIReadData
 .text.ENET_TxDirtyRingAvailable
                0x00004d52       0x2e ./drivers/fsl_enet.o
 .text.UART0_RX_TX_DriverIRQHandler
                0x00004d80       0x12 ./drivers/fsl_uart.o
                0x00004d80                UART0_RX_TX_DriverIRQHandler
 .text.UART1_RX_TX_DriverIRQHandler
                0x00004d92       0x12 ./drivers/fsl_uart.o
                0x00004d92                UART1_RX_TX_DriverIRQHandler
 .text.UART2_RX_TX_DriverIRQHandler
                0x00004da4       0x12 ./drivers/fsl_uart.o
                0x00004da4                UART2_RX_TX_DriverIRQHandler
 .text.UART3_RX_TX_DriverIRQHandler
                0x00004db6       0x12 ./drivers/fsl_uart.o
                0x00004db6                UART3_RX_TX_DriverIRQHandler
 .text.UART4_RX_TX_DriverIRQHandler
                0x00004dc8       0x12 ./drivers/fsl_uart.o
                0x00004dc8                UART4_RX_TX_DriverIRQHandler
 .text.SystemInitHook
                0x00004dda        0xe ./device/system_MK66F18.o
                0x00004dda                SystemInitHook
 .text.DbgConsole_Init
                0x00004de8       0x20 ./board/board.o
 .text.BOARD_InitDebugConsole
                0x00004e08       0x22 ./board/board.o
                0x00004e08                BOARD_InitDebugConsole
 .text.BOARD_InitBootClocks
                0x00004e2a        0xc ./board/clock_config.o
                0x00004e2a                BOARD_InitBootClocks
 .text.CLOCK_EnableClock
                0x00004e36       0x34 ./board/pin_mux.o
 .text.PORT_SetPinMux
                0x00004e6a       0x3a ./board/pin_mux.o
 .text.BOARD_InitBootPins
                0x00004ea4        0xc ./board/pin_mux.o
                0x00004ea4                BOARD_InitBootPins
 .text.__main   0x00004eb0        0xe /Applications/MCUXpressoIDE_11.9.0_2144/ide/plugins/com.nxp.mcuxpresso.tools.macosx_11.9.0.202307121226/tools/bin/../lib/gcc/arm-none-eabi/12.3.1/../../../../arm-none-eabi/lib/thumb/v7e-m+fp/hard/libcr_semihost_nf.a(_cr__main.o)
                0x00004eb0                __main
                0x00004eb0                __CR_SEMIHOST
 .text.memcpy   0x00004ebe        0x4 /Applications/MCUXpressoIDE_11.9.0_2144/ide/plugins/com.nxp.mcuxpresso.tools.macosx_11.9.0.202307121226/tools/bin/../lib/gcc/arm-none-eabi/12.3.1/../../../../arm-none-eabi/lib/thumb/v7e-m+fp/hard/libcr_c.a(memcpy.o)
                0x00004ebe                memcpy
 .text.memset   0x00004ec2        0x4 /Applications/MCUXpressoIDE_11.9.0_2144/ide/plugins/com.nxp.mcuxpresso.tools.macosx_11.9.0.202307121226/tools/bin/../lib/gcc/arm-none-eabi/12.3.1/../../../../arm-none-eabi/lib/thumb/v7e-m+fp/hard/libcr_c.a(memset.o)
                0x00004ec2                memset
 .text.free     0x00004ec6       0x30 /Applications/MCUXpressoIDE_11.9.0_2144/ide/plugins/com.nxp.mcuxpresso.tools.macosx_11.9.0.202307121226/tools/bin/../lib/gcc/arm-none-eabi/12.3.1/../../../../arm-none-eabi/lib/thumb/v7e-m+fp/hard/libcr_c.a(alloc.o)
                0x00004ec6                free
 .text.no_fp_display
                0x00004ef6        0x4 /Applications/MCUXpressoIDE_11.9.0_2144/ide/plugins/com.nxp.mcuxpresso.tools.macosx_11.9.0.202307121226/tools/bin/../lib/gcc/arm-none-eabi/12.3.1/../../../../arm-none-eabi/lib/thumb/v7e-m+fp/hard/libcr_c.a(printf.o)
 .text.setvbuf  0x00004efa       0x3e /Applications/MCUXpressoIDE_11.9.0_2144/ide/plugins/com.nxp.mcuxpresso.tools.macosx_11.9.0.202307121226/tools/bin/../lib/gcc/arm-none-eabi/12.3.1/../../../../arm-none-eabi/lib/thumb/v7e-m+fp/hard/libcr_c.a(setvbuf.o)
                0x00004efa                setvbuf
 .text.strlen   0x00004f38       0x4e /Applications/MCUXpressoIDE_11.9.0_2144/ide/plugins/com.nxp.mcuxpresso.tools.macosx_11.9.0.202307121226/tools/bin/../lib/gcc/arm-none-eabi/12.3.1/../../../../arm-none-eabi/lib/thumb/v7e-m+fp/hard/libcr_c.a(strlen.o)
                0x00004f38                strlen
 .text._deferredlazyseek
                0x00004f86       0x40 /Applications/MCUXpressoIDE_11.9.0_2144/ide/plugins/com.nxp.mcuxpresso.tools.macosx_11.9.0.202307121226/tools/bin/../lib/gcc/arm-none-eabi/12.3.1/../../../../arm-none-eabi/lib/thumb/v7e-m+fp/hard/libcr_c.a(_deferredlazyseek.o)
                0x00004f86                _deferredlazyseek
 .text.__flsbuf
                0x00004fc6      0x140 /Applications/MCUXpressoIDE_11.9.0_2144/ide/plugins/com.nxp.mcuxpresso.tools.macosx_11.9.0.202307121226/tools/bin/../lib/gcc/arm-none-eabi/12.3.1/../../../../arm-none-eabi/lib/thumb/v7e-m+fp/hard/libcr_c.a(_deferredlazyseek.o)
                0x00004fc6                __flsbuf
 .text._fdopen  0x00005106       0x68 /Applications/MCUXpressoIDE_11.9.0_2144/ide/plugins/com.nxp.mcuxpresso.tools.macosx_11.9.0.202307121226/tools/bin/../lib/gcc/arm-none-eabi/12.3.1/../../../../arm-none-eabi/lib/thumb/v7e-m+fp/hard/libcr_c.a(_fdopen.o)
                0x00005106                _fdopen
 .text._fflush  0x0000516e       0x52 /Applications/MCUXpressoIDE_11.9.0_2144/ide/plugins/com.nxp.mcuxpresso.tools.macosx_11.9.0.202307121226/tools/bin/../lib/gcc/arm-none-eabi/12.3.1/../../../../arm-none-eabi/lib/thumb/v7e-m+fp/hard/libcr_c.a(_fflush.o)
                0x0000516e                _fflush
 .text.fclose   0x000051c0       0x58 /Applications/MCUXpressoIDE_11.9.0_2144/ide/plugins/com.nxp.mcuxpresso.tools.macosx_11.9.0.202307121226/tools/bin/../lib/gcc/arm-none-eabi/12.3.1/../../../../arm-none-eabi/lib/thumb/v7e-m+fp/hard/libcr_c.a(fclose.o)
                0x000051c0                fclose
 .text.remove   0x00005218       0x14 /Applications/MCUXpressoIDE_11.9.0_2144/ide/plugins/com.nxp.mcuxpresso.tools.macosx_11.9.0.202307121226/tools/bin/../lib/gcc/arm-none-eabi/12.3.1/../../../../arm-none-eabi/lib/thumb/v7e-m+fp/hard/libcr_c.a(remove.o)
                0x00005218                remove
 .text._do_fflush
                0x0000522c       0x40 /Applications/MCUXpressoIDE_11.9.0_2144/ide/plugins/com.nxp.mcuxpresso.tools.macosx_11.9.0.202307121226/tools/bin/../lib/gcc/arm-none-eabi/12.3.1/../../../../arm-none-eabi/lib/thumb/v7e-m+fp/hard/libcr_c.a(_do_fflush.o)
                0x0000522c                _do_fflush
 .text.__aeabi_memcpy
                0x0000526c       0x34 /Applications/MCUXpressoIDE_11.9.0_2144/ide/plugins/com.nxp.mcuxpresso.tools.macosx_11.9.0.202307121226/tools/bin/../lib/gcc/arm-none-eabi/12.3.1/thumb/v7e-m+fp/hard/libcr_eabihelpers.a(memcpy.o)
                0x0000526c                __aeabi_memcpy
                0x00005276                __aeabi_memcpy4
                0x00005276                __aeabi_memcpy8
 .text.__aeabi_memset_lowlevel
                0x000052a0       0x32 /Applications/MCUXpressoIDE_11.9.0_2144/ide/plugins/com.nxp.mcuxpresso.tools.macosx_11.9.0.202307121226/tools/bin/../lib/gcc/arm-none-eabi/12.3.1/thumb/v7e-m+fp/hard/libcr_eabihelpers.a(memcpy.o)
                0x000052a0                __aeabi_lowlevel_memset
 .text.__sys_close
                0x000052d2        0xc /Applications/MCUXpressoIDE_11.9.0_2144/ide/plugins/com.nxp.mcuxpresso.tools.macosx_11.9.0.202307121226/tools/bin/../lib/gcc/arm-none-eabi/12.3.1/../../../../arm-none-eabi/lib/thumb/v7e-m+fp/hard/libcr_semihost_nf.a(__sys_close.o)
                0x000052d2                __sys_close
 .text.__sys_flen
                0x000052de        0xc /Applications/MCUXpressoIDE_11.9.0_2144/ide/plugins/com.nxp.mcuxpresso.tools.macosx_11.9.0.202307121226/tools/bin/../lib/gcc/arm-none-eabi/12.3.1/../../../../arm-none-eabi/lib/thumb/v7e-m+fp/hard/libcr_semihost_nf.a(__sys_flen.o)
                0x000052de                __sys_flen
 .text.__sys_istty
                0x000052ea        0xc /Applications/MCUXpressoIDE_11.9.0_2144/ide/plugins/com.nxp.mcuxpresso.tools.macosx_11.9.0.202307121226/tools/bin/../lib/gcc/arm-none-eabi/12.3.1/../../../../arm-none-eabi/lib/thumb/v7e-m+fp/hard/libcr_semihost_nf.a(__sys_istty.o)
                0x000052ea                __sys_istty
 .text.__sys_remove
                0x000052f6        0xc /Applications/MCUXpressoIDE_11.9.0_2144/ide/plugins/com.nxp.mcuxpresso.tools.macosx_11.9.0.202307121226/tools/bin/../lib/gcc/arm-none-eabi/12.3.1/../../../../arm-none-eabi/lib/thumb/v7e-m+fp/hard/libcr_semihost_nf.a(__sys_remove.o)
                0x000052f6                __sys_remove
 .text.__sys_seek
                0x00005302        0xc /Applications/MCUXpressoIDE_11.9.0_2144/ide/plugins/com.nxp.mcuxpresso.tools.macosx_11.9.0.202307121226/tools/bin/../lib/gcc/arm-none-eabi/12.3.1/../../../../arm-none-eabi/lib/thumb/v7e-m+fp/hard/libcr_semihost_nf.a(__sys_seek.o)
                0x00005302                __sys_seek
 .text.__sys_tmpnam
                0x0000530e        0xc /Applications/MCUXpressoIDE_11.9.0_2144/ide/plugins/com.nxp.mcuxpresso.tools.macosx_11.9.0.202307121226/tools/bin/../lib/gcc/arm-none-eabi/12.3.1/../../../../arm-none-eabi/lib/thumb/v7e-m+fp/hard/libcr_semihost_nf.a(__sys_tmpnam.o)
                0x0000530e                __sys_tmpnam
 .text.__sys_write
                0x0000531a        0xc /Applications/MCUXpressoIDE_11.9.0_2144/ide/plugins/com.nxp.mcuxpresso.tools.macosx_11.9.0.202307121226/tools/bin/../lib/gcc/arm-none-eabi/12.3.1/../../../../arm-none-eabi/lib/thumb/v7e-m+fp/hard/libcr_semihost_nf.a(__sys_write.o)
                0x0000531a                __sys_write
 *(SORT_BY_ALIGNMENT(.rodata) SORT_BY_ALIGNMENT(.rodata.*) SORT_BY_ALIGNMENT(.constdata) SORT_BY_ALIGNMENT(.constdata.*))
 *fill*         0x00005326        0x2 ff
 .rodata.__assertion_failed.str1.4
                0x00005328       0x14 ./utilities/fsl_assert.o
 .rodata.main.str1.4
                0x0000533c      0x168 ./source/enet_txrx_transfer.o
 .rodata        0x000054a4       0x20 ./source/enet_txrx_transfer.o
 .rodata.phyksz8081_ops
                0x000054c4       0x20 ./phy/fsl_phyksz8081.o
                0x000054c4                phyksz8081_ops
 .rodata.PHY_KSZ8081_Init.str1.4
                0x000054e4       0x37 ./phy/fsl_phyksz8081.o
 *fill*         0x0000551b        0x1 ff
 .rodata.PHY_KSZ8081_GetAutoNegotiationStatus.str1.4
                0x0000551c       0x1e ./phy/fsl_phyksz8081.o
 *fill*         0x0000553a        0x2 ff
 .rodata.PHY_KSZ8081_GetLinkStatus.str1.4
                0x0000553c       0x1e ./phy/fsl_phyksz8081.o
 *fill*         0x0000555a        0x2 ff
 .rodata.PHY_KSZ8081_GetLinkSpeedDuplex.str1.4
                0x0000555c       0x3e ./phy/fsl_phyksz8081.o
 *fill*         0x0000559a        0x2 ff
 .rodata.PHY_KSZ8081_SetLinkSpeedDuplex.str1.4
                0x0000559c       0x2f ./phy/fsl_phyksz8081.o
 *fill*         0x000055cb        0x1 ff
 .rodata.PHY_KSZ8081_EnableLoopback.str1.4
                0x000055cc       0x8f ./phy/fsl_phyksz8081.o
 *fill*         0x0000565b        0x1 ff
 .rodata.enet_ops
                0x0000565c       0x14 ./mdio/fsl_enet_mdio.o
                0x0000565c                enet_ops
 .rodata.ENET_MDIO_Read.str1.4
                0x00005670       0x25 ./mdio/fsl_enet_mdio.o
 *fill*         0x00005695        0x3 ff
 .rodata.ENET_MDIO_ReadExt.str1.4
                0x00005698       0x26 ./mdio/fsl_enet_mdio.o
 *fill*         0x000056be        0x2 ff
 .rodata.CLOCK_GetMcgExtClkFreq.str1.4
                0x000056c0       0x49 ./drivers/fsl_clock.o
 *fill*         0x00005709        0x3 ff
 .rodata.CLOCK_GetOsc0ErClkUndivFreq.str1.4
                0x0000570c       0x1e ./drivers/fsl_clock.o
 *fill*         0x0000572a        0x2 ff
 .rodata.CLOCK_GetOsc0ErClkDivFreq.str1.4
                0x0000572c       0x1e ./drivers/fsl_clock.o
 *fill*         0x0000574a        0x2 ff
 .rodata.CLOCK_GetEr32kClkFreq.str1.4
                0x0000574c       0x1f ./drivers/fsl_clock.o
 *fill*         0x0000576b        0x1 ff
 .rodata.CLOCK_GetPll0Freq.str1.4
                0x0000576c       0x1d ./drivers/fsl_clock.o
 *fill*         0x00005789        0x3 ff
 .rodata.CLOCK_EnablePll0.str1.4
                0x0000578c       0x1a ./drivers/fsl_clock.o
 *fill*         0x000057a6        0x2 ff
 .rodata.CLOCK_SetPbeMode.str1.4
                0x000057a8       0x1a ./drivers/fsl_clock.o
 *fill*         0x000057c2        0x2 ff
 .rodata.CLOCK_BootToPeeMode.str1.4
                0x000057c4       0x1a ./drivers/fsl_clock.o
 *fill*         0x000057de        0x2 ff
 .rodata.fllFactorTable.1
                0x000057e0       0x10 ./drivers/fsl_clock.o
 .rodata.s_enetClock
                0x000057f0        0x4 ./drivers/fsl_enet.o
                0x000057f0                s_enetClock
 .rodata.ENET_GetInstance.str1.4
                0x000057f4       0x34 ./drivers/fsl_enet.o
 .rodata.ENET_GetDefaultConfig.str1.4
                0x00005828       0x20 ./drivers/fsl_enet.o
 .rodata.ENET_Up.str1.4
                0x00005848       0xe0 ./drivers/fsl_enet.o
 .rodata.ENET_SetHandler.str1.4
                0x00005928       0x58 ./drivers/fsl_enet.o
 .rodata.ENET_SetTxBufferDescriptors.str1.4
                0x00005980       0x46 ./drivers/fsl_enet.o
 *fill*         0x000059c6        0x2 ff
 .rodata.ENET_SetRxBufferDescriptors.str1.4
                0x000059c8       0x8c ./drivers/fsl_enet.o
 .rodata.ENET_RxBufferAllocAll.str1.4
                0x00005a54       0x6b ./drivers/fsl_enet.o
 *fill*         0x00005abf        0x1 ff
 .rodata.ENET_RxBufferFreeAll.str1.4
                0x00005ac0       0x67 ./drivers/fsl_enet.o
 *fill*         0x00005b27        0x1 ff
 .rodata.ENET_ActiveReadRing.str1.4
                0x00005b28       0x64 ./drivers/fsl_enet.o
 .rodata.ENET_ActiveSendRing.str1.4
                0x00005b8c       0x4b ./drivers/fsl_enet.o
 *fill*         0x00005bd7        0x1 ff
 .rodata.ENET_SetSMI.str1.4
                0x00005bd8       0x45 ./drivers/fsl_enet.o
 *fill*         0x00005c1d        0x3 ff
 .rodata.ENET_IncreaseIndex.str1.4
                0x00005c20       0x1e ./drivers/fsl_enet.o
 *fill*         0x00005c3e        0x2 ff
 .rodata.ENET_GetRxErrBeforeReadFrame.str1.4
                0x00005c40       0x87 ./drivers/fsl_enet.o
 *fill*         0x00005cc7        0x1 ff
 .rodata.ENET_GetRxFrameSize.str1.4
                0x00005cc8       0x83 ./drivers/fsl_enet.o
 *fill*         0x00005d4b        0x1 ff
 .rodata.ENET_ReadFrame.str1.4
                0x00005d4c       0x6f ./drivers/fsl_enet.o
 *fill*         0x00005dbb        0x1 ff
 .rodata.ENET_UpdateReadBuffers.str1.4
                0x00005dbc       0x6f ./drivers/fsl_enet.o
 *fill*         0x00005e2b        0x1 ff
 .rodata.ENET_SendFrame.str1.4
                0x00005e2c       0x8f ./drivers/fsl_enet.o
 *fill*         0x00005ebb        0x1 ff
 .rodata.ENET_ReclaimTxDescriptor.str1.4
                0x00005ebc       0x4b ./drivers/fsl_enet.o
 *fill*         0x00005f07        0x1 ff
 .rodata.ENET_TransmitIRQHandler.str1.4
                0x00005f08       0x21 ./drivers/fsl_enet.o
 *fill*         0x00005f29        0x3 ff
 .rodata.ENET_ReceiveIRQHandler.str1.4
                0x00005f2c       0x21 ./drivers/fsl_enet.o
 *fill*         0x00005f4d        0x3 ff
 .rodata.ENET_ErrorIRQHandler.str1.4
                0x00005f50       0x21 ./drivers/fsl_enet.o
 *fill*         0x00005f71        0x3 ff
 .rodata.mcgConfig_BOARD_BootClockRUN
                0x00005f74        0xc ./board/clock_config.o
                0x00005f74                mcgConfig_BOARD_BootClockRUN
 .rodata.simConfig_BOARD_BootClockRUN
                0x00005f80        0x8 ./board/clock_config.o
                0x00005f80                simConfig_BOARD_BootClockRUN
 .rodata.oscConfig_BOARD_BootClockRUN
                0x00005f88        0x8 ./board/clock_config.o
                0x00005f88                oscConfig_BOARD_BootClockRUN
 .rodata.PORT_SetPinConfig.str1.4
                0x00005f90       0x77 ./board/pin_mux.o
 *fill*         0x00006007        0x1 ff
 .rodata.__num_Ciob_streams
                0x00006008        0x4 /Applications/MCUXpressoIDE_11.9.0_2144/ide/plugins/com.nxp.mcuxpresso.tools.macosx_11.9.0.202307121226/tools/bin/../lib/gcc/arm-none-eabi/12.3.1/../../../../arm-none-eabi/lib/thumb/v7e-m+fp/hard/libcr_semihost_nf.a(__ciob.o)
                0x00006008                __num_Ciob_streams
 .rodata._Csys_alloc.str1.1
                0x0000600c       0x18 /Applications/MCUXpressoIDE_11.9.0_2144/ide/plugins/com.nxp.mcuxpresso.tools.macosx_11.9.0.202307121226/tools/bin/../lib/gcc/arm-none-eabi/12.3.1/../../../../arm-none-eabi/lib/thumb/v7e-m+fp/hard/libcr_c.a(alloc.o)
 .rodata._initio.str1.1
                0x00006024        0x4 /Applications/MCUXpressoIDE_11.9.0_2144/ide/plugins/com.nxp.mcuxpresso.tools.macosx_11.9.0.202307121226/tools/bin/../lib/gcc/arm-none-eabi/12.3.1/../../../../arm-none-eabi/lib/thumb/v7e-m+fp/hard/libcr_c.a(initio.o)
 .rodata.__vfprintf.str1.1
                0x00006028       0x37 /Applications/MCUXpressoIDE_11.9.0_2144/ide/plugins/com.nxp.mcuxpresso.tools.macosx_11.9.0.202307121226/tools/bin/../lib/gcc/arm-none-eabi/12.3.1/../../../../arm-none-eabi/lib/thumb/v7e-m+fp/hard/libcr_c.a(printf.o)
                                 0x38 (size before relaxing)
                0x00006060                        . = ALIGN (0x8)
 *fill*         0x0000605f        0x1 ff

.glue_7         0x00006060        0x0
 .glue_7        0x00006060        0x0 linker stubs

.glue_7t        0x00006060        0x0
 .glue_7t       0x00006060        0x0 linker stubs

.vfp11_veneer   0x00006060        0x0
 .vfp11_veneer  0x00006060        0x0 linker stubs

.v4_bx          0x00006060        0x0
 .v4_bx         0x00006060        0x0 linker stubs

.iplt           0x00006060        0x0
 .iplt          0x00006060        0x0 ./utilities/fsl_assert.o

.rel.dyn        0x00006060        0x0
 .rel.iplt      0x00006060        0x0 ./utilities/fsl_assert.o

.ARM.extab
 *(SORT_BY_ALIGNMENT(.ARM.extab*) SORT_BY_ALIGNMENT(.gnu.linkonce.armextab.*))

.ARM.exidx      0x00006060        0x0
                0x00006060                        __exidx_start = .
 *(SORT_BY_ALIGNMENT(.ARM.exidx*) SORT_BY_ALIGNMENT(.gnu.linkonce.armexidx.*))
                0x00006060                        __exidx_end = .
                0x00006060                        _etext = .

.m_usb_data
 *(SORT_BY_ALIGNMENT(m_usb_bdt))

.data_RAM2      0x1fff0000        0x0 load address 0x00006060
 FILL mask 0xff
                [!provide]                        PROVIDE (__start_data_RAM2 = .)
                [!provide]                        PROVIDE (__start_data_SRAM_LOWER = .)
 *(SORT_BY_ALIGNMENT(.ramfunc.$RAM2))
 *(SORT_BY_ALIGNMENT(.ramfunc.$SRAM_LOWER))
 *(SORT_BY_ALIGNMENT(NonCacheable.init))
 *(SORT_BY_ALIGNMENT(.data.$RAM2))
 *(SORT_BY_ALIGNMENT(.data.$SRAM_LOWER))
 *(SORT_BY_ALIGNMENT(.data.$RAM2.*))
 *(SORT_BY_ALIGNMENT(.data.$SRAM_LOWER.*))
                0x1fff0000                        . = ALIGN (0x8)
                [!provide]                        PROVIDE (__end_data_RAM2 = .)
                [!provide]                        PROVIDE (__end_data_SRAM_LOWER = .)

.data_RAM3      0x14000000        0x0 load address 0x00006060
 FILL mask 0xff
                [!provide]                        PROVIDE (__start_data_RAM3 = .)
                [!provide]                        PROVIDE (__start_data_FLEX_RAM = .)
 *(SORT_BY_ALIGNMENT(.ramfunc.$RAM3))
 *(SORT_BY_ALIGNMENT(.ramfunc.$FLEX_RAM))
 *(SORT_BY_ALIGNMENT(.data.$RAM3))
 *(SORT_BY_ALIGNMENT(.data.$FLEX_RAM))
 *(SORT_BY_ALIGNMENT(.data.$RAM3.*))
 *(SORT_BY_ALIGNMENT(.data.$FLEX_RAM.*))
                0x14000000                        . = ALIGN (0x8)
                [!provide]                        PROVIDE (__end_data_RAM3 = .)
                [!provide]                        PROVIDE (__end_data_FLEX_RAM = .)

.uninit_RESERVED
                0x20000000        0x0
                0x20000000                        _start_uninit_RESERVED = .
 *(SORT_BY_ALIGNMENT(.bss.$RESERVED*))
                0x20000000                        . = ALIGN (0x8)
                0x20000000                        _end_uninit_RESERVED = .

.data           0x20000000       0x50 load address 0x00006060
 FILL mask 0xff
                0x20000000                        _data = .
                [!provide]                        PROVIDE (__start_data_RAM = .)
                [!provide]                        PROVIDE (__start_data_SRAM_UPPER = .)
 *(SORT_BY_ALIGNMENT(vtable))
 *(SORT_BY_ALIGNMENT(.ramfunc*))
 *(SORT_BY_ALIGNMENT(CodeQuickAccess))
 *(SORT_BY_ALIGNMENT(DataQuickAccess))
 *(SORT_BY_ALIGNMENT(RamFunction))
 *(SORT_BY_ALIGNMENT(.data*))
 .data.g_my_name
                0x20000000       0x18 ./source/enet_txrx_transfer.o
                0x20000000                g_my_name
 .data.g_dest_addr
                0x20000018        0x6 ./source/enet_txrx_transfer.o
                0x20000018                g_dest_addr
 *fill*         0x2000001e        0x2 ff
 .data.g_macAddr
                0x20000020        0x6 ./source/enet_txrx_transfer.o
                0x20000020                g_macAddr
 *fill*         0x20000026        0x2 ff
 .data.mdioHandle
                0x20000028        0xc ./source/enet_txrx_transfer.o
 .data.phyHandle
                0x20000034        0xc ./source/enet_txrx_transfer.o
 .data.s_slowIrcFreq
                0x20000040        0x4 ./drivers/fsl_clock.o
 .data.s_fastIrcFreq
                0x20000044        0x4 ./drivers/fsl_clock.o
 .data.SystemCoreClock
                0x20000048        0x4 ./device/system_MK66F18.o
                0x20000048                SystemCoreClock
                0x20000050                        . = ALIGN (0x8)
 *fill*         0x2000004c        0x4 ff
                0x20000050                        _edata = .
                [!provide]                        PROVIDE (__end_data_RAM = .)
                [!provide]                        PROVIDE (__end_data_SRAM_UPPER = .)

.igot.plt       0x20000050        0x0 load address 0x000060b0
 .igot.plt      0x20000050        0x0 ./utilities/fsl_assert.o

.bss_RAM2       0x1fff0000       0x40
                [!provide]                        PROVIDE (__start_bss_RAM2 = .)
                [!provide]                        PROVIDE (__start_bss_SRAM_LOWER = .)
 *(SORT_BY_ALIGNMENT(NonCacheable))
 NonCacheable   0x1fff0000       0x40 ./source/enet_txrx_transfer.o
                0x1fff0000                g_rxBuffDescrip
                0x1fff0020                g_txBuffDescrip
 *(SORT_BY_ALIGNMENT(.bss.$RAM2))
 *(SORT_BY_ALIGNMENT(.bss.$SRAM_LOWER))
 *(SORT_BY_ALIGNMENT(.bss.$RAM2.*))
 *(SORT_BY_ALIGNMENT(.bss.$SRAM_LOWER.*))
                0x1fff0040                        . = ALIGN ((. != 0x0)?0x8:0x1)
                [!provide]                        PROVIDE (__end_bss_RAM2 = .)
                [!provide]                        PROVIDE (__end_bss_SRAM_LOWER = .)

.bss_RAM3       0x14000000        0x0
                [!provide]                        PROVIDE (__start_bss_RAM3 = .)
                [!provide]                        PROVIDE (__start_bss_FLEX_RAM = .)
 *(SORT_BY_ALIGNMENT(.bss.$RAM3))
 *(SORT_BY_ALIGNMENT(.bss.$FLEX_RAM))
 *(SORT_BY_ALIGNMENT(.bss.$RAM3.*))
 *(SORT_BY_ALIGNMENT(.bss.$FLEX_RAM.*))
                0x14000000                        . = ALIGN ((. != 0x0)?0x8:0x1)
                [!provide]                        PROVIDE (__end_bss_RAM3 = .)
                [!provide]                        PROVIDE (__end_bss_FLEX_RAM = .)

.bss            0x20000050     0x3158
                0x20000050                        _bss = .
                [!provide]                        PROVIDE (__start_bss_RAM = .)
                [!provide]                        PROVIDE (__start_bss_SRAM_UPPER = .)
 *(SORT_BY_ALIGNMENT(.bss*))
 .bss.g_rxDataBuff
                0x20000050     0x17c0 ./source/enet_txrx_transfer.o
                0x20000050                g_rxDataBuff
 .bss.g_txDataBuff
                0x20001810     0x17c0 ./source/enet_txrx_transfer.o
                0x20001810                g_txDataBuff
 .bss.g_handle  0x20002fd0       0x84 ./source/enet_txrx_transfer.o
                0x20002fd0                g_handle
 .bss.g_frame   0x20003054       0x4e ./source/enet_txrx_transfer.o
                0x20003054                g_frame
 *fill*         0x200030a2        0x2 
 .bss.s_extPllFreq
                0x200030a4        0x4 ./drivers/fsl_clock.o
 .bss.g_xtal0Freq
                0x200030a8        0x4 ./drivers/fsl_clock.o
                0x200030a8                g_xtal0Freq
 .bss.g_xtal32Freq
                0x200030ac        0x4 ./drivers/fsl_clock.o
                0x200030ac                g_xtal32Freq
 .bss.s_ENETHandle
                0x200030b0        0x4 ./drivers/fsl_enet.o
 .bss.s_enetTxIsr
                0x200030b4        0x4 ./drivers/fsl_enet.o
 .bss.s_enetRxIsr
                0x200030b8        0x4 ./drivers/fsl_enet.o
 .bss.s_enetErrIsr
                0x200030bc        0x4 ./drivers/fsl_enet.o
 .bss.s_enet1588TimerIsr
                0x200030c0        0x4 ./drivers/fsl_enet.o
 .bss.s_lpuartHandle
                0x200030c4        0x4 ./drivers/fsl_lpuart.o
                0x200030c4                s_lpuartHandle
 .bss.s_lpuartIsr
                0x200030c8        0x4 ./drivers/fsl_lpuart.o
                0x200030c8                s_lpuartIsr
 .bss.s_uartHandle
                0x200030cc       0x14 ./drivers/fsl_uart.o
                0x200030cc                s_uartHandle
 .bss.s_uartIsr
                0x200030e0        0x4 ./drivers/fsl_uart.o
                0x200030e0                s_uartIsr
 .bss.__end_of_heap
                0x200030e4        0x4 /Applications/MCUXpressoIDE_11.9.0_2144/ide/plugins/com.nxp.mcuxpresso.tools.macosx_11.9.0.202307121226/tools/bin/../lib/gcc/arm-none-eabi/12.3.1/../../../../arm-none-eabi/lib/thumb/v7e-m+fp/hard/libcr_c.a(__init_alloc.o)
                0x200030e4                __end_of_heap
 .bss.__heaps   0x200030e8        0x4 /Applications/MCUXpressoIDE_11.9.0_2144/ide/plugins/com.nxp.mcuxpresso.tools.macosx_11.9.0.202307121226/tools/bin/../lib/gcc/arm-none-eabi/12.3.1/../../../../arm-none-eabi/lib/thumb/v7e-m+fp/hard/libcr_c.a(__init_alloc.o)
                0x200030e8                __heaps
 .bss.errno     0x200030ec        0x4 /Applications/MCUXpressoIDE_11.9.0_2144/ide/plugins/com.nxp.mcuxpresso.tools.macosx_11.9.0.202307121226/tools/bin/../lib/gcc/arm-none-eabi/12.3.1/../../../../arm-none-eabi/lib/thumb/v7e-m+fp/hard/libcr_c.a(errno.o)
                0x200030ec                errno
 .bss.__Ciob    0x200030f0       0xb4 /Applications/MCUXpressoIDE_11.9.0_2144/ide/plugins/com.nxp.mcuxpresso.tools.macosx_11.9.0.202307121226/tools/bin/../lib/gcc/arm-none-eabi/12.3.1/../../../../arm-none-eabi/lib/thumb/v7e-m+fp/hard/libcr_semihost_nf.a(__ciob.o)
                0x200030f0                __Ciob
 *(SORT_BY_ALIGNMENT(COMMON))
                0x200031a8                        . = ALIGN (0x8)
 *fill*         0x200031a4        0x4 
                0x200031a8                        _ebss = .
                [!provide]                        PROVIDE (__end_bss_RAM = .)
                [!provide]                        PROVIDE (__end_bss_SRAM_UPPER = .)
                [!provide]                        PROVIDE (end = .)

.noinit_RAM2    0x1fff0040        0x0
                [!provide]                        PROVIDE (__start_noinit_RAM2 = .)
                [!provide]                        PROVIDE (__start_noinit_SRAM_LOWER = .)
 *(SORT_BY_ALIGNMENT(.noinit.$RAM2))
 *(SORT_BY_ALIGNMENT(.noinit.$SRAM_LOWER))
 *(SORT_BY_ALIGNMENT(.noinit.$RAM2.*))
 *(SORT_BY_ALIGNMENT(.noinit.$SRAM_LOWER.*))
                0x1fff0040                        . = ALIGN (0x8)
                [!provide]                        PROVIDE (__end_noinit_RAM2 = .)
                [!provide]                        PROVIDE (__end_noinit_SRAM_LOWER = .)

.noinit_RAM3    0x14000000        0x0
                [!provide]                        PROVIDE (__start_noinit_RAM3 = .)
                [!provide]                        PROVIDE (__start_noinit_FLEX_RAM = .)
 *(SORT_BY_ALIGNMENT(.noinit.$RAM3))
 *(SORT_BY_ALIGNMENT(.noinit.$FLEX_RAM))
 *(SORT_BY_ALIGNMENT(.noinit.$RAM3.*))
 *(SORT_BY_ALIGNMENT(.noinit.$FLEX_RAM.*))
                0x14000000                        . = ALIGN (0x8)
                [!provide]                        PROVIDE (__end_noinit_RAM3 = .)
                [!provide]                        PROVIDE (__end_noinit_FLEX_RAM = .)

.noinit         0x200031a8        0x0
                0x200031a8                        _noinit = .
                [!provide]                        PROVIDE (__start_noinit_RAM = .)
                [!provide]                        PROVIDE (__start_noinit_SRAM_UPPER = .)
 *(SORT_BY_ALIGNMENT(.noinit*))
                0x200031a8                        . = ALIGN (0x8)
                0x200031a8                        _end_noinit = .
                [!provide]                        PROVIDE (__end_noinit_RAM = .)
                [!provide]                        PROVIDE (__end_noinit_SRAM_UPPER = .)
                0x00001000                        _HeapSize = 0x1000

.heap           0x200031a8     0x1000
                0x200031a8                        _pvHeapStart = .
                0x200041a8                        . = (. + _HeapSize)
 *fill*         0x200031a8     0x1000 
                0x200041a8                        . = ALIGN (0x8)
                0x200041a8                        _pvHeapLimit = .
                0x00001000                        _StackSize = 0x1000

.heap2stackfill
                0x200041a8     0x1000
                0x200051a8                        . = (. + _StackSize)
 *fill*         0x200041a8     0x1000 

.stack          0x2002f000        0x0
                0x2002f000                        _vStackBase = .
                0x2002f000                        . = ALIGN (0x8)
                0x20030000                        _vStackTop = (. + _StackSize)
                0x00000000                        _image_start = LOADADDR (.text)
                0x000060b0                        _image_end = (LOADADDR (.data) + SIZEOF (.data))
                0x000060b0                        _image_size = (_image_end - _image_start)
OUTPUT(REm_enet_txrx_transfer.axf elf32-littlearm)
LOAD linker stubs

.debug_info     0x00000000    0x1502f
 .debug_info    0x00000000       0xcc ./utilities/fsl_assert.o
 .debug_info    0x000000cc      0xe90 ./startup/startup_mk66f18.o
 .debug_info    0x00000f5c     0x1f65 ./source/enet_txrx_transfer.o
 .debug_info    0x00002ec1       0x3c ./source/semihost_hardfault.o
 .debug_info    0x00002efd      0xb73 ./phy/fsl_phyksz8081.o
 .debug_info    0x00003a70     0x135b ./mdio/fsl_enet_mdio.o
 .debug_info    0x00004dcb     0x296f ./drivers/fsl_clock.o
 .debug_info    0x0000773a     0x3bda ./drivers/fsl_enet.o
 .debug_info    0x0000b314     0x1e86 ./drivers/fsl_lpuart.o
 .debug_info    0x0000d19a     0x20dd ./drivers/fsl_uart.o
 .debug_info    0x0000f277      0xa4e ./device/system_MK66F18.o
 .debug_info    0x0000fcc5      0x19d ./board/board.o
 .debug_info    0x0000fe62      0xdfb ./board/clock_config.o
 .debug_info    0x00010c5d      0x897 ./board/pin_mux.o
 .debug_info    0x000114f4       0x85 /Applications/MCUXpressoIDE_11.9.0_2144/ide/plugins/com.nxp.mcuxpresso.tools.macosx_11.9.0.202307121226/tools/bin/../lib/gcc/arm-none-eabi/12.3.1/../../../../arm-none-eabi/lib/thumb/v7e-m+fp/hard/libcr_semihost_nf.a(_cr__main.o)
 .debug_info    0x00011579      0x119 /Applications/MCUXpressoIDE_11.9.0_2144/ide/plugins/com.nxp.mcuxpresso.tools.macosx_11.9.0.202307121226/tools/bin/../lib/gcc/arm-none-eabi/12.3.1/../../../../arm-none-eabi/lib/thumb/v7e-m+fp/hard/libcr_c.a(memcpy.o)
 .debug_info    0x00011692       0xe3 /Applications/MCUXpressoIDE_11.9.0_2144/ide/plugins/com.nxp.mcuxpresso.tools.macosx_11.9.0.202307121226/tools/bin/../lib/gcc/arm-none-eabi/12.3.1/../../../../arm-none-eabi/lib/thumb/v7e-m+fp/hard/libcr_c.a(memset.o)
 .debug_info    0x00011775      0x506 /Applications/MCUXpressoIDE_11.9.0_2144/ide/plugins/com.nxp.mcuxpresso.tools.macosx_11.9.0.202307121226/tools/bin/../lib/gcc/arm-none-eabi/12.3.1/../../../../arm-none-eabi/lib/thumb/v7e-m+fp/hard/libcr_c.a(alloc.o)
 .debug_info    0x00011c7b      0x339 /Applications/MCUXpressoIDE_11.9.0_2144/ide/plugins/com.nxp.mcuxpresso.tools.macosx_11.9.0.202307121226/tools/bin/../lib/gcc/arm-none-eabi/12.3.1/../../../../arm-none-eabi/lib/thumb/v7e-m+fp/hard/libcr_c.a(initio.o)
 .debug_info    0x00011fb4     0x1268 /Applications/MCUXpressoIDE_11.9.0_2144/ide/plugins/com.nxp.mcuxpresso.tools.macosx_11.9.0.202307121226/tools/bin/../lib/gcc/arm-none-eabi/12.3.1/../../../../arm-none-eabi/lib/thumb/v7e-m+fp/hard/libcr_c.a(printf.o)
 .debug_info    0x0001321c      0x1f6 /Applications/MCUXpressoIDE_11.9.0_2144/ide/plugins/com.nxp.mcuxpresso.tools.macosx_11.9.0.202307121226/tools/bin/../lib/gcc/arm-none-eabi/12.3.1/../../../../arm-none-eabi/lib/thumb/v7e-m+fp/hard/libcr_c.a(setvbuf.o)
 .debug_info    0x00013412       0xda /Applications/MCUXpressoIDE_11.9.0_2144/ide/plugins/com.nxp.mcuxpresso.tools.macosx_11.9.0.202307121226/tools/bin/../lib/gcc/arm-none-eabi/12.3.1/../../../../arm-none-eabi/lib/thumb/v7e-m+fp/hard/libcr_c.a(strlen.o)
 .debug_info    0x000134ec       0xd4 /Applications/MCUXpressoIDE_11.9.0_2144/ide/plugins/com.nxp.mcuxpresso.tools.macosx_11.9.0.202307121226/tools/bin/../lib/gcc/arm-none-eabi/12.3.1/../../../../arm-none-eabi/lib/thumb/v7e-m+fp/hard/libcr_c.a(__init_alloc.o)
 .debug_info    0x000135c0      0x100 /Applications/MCUXpressoIDE_11.9.0_2144/ide/plugins/com.nxp.mcuxpresso.tools.macosx_11.9.0.202307121226/tools/bin/../lib/gcc/arm-none-eabi/12.3.1/../../../../arm-none-eabi/lib/thumb/v7e-m+fp/hard/libcr_c.a(_cr_sbrk.o)
 .debug_info    0x000136c0      0x362 /Applications/MCUXpressoIDE_11.9.0_2144/ide/plugins/com.nxp.mcuxpresso.tools.macosx_11.9.0.202307121226/tools/bin/../lib/gcc/arm-none-eabi/12.3.1/../../../../arm-none-eabi/lib/thumb/v7e-m+fp/hard/libcr_c.a(_deferredlazyseek.o)
 .debug_info    0x00013a22      0x244 /Applications/MCUXpressoIDE_11.9.0_2144/ide/plugins/com.nxp.mcuxpresso.tools.macosx_11.9.0.202307121226/tools/bin/../lib/gcc/arm-none-eabi/12.3.1/../../../../arm-none-eabi/lib/thumb/v7e-m+fp/hard/libcr_c.a(_fdopen.o)
 .debug_info    0x00013c66      0x1e3 /Applications/MCUXpressoIDE_11.9.0_2144/ide/plugins/com.nxp.mcuxpresso.tools.macosx_11.9.0.202307121226/tools/bin/../lib/gcc/arm-none-eabi/12.3.1/../../../../arm-none-eabi/lib/thumb/v7e-m+fp/hard/libcr_c.a(_fflush.o)
 .debug_info    0x00013e49      0x282 /Applications/MCUXpressoIDE_11.9.0_2144/ide/plugins/com.nxp.mcuxpresso.tools.macosx_11.9.0.202307121226/tools/bin/../lib/gcc/arm-none-eabi/12.3.1/../../../../arm-none-eabi/lib/thumb/v7e-m+fp/hard/libcr_c.a(_writebuf.o)
 .debug_info    0x000140cb       0x44 /Applications/MCUXpressoIDE_11.9.0_2144/ide/plugins/com.nxp.mcuxpresso.tools.macosx_11.9.0.202307121226/tools/bin/../lib/gcc/arm-none-eabi/12.3.1/../../../../arm-none-eabi/lib/thumb/v7e-m+fp/hard/libcr_c.a(errno.o)
 .debug_info    0x0001410f      0x318 /Applications/MCUXpressoIDE_11.9.0_2144/ide/plugins/com.nxp.mcuxpresso.tools.macosx_11.9.0.202307121226/tools/bin/../lib/gcc/arm-none-eabi/12.3.1/../../../../arm-none-eabi/lib/thumb/v7e-m+fp/hard/libcr_c.a(fclose.o)
 .debug_info    0x00014427      0x202 /Applications/MCUXpressoIDE_11.9.0_2144/ide/plugins/com.nxp.mcuxpresso.tools.macosx_11.9.0.202307121226/tools/bin/../lib/gcc/arm-none-eabi/12.3.1/../../../../arm-none-eabi/lib/thumb/v7e-m+fp/hard/libcr_c.a(fflush.o)
 .debug_info    0x00014629      0x276 /Applications/MCUXpressoIDE_11.9.0_2144/ide/plugins/com.nxp.mcuxpresso.tools.macosx_11.9.0.202307121226/tools/bin/../lib/gcc/arm-none-eabi/12.3.1/../../../../arm-none-eabi/lib/thumb/v7e-m+fp/hard/libcr_c.a(fseek.o)
 .debug_info    0x0001489f      0x190 /Applications/MCUXpressoIDE_11.9.0_2144/ide/plugins/com.nxp.mcuxpresso.tools.macosx_11.9.0.202307121226/tools/bin/../lib/gcc/arm-none-eabi/12.3.1/../../../../arm-none-eabi/lib/thumb/v7e-m+fp/hard/libcr_c.a(ftell.o)
 .debug_info    0x00014a2f      0x1ca /Applications/MCUXpressoIDE_11.9.0_2144/ide/plugins/com.nxp.mcuxpresso.tools.macosx_11.9.0.202307121226/tools/bin/../lib/gcc/arm-none-eabi/12.3.1/../../../../arm-none-eabi/lib/thumb/v7e-m+fp/hard/libcr_c.a(remove.o)
 .debug_info    0x00014bf9       0x71 /Applications/MCUXpressoIDE_11.9.0_2144/ide/plugins/com.nxp.mcuxpresso.tools.macosx_11.9.0.202307121226/tools/bin/../lib/gcc/arm-none-eabi/12.3.1/../../../../arm-none-eabi/lib/thumb/v7e-m+fp/hard/libcr_c.a(_cr_check_heap.o)
 .debug_info    0x00014c6a      0x23a /Applications/MCUXpressoIDE_11.9.0_2144/ide/plugins/com.nxp.mcuxpresso.tools.macosx_11.9.0.202307121226/tools/bin/../lib/gcc/arm-none-eabi/12.3.1/../../../../arm-none-eabi/lib/thumb/v7e-m+fp/hard/libcr_c.a(_do_fflush.o)
 .debug_info    0x00014ea4      0x18b /Applications/MCUXpressoIDE_11.9.0_2144/ide/plugins/com.nxp.mcuxpresso.tools.macosx_11.9.0.202307121226/tools/bin/../lib/gcc/arm-none-eabi/12.3.1/../../../../arm-none-eabi/lib/thumb/v7e-m+fp/hard/libcr_semihost_nf.a(__ciob.o)

.debug_abbrev   0x00000000     0x3980
 .debug_abbrev  0x00000000       0x90 ./utilities/fsl_assert.o
 .debug_abbrev  0x00000090      0x17a ./startup/startup_mk66f18.o
 .debug_abbrev  0x0000020a      0x30e ./source/enet_txrx_transfer.o
 .debug_abbrev  0x00000518       0x31 ./source/semihost_hardfault.o
 .debug_abbrev  0x00000549      0x1c0 ./phy/fsl_phyksz8081.o
 .debug_abbrev  0x00000709      0x2b8 ./mdio/fsl_enet_mdio.o
 .debug_abbrev  0x000009c1      0x381 ./drivers/fsl_clock.o
 .debug_abbrev  0x00000d42      0x428 ./drivers/fsl_enet.o
 .debug_abbrev  0x0000116a      0x43f ./drivers/fsl_lpuart.o
 .debug_abbrev  0x000015a9      0x45d ./drivers/fsl_uart.o
 .debug_abbrev  0x00001a06      0x148 ./device/system_MK66F18.o
 .debug_abbrev  0x00001b4e       0xda ./board/board.o
 .debug_abbrev  0x00001c28      0x247 ./board/clock_config.o
 .debug_abbrev  0x00001e6f      0x22e ./board/pin_mux.o
 .debug_abbrev  0x0000209d       0x70 /Applications/MCUXpressoIDE_11.9.0_2144/ide/plugins/com.nxp.mcuxpresso.tools.macosx_11.9.0.202307121226/tools/bin/../lib/gcc/arm-none-eabi/12.3.1/../../../../arm-none-eabi/lib/thumb/v7e-m+fp/hard/libcr_semihost_nf.a(_cr__main.o)
 .debug_abbrev  0x0000210d       0xb6 /Applications/MCUXpressoIDE_11.9.0_2144/ide/plugins/com.nxp.mcuxpresso.tools.macosx_11.9.0.202307121226/tools/bin/../lib/gcc/arm-none-eabi/12.3.1/../../../../arm-none-eabi/lib/thumb/v7e-m+fp/hard/libcr_c.a(memcpy.o)
 .debug_abbrev  0x000021c3       0xa8 /Applications/MCUXpressoIDE_11.9.0_2144/ide/plugins/com.nxp.mcuxpresso.tools.macosx_11.9.0.202307121226/tools/bin/../lib/gcc/arm-none-eabi/12.3.1/../../../../arm-none-eabi/lib/thumb/v7e-m+fp/hard/libcr_c.a(memset.o)
 .debug_abbrev  0x0000226b      0x284 /Applications/MCUXpressoIDE_11.9.0_2144/ide/plugins/com.nxp.mcuxpresso.tools.macosx_11.9.0.202307121226/tools/bin/../lib/gcc/arm-none-eabi/12.3.1/../../../../arm-none-eabi/lib/thumb/v7e-m+fp/hard/libcr_c.a(alloc.o)
 .debug_abbrev  0x000024ef      0x169 /Applications/MCUXpressoIDE_11.9.0_2144/ide/plugins/com.nxp.mcuxpresso.tools.macosx_11.9.0.202307121226/tools/bin/../lib/gcc/arm-none-eabi/12.3.1/../../../../arm-none-eabi/lib/thumb/v7e-m+fp/hard/libcr_c.a(initio.o)
 .debug_abbrev  0x00002658      0x3ba /Applications/MCUXpressoIDE_11.9.0_2144/ide/plugins/com.nxp.mcuxpresso.tools.macosx_11.9.0.202307121226/tools/bin/../lib/gcc/arm-none-eabi/12.3.1/../../../../arm-none-eabi/lib/thumb/v7e-m+fp/hard/libcr_c.a(printf.o)
 .debug_abbrev  0x00002a12       0xe1 /Applications/MCUXpressoIDE_11.9.0_2144/ide/plugins/com.nxp.mcuxpresso.tools.macosx_11.9.0.202307121226/tools/bin/../lib/gcc/arm-none-eabi/12.3.1/../../../../arm-none-eabi/lib/thumb/v7e-m+fp/hard/libcr_c.a(setvbuf.o)
 .debug_abbrev  0x00002af3       0xa7 /Applications/MCUXpressoIDE_11.9.0_2144/ide/plugins/com.nxp.mcuxpresso.tools.macosx_11.9.0.202307121226/tools/bin/../lib/gcc/arm-none-eabi/12.3.1/../../../../arm-none-eabi/lib/thumb/v7e-m+fp/hard/libcr_c.a(strlen.o)
 .debug_abbrev  0x00002b9a       0xaf /Applications/MCUXpressoIDE_11.9.0_2144/ide/plugins/com.nxp.mcuxpresso.tools.macosx_11.9.0.202307121226/tools/bin/../lib/gcc/arm-none-eabi/12.3.1/../../../../arm-none-eabi/lib/thumb/v7e-m+fp/hard/libcr_c.a(__init_alloc.o)
 .debug_abbrev  0x00002c49       0xd3 /Applications/MCUXpressoIDE_11.9.0_2144/ide/plugins/com.nxp.mcuxpresso.tools.macosx_11.9.0.202307121226/tools/bin/../lib/gcc/arm-none-eabi/12.3.1/../../../../arm-none-eabi/lib/thumb/v7e-m+fp/hard/libcr_c.a(_cr_sbrk.o)
 .debug_abbrev  0x00002d1c      0x152 /Applications/MCUXpressoIDE_11.9.0_2144/ide/plugins/com.nxp.mcuxpresso.tools.macosx_11.9.0.202307121226/tools/bin/../lib/gcc/arm-none-eabi/12.3.1/../../../../arm-none-eabi/lib/thumb/v7e-m+fp/hard/libcr_c.a(_deferredlazyseek.o)
 .debug_abbrev  0x00002e6e      0x119 /Applications/MCUXpressoIDE_11.9.0_2144/ide/plugins/com.nxp.mcuxpresso.tools.macosx_11.9.0.202307121226/tools/bin/../lib/gcc/arm-none-eabi/12.3.1/../../../../arm-none-eabi/lib/thumb/v7e-m+fp/hard/libcr_c.a(_fdopen.o)
 .debug_abbrev  0x00002f87       0xf1 /Applications/MCUXpressoIDE_11.9.0_2144/ide/plugins/com.nxp.mcuxpresso.tools.macosx_11.9.0.202307121226/tools/bin/../lib/gcc/arm-none-eabi/12.3.1/../../../../arm-none-eabi/lib/thumb/v7e-m+fp/hard/libcr_c.a(_fflush.o)
 .debug_abbrev  0x00003078      0x126 /Applications/MCUXpressoIDE_11.9.0_2144/ide/plugins/com.nxp.mcuxpresso.tools.macosx_11.9.0.202307121226/tools/bin/../lib/gcc/arm-none-eabi/12.3.1/../../../../arm-none-eabi/lib/thumb/v7e-m+fp/hard/libcr_c.a(_writebuf.o)
 .debug_abbrev  0x0000319e       0x44 /Applications/MCUXpressoIDE_11.9.0_2144/ide/plugins/com.nxp.mcuxpresso.tools.macosx_11.9.0.202307121226/tools/bin/../lib/gcc/arm-none-eabi/12.3.1/../../../../arm-none-eabi/lib/thumb/v7e-m+fp/hard/libcr_c.a(errno.o)
 .debug_abbrev  0x000031e2      0x155 /Applications/MCUXpressoIDE_11.9.0_2144/ide/plugins/com.nxp.mcuxpresso.tools.macosx_11.9.0.202307121226/tools/bin/../lib/gcc/arm-none-eabi/12.3.1/../../../../arm-none-eabi/lib/thumb/v7e-m+fp/hard/libcr_c.a(fclose.o)
 .debug_abbrev  0x00003337      0x125 /Applications/MCUXpressoIDE_11.9.0_2144/ide/plugins/com.nxp.mcuxpresso.tools.macosx_11.9.0.202307121226/tools/bin/../lib/gcc/arm-none-eabi/12.3.1/../../../../arm-none-eabi/lib/thumb/v7e-m+fp/hard/libcr_c.a(fflush.o)
 .debug_abbrev  0x0000345c      0x11b /Applications/MCUXpressoIDE_11.9.0_2144/ide/plugins/com.nxp.mcuxpresso.tools.macosx_11.9.0.202307121226/tools/bin/../lib/gcc/arm-none-eabi/12.3.1/../../../../arm-none-eabi/lib/thumb/v7e-m+fp/hard/libcr_c.a(fseek.o)
 .debug_abbrev  0x00003577       0xc2 /Applications/MCUXpressoIDE_11.9.0_2144/ide/plugins/com.nxp.mcuxpresso.tools.macosx_11.9.0.202307121226/tools/bin/../lib/gcc/arm-none-eabi/12.3.1/../../../../arm-none-eabi/lib/thumb/v7e-m+fp/hard/libcr_c.a(ftell.o)
 .debug_abbrev  0x00003639       0xfb /Applications/MCUXpressoIDE_11.9.0_2144/ide/plugins/com.nxp.mcuxpresso.tools.macosx_11.9.0.202307121226/tools/bin/../lib/gcc/arm-none-eabi/12.3.1/../../../../arm-none-eabi/lib/thumb/v7e-m+fp/hard/libcr_c.a(remove.o)
 .debug_abbrev  0x00003734       0x6b /Applications/MCUXpressoIDE_11.9.0_2144/ide/plugins/com.nxp.mcuxpresso.tools.macosx_11.9.0.202307121226/tools/bin/../lib/gcc/arm-none-eabi/12.3.1/../../../../arm-none-eabi/lib/thumb/v7e-m+fp/hard/libcr_c.a(_cr_check_heap.o)
 .debug_abbrev  0x0000379f      0x12c /Applications/MCUXpressoIDE_11.9.0_2144/ide/plugins/com.nxp.mcuxpresso.tools.macosx_11.9.0.202307121226/tools/bin/../lib/gcc/arm-none-eabi/12.3.1/../../../../arm-none-eabi/lib/thumb/v7e-m+fp/hard/libcr_c.a(_do_fflush.o)
 .debug_abbrev  0x000038cb       0xb5 /Applications/MCUXpressoIDE_11.9.0_2144/ide/plugins/com.nxp.mcuxpresso.tools.macosx_11.9.0.202307121226/tools/bin/../lib/gcc/arm-none-eabi/12.3.1/../../../../arm-none-eabi/lib/thumb/v7e-m+fp/hard/libcr_semihost_nf.a(__ciob.o)

.debug_aranges  0x00000000     0x10d8
 .debug_aranges
                0x00000000       0x20 ./utilities/fsl_assert.o
 .debug_aranges
                0x00000020      0x3a0 ./startup/startup_mk66f18.o
 .debug_aranges
                0x000003c0       0x60 ./source/enet_txrx_transfer.o
 .debug_aranges
                0x00000420       0x20 ./source/semihost_hardfault.o
 .debug_aranges
                0x00000440       0x70 ./phy/fsl_phyksz8081.o
 .debug_aranges
                0x000004b0       0x68 ./mdio/fsl_enet_mdio.o
 .debug_aranges
                0x00000518      0x258 ./drivers/fsl_clock.o
 .debug_aranges
                0x00000770      0x238 ./drivers/fsl_enet.o
 .debug_aranges
                0x000009a8      0x138 ./drivers/fsl_lpuart.o
 .debug_aranges
                0x00000ae0      0x1a8 ./drivers/fsl_uart.o
 .debug_aranges
                0x00000c88       0x30 ./device/system_MK66F18.o
 .debug_aranges
                0x00000cb8       0x28 ./board/board.o
 .debug_aranges
                0x00000ce0       0x60 ./board/clock_config.o
 .debug_aranges
                0x00000d40       0x40 ./board/pin_mux.o
 .debug_aranges
                0x00000d80       0x20 /Applications/MCUXpressoIDE_11.9.0_2144/ide/plugins/com.nxp.mcuxpresso.tools.macosx_11.9.0.202307121226/tools/bin/../lib/gcc/arm-none-eabi/12.3.1/../../../../arm-none-eabi/lib/thumb/v7e-m+fp/hard/libcr_semihost_nf.a(_cr__main.o)
 .debug_aranges
                0x00000da0       0x20 /Applications/MCUXpressoIDE_11.9.0_2144/ide/plugins/com.nxp.mcuxpresso.tools.macosx_11.9.0.202307121226/tools/bin/../lib/gcc/arm-none-eabi/12.3.1/../../../../arm-none-eabi/lib/thumb/v7e-m+fp/hard/libcr_c.a(memcpy.o)
 .debug_aranges
                0x00000dc0       0x20 /Applications/MCUXpressoIDE_11.9.0_2144/ide/plugins/com.nxp.mcuxpresso.tools.macosx_11.9.0.202307121226/tools/bin/../lib/gcc/arm-none-eabi/12.3.1/../../../../arm-none-eabi/lib/thumb/v7e-m+fp/hard/libcr_c.a(memset.o)
 .debug_aranges
                0x00000de0       0x40 /Applications/MCUXpressoIDE_11.9.0_2144/ide/plugins/com.nxp.mcuxpresso.tools.macosx_11.9.0.202307121226/tools/bin/../lib/gcc/arm-none-eabi/12.3.1/../../../../arm-none-eabi/lib/thumb/v7e-m+fp/hard/libcr_c.a(alloc.o)
 .debug_aranges
                0x00000e20       0x28 /Applications/MCUXpressoIDE_11.9.0_2144/ide/plugins/com.nxp.mcuxpresso.tools.macosx_11.9.0.202307121226/tools/bin/../lib/gcc/arm-none-eabi/12.3.1/../../../../arm-none-eabi/lib/thumb/v7e-m+fp/hard/libcr_c.a(initio.o)
 .debug_aranges
                0x00000e48       0x70 /Applications/MCUXpressoIDE_11.9.0_2144/ide/plugins/com.nxp.mcuxpresso.tools.macosx_11.9.0.202307121226/tools/bin/../lib/gcc/arm-none-eabi/12.3.1/../../../../arm-none-eabi/lib/thumb/v7e-m+fp/hard/libcr_c.a(printf.o)
 .debug_aranges
                0x00000eb8       0x20 /Applications/MCUXpressoIDE_11.9.0_2144/ide/plugins/com.nxp.mcuxpresso.tools.macosx_11.9.0.202307121226/tools/bin/../lib/gcc/arm-none-eabi/12.3.1/../../../../arm-none-eabi/lib/thumb/v7e-m+fp/hard/libcr_c.a(setvbuf.o)
 .debug_aranges
                0x00000ed8       0x20 /Applications/MCUXpressoIDE_11.9.0_2144/ide/plugins/com.nxp.mcuxpresso.tools.macosx_11.9.0.202307121226/tools/bin/../lib/gcc/arm-none-eabi/12.3.1/../../../../arm-none-eabi/lib/thumb/v7e-m+fp/hard/libcr_c.a(strlen.o)
 .debug_aranges
                0x00000ef8       0x20 /Applications/MCUXpressoIDE_11.9.0_2144/ide/plugins/com.nxp.mcuxpresso.tools.macosx_11.9.0.202307121226/tools/bin/../lib/gcc/arm-none-eabi/12.3.1/../../../../arm-none-eabi/lib/thumb/v7e-m+fp/hard/libcr_c.a(__init_alloc.o)
 .debug_aranges
                0x00000f18       0x20 /Applications/MCUXpressoIDE_11.9.0_2144/ide/plugins/com.nxp.mcuxpresso.tools.macosx_11.9.0.202307121226/tools/bin/../lib/gcc/arm-none-eabi/12.3.1/../../../../arm-none-eabi/lib/thumb/v7e-m+fp/hard/libcr_c.a(_cr_sbrk.o)
 .debug_aranges
                0x00000f38       0x28 /Applications/MCUXpressoIDE_11.9.0_2144/ide/plugins/com.nxp.mcuxpresso.tools.macosx_11.9.0.202307121226/tools/bin/../lib/gcc/arm-none-eabi/12.3.1/../../../../arm-none-eabi/lib/thumb/v7e-m+fp/hard/libcr_c.a(_deferredlazyseek.o)
 .debug_aranges