Archive member included to satisfy reference by file (symbol)

/Applications/MCUXpressoIDE_11.9.0_2144/ide/plugins/com.nxp.mcuxpresso.tools.macosx_11.9.0.202307121226/tools/bin/../lib/gcc/arm-none-eabi/12.3.1/../../../../arm-none-eabi/lib/thumb/v7e-m+fp/hard/libcr_semihost_nf.a(_cr__main.o)
                              ./startup/startup_mk66f18.o (__main)
/Applications/MCUXpressoIDE_11.9.0_2144/ide/plugins/com.nxp.mcuxpresso.tools.macosx_11.9.0.202307121226/tools/bin/../lib/gcc/arm-none-eabi/12.3.1/../../../../arm-none-eabi/lib/thumb/v7e-m+fp/hard/libcr_c.a(memcpy.o)
                              ./source/ethernet/ethernet.o (memcpy)
/Applications/MCUXpressoIDE_11.9.0_2144/ide/plugins/com.nxp.mcuxpresso.tools.macosx_11.9.0.202307121226/tools/bin/../lib/gcc/arm-none-eabi/12.3.1/../../../../arm-none-eabi/lib/thumb/v7e-m+fp/hard/libcr_c.a(memset.o)
                              ./drivers/fsl_enet.o (memset)
/Applications/MCUXpressoIDE_11.9.0_2144/ide/plugins/com.nxp.mcuxpresso.tools.macosx_11.9.0.202307121226/tools/bin/../lib/gcc/arm-none-eabi/12.3.1/../../../../arm-none-eabi/lib/thumb/v7e-m+fp/hard/libcr_c.a(alloc.o)
                              ./source/ethernet/ethernet.o (malloc)
/Applications/MCUXpressoIDE_11.9.0_2144/ide/plugins/com.nxp.mcuxpresso.tools.macosx_11.9.0.202307121226/tools/bin/../lib/gcc/arm-none-eabi/12.3.1/../../../../arm-none-eabi/lib/thumb/v7e-m+fp/hard/libcr_c.a(initio.o)
                              /Applications/MCUXpressoIDE_11.9.0_2144/ide/plugins/com.nxp.mcuxpresso.tools.macosx_11.9.0.202307121226/tools/bin/../lib/gcc/arm-none-eabi/12.3.1/../../../../arm-none-eabi/lib/thumb/v7e-m+fp/hard/libcr_semihost_nf.a(_cr__main.o) (_initio)
/Applications/MCUXpressoIDE_11.9.0_2144/ide/plugins/com.nxp.mcuxpresso.tools.macosx_11.9.0.202307121226/tools/bin/../lib/gcc/arm-none-eabi/12.3.1/../../../../arm-none-eabi/lib/thumb/v7e-m+fp/hard/libcr_c.a(printf.o)
                              ./source/uart/terminal.o (_snprintf)
/Applications/MCUXpressoIDE_11.9.0_2144/ide/plugins/com.nxp.mcuxpresso.tools.macosx_11.9.0.202307121226/tools/bin/../lib/gcc/arm-none-eabi/12.3.1/../../../../arm-none-eabi/lib/thumb/v7e-m+fp/hard/libcr_c.a(setvbuf.o)
                              /Applications/MCUXpressoIDE_11.9.0_2144/ide/plugins/com.nxp.mcuxpresso.tools.macosx_11.9.0.202307121226/tools/bin/../lib/gcc/arm-none-eabi/12.3.1/../../../../arm-none-eabi/lib/thumb/v7e-m+fp/hard/libcr_c.a(initio.o) (setvbuf)
/Applications/MCUXpressoIDE_11.9.0_2144/ide/plugins/com.nxp.mcuxpresso.tools.macosx_11.9.0.202307121226/tools/bin/../lib/gcc/arm-none-eabi/12.3.1/../../../../arm-none-eabi/lib/thumb/v7e-m+fp/hard/libcr_c.a(strlen.o)
                              ./source/uart/terminal.o (strlen)
/Applications/MCUXpressoIDE_11.9.0_2144/ide/plugins/com.nxp.mcuxpresso.tools.macosx_11.9.0.202307121226/tools/bin/../lib/gcc/arm-none-eabi/12.3.1/../../../../arm-none-eabi/lib/thumb/v7e-m+fp/hard/libcr_c.a(__init_alloc.o)
                              /Applications/MCUXpressoIDE_11.9.0_2144/ide/plugins/com.nxp.mcuxpresso.tools.macosx_11.9.0.202307121226/tools/bin/../lib/gcc/arm-none-eabi/12.3.1/../../../../arm-none-eabi/lib/thumb/v7e-m+fp/hard/libcr_c.a(alloc.o) (__heaps)
/Applications/MCUXpressoIDE_11.9.0_2144/ide/plugins/com.nxp.mcuxpresso.tools.macosx_11.9.0.202307121226/tools/bin/../lib/gcc/arm-none-eabi/12.3.1/../../../../arm-none-eabi/lib/thumb/v7e-m+fp/hard/libcr_c.a(_cr_sbrk.o)
                              /Applications/MCUXpressoIDE_11.9.0_2144/ide/plugins/com.nxp.mcuxpresso.tools.macosx_11.9.0.202307121226/tools/bin/../lib/gcc/arm-none-eabi/12.3.1/../../../../arm-none-eabi/lib/thumb/v7e-m+fp/hard/libcr_c.a(alloc.o) (_sbrk)
/Applications/MCUXpressoIDE_11.9.0_2144/ide/plugins/com.nxp.mcuxpresso.tools.macosx_11.9.0.202307121226/tools/bin/../lib/gcc/arm-none-eabi/12.3.1/../../../../arm-none-eabi/lib/thumb/v7e-m+fp/hard/libcr_c.a(_deferredlazyseek.o)
                              /Applications/MCUXpressoIDE_11.9.0_2144/ide/plugins/com.nxp.mcuxpresso.tools.macosx_11.9.0.202307121226/tools/bin/../lib/gcc/arm-none-eabi/12.3.1/../../../../arm-none-eabi/lib/thumb/v7e-m+fp/hard/libcr_c.a(printf.o) (__flsbuf)
/Applications/MCUXpressoIDE_11.9.0_2144/ide/plugins/com.nxp.mcuxpresso.tools.macosx_11.9.0.202307121226/tools/bin/../lib/gcc/arm-none-eabi/12.3.1/../../../../arm-none-eabi/lib/thumb/v7e-m+fp/hard/libcr_c.a(_fdopen.o)
                              /Applications/MCUXpressoIDE_11.9.0_2144/ide/plugins/com.nxp.mcuxpresso.tools.macosx_11.9.0.202307121226/tools/bin/../lib/gcc/arm-none-eabi/12.3.1/../../../../arm-none-eabi/lib/thumb/v7e-m+fp/hard/libcr_c.a(initio.o) (_fdopen)
/Applications/MCUXpressoIDE_11.9.0_2144/ide/plugins/com.nxp.mcuxpresso.tools.macosx_11.9.0.202307121226/tools/bin/../lib/gcc/arm-none-eabi/12.3.1/../../../../arm-none-eabi/lib/thumb/v7e-m+fp/hard/libcr_c.a(_fflush.o)
[...]
Memory Configuration

Name             Origin             Length             Attributes
PROGRAM_FLASH    0x00000000         0x00200000         xr
SRAM_UPPER       0x20000000         0x00030000         xrw
SRAM_LOWER       0x1fff0000         0x00010000         xrw
FLEX_RAM         0x14000000         0x00001000         xrw
*default*        0x00000000         0xffffffff

Linker script and memory map

LOAD ./utilities/fsl_assert.o
LOAD ./utilities/fsl_debug_console.o
LOAD ./startup/startup_mk66f18.o
LOAD ./source/uart/menu.o
LOAD ./source/uart/terminal.o
LOAD ./source/uart/uart.o
LOAD ./source/nvic/nvic.o
LOAD ./source/gpio/gpio.o
LOAD ./source/ethernet/ethernet.o
LOAD ./source/aes/aes.o
LOAD ./source/main.o
LOAD ./source/semihost_hardfault.o
LOAD ./phy/fsl_phyksz8081.o
LOAD ./mdio/fsl_enet_mdio.o
LOAD ./drivers/fsl_clock.o
LOAD ./drivers/fsl_common.o
LOAD ./drivers/fsl_common_arm.o
LOAD ./drivers/fsl_enet.o
LOAD ./drivers/fsl_ftfx_cache.o
LOAD ./drivers/fsl_ftfx_controller.o
LOAD ./drivers/fsl_ftfx_flash.o
LOAD ./drivers/fsl_ftfx_flexnvm.o
LOAD ./drivers/fsl_gpio.o
LOAD ./drivers/fsl_lpuart.o
LOAD ./drivers/fsl_sim.o
LOAD ./drivers/fsl_smc.o
LOAD ./drivers/fsl_sysmpu.o
LOAD ./drivers/fsl_uart.o
LOAD ./device/system_MK66F18.o
LOAD ./component/uart/fsl_adapter_uart.o
LOAD ./component/lists/fsl_component_generic_list.o
LOAD ./board/board.o
LOAD ./board/clock_config.o
LOAD ./board/pin_mux.o
START GROUP
LOAD /Applications/MCUXpressoIDE_11.9.0_2144/ide/plugins/com.nxp.mcuxpresso.tools.macosx_11.9.0.202307121226/tools/bin/../lib/gcc/arm-none-eabi/12.3.1/../../../../arm-none-eabi/lib/thumb/v7e-m+fp/hard/libcr_semihost_nf.a
LOAD /Applications/MCUXpressoIDE_11.9.0_2144/ide/plugins/com.nxp.mcuxpresso.tools.macosx_11.9.0.202307121226/tools/bin/../lib/gcc/arm-none-eabi/12.3.1/../../../../arm-none-eabi/lib/thumb/v7e-m+fp/hard/libcr_c.a
LOAD /Applications/MCUXpressoIDE_11.9.0_2144/ide/plugins/com.nxp.mcuxpresso.tools.macosx_11.9.0.202307121226/tools/bin/../lib/gcc/arm-none-eabi/12.3.1/thumb/v7e-m+fp/hard/libcr_eabihelpers.a
LOAD /Applications/MCUXpressoIDE_11.9.0_2144/ide/plugins/com.nxp.mcuxpresso.tools.macosx_11.9.0.202307121226/tools/bin/../lib/gcc/arm-none-eabi/12.3.1/thumb/v7e-m+fp/hard/libgcc.a
END GROUP
                0x00000000                        __base_PROGRAM_FLASH = 0x0
                0x00000000                        __base_Flash = 0x0
                0x00200000                        __top_PROGRAM_FLASH = 0x200000
                0x00200000                        __top_Flash = 0x200000
                0x20000000                        __base_SRAM_UPPER = 0x20000000
                0x20000000                        __base_RAM = 0x20000000
                0x20030000                        __top_SRAM_UPPER = 0x20030000
                0x20030000                        __top_RAM = 0x20030000
                0x1fff0000                        __base_SRAM_LOWER = 0x1fff0000
                0x1fff0000                        __base_RAM2 = 0x1fff0000
                0x20000000                        __top_SRAM_LOWER = 0x20000000
                0x20000000                        __top_RAM2 = 0x20000000
                0x14000000                        __base_FLEX_RAM = 0x14000000
                0x14000000                        __base_RAM3 = 0x14000000
                0x14001000                        __top_FLEX_RAM = 0x14001000
                0x14001000                        __top_RAM3 = 0x14001000

.text           0x00000000     0x7e70
 FILL mask 0xff
                0x00000000                        __vectors_start__ = ABSOLUTE (.)
 *(SORT_BY_ALIGNMENT(.isr_vector))
 .isr_vector    0x00000000      0x1d0 ./startup/startup_mk66f18.o
                0x00000000                __Vectors
                0x00000000                g_pfnVectors
                0x000001d0                        . = ALIGN (0x4)
                0x000001d0                        __section_table_start = .
                0x000001d0                        __data_section_table = .
                0x000001d0        0x4 LONG 0x7e70 LOADADDR (.data)
                0x000001d4        0x4 LONG 0x20000000 ADDR (.data)
                0x000001d8        0x4 LONG 0x268 SIZEOF (.data)
                0x000001dc        0x4 LONG 0x7e70 LOADADDR (.data_RAM2)
                0x000001e0        0x4 LONG 0x1fff0000 ADDR (.data_RAM2)
                0x000001e4        0x4 LONG 0x0 SIZEOF (.data_RAM2)
                0x000001e8        0x4 LONG 0x7e70 LOADADDR (.data_RAM3)
                0x000001ec        0x4 LONG 0x14000000 ADDR (.data_RAM3)
                0x000001f0        0x4 LONG 0x0 SIZEOF (.data_RAM3)
                0x000001f4                        __data_section_table_end = .
                0x000001f4                        __bss_section_table = .
                0x000001f4        0x4 LONG 0x20000270 ADDR (.bss)
                0x000001f8        0x4 LONG 0x31a8 SIZEOF (.bss)
                0x000001fc        0x4 LONG 0x1fff0000 ADDR (.bss_RAM2)
                0x00000200        0x4 LONG 0x40 SIZEOF (.bss_RAM2)
                0x00000204        0x4 LONG 0x14000000 ADDR (.bss_RAM3)
                0x00000208        0x4 LONG 0x0 SIZEOF (.bss_RAM3)
                0x0000020c                        __bss_section_table_end = .
                0x0000020c                        __section_table_end = .
 *(SORT_BY_ALIGNMENT(.after_vectors*))
 .after_vectors.reset
                0x0000020c       0x4c ./startup/startup_mk66f18.o
                0x0000020c                ResetISR
 .after_vectors.init_data
                0x00000258       0x1e ./startup/startup_mk66f18.o
                0x00000258                data_init
 .after_vectors.init_bss
                0x00000276       0x12 ./startup/startup_mk66f18.o
                0x00000276                bss_init
 .after_vectors
                0x00000288       0x14 ./startup/startup_mk66f18.o
                0x00000288                NMI_Handler
                0x0000028c                MemManage_Handler
                0x0000028e                BusFault_Handler
                0x00000290                UsageFault_Handler
                0x00000292                SVC_Handler
                0x00000294                DebugMon_Handler
                0x00000296                PendSV_Handler
                0x00000298                SysTick_Handler
                0x0000029a                PIT2_DriverIRQHandler
                0x0000029a                TPM2_DriverIRQHandler
                0x0000029a                SDHC_DriverIRQHandler
                0x0000029a                DMA7_DMA23_DriverIRQHandler
                0x0000029a                I2C3_DriverIRQHandler
                0x0000029a                I2S0_Tx_DriverIRQHandler
                0x0000029a                TSI0_DriverIRQHandler
                0x0000029a                RTC_Seconds_DriverIRQHandler
                0x0000029a                CMP3_DriverIRQHandler
                0x0000029a                LLWU_DriverIRQHandler
                0x0000029a                MCM_DriverIRQHandler
                0x0000029a                DMA14_DMA30_DriverIRQHandler
                0x0000029a                MCG_DriverIRQHandler
                0x0000029a                I2C2_DriverIRQHandler
                0x0000029a                DAC1_DriverIRQHandler
                0x0000029a                CMP1_DriverIRQHandler
                0x0000029a                USBHSDCD_DriverIRQHandler
                0x0000029a                DMA0_DMA16_DriverIRQHandler
                0x0000029a                FTM0_DriverIRQHandler
                0x0000029a                IntDefaultHandler
                0x0000029a                USB0_DriverIRQHandler
                0x0000029a                PORTC_DriverIRQHandler
                0x0000029a                DMA2_DMA18_DriverIRQHandler
                0x0000029a                DAC0_DriverIRQHandler
                0x0000029a                CMP2_DriverIRQHandler
                0x0000029a                UART2_ERR_DriverIRQHandler
                0x0000029a                SPI2_DriverIRQHandler
                0x0000029a                LVD_LVW_DriverIRQHandler
                0x0000029a                Reserved84_DriverIRQHandler
                0x0000029a                PIT0_DriverIRQHandler
                0x0000029a                RNG_DriverIRQHandler
                0x0000029a                USBDCD_DriverIRQHandler
                0x0000029a                UART3_ERR_DriverIRQHandler
                0x0000029a                DMA12_DMA28_DriverIRQHandler
                0x0000029a                DMA10_DMA26_DriverIRQHandler
                0x0000029a                UART0_ERR_DriverIRQHandler
                0x0000029a                CMT_DriverIRQHandler
                0x0000029a                Reserved71_DriverIRQHandler
                0x0000029a                ADC1_DriverIRQHandler
                0x0000029a                PORTA_DriverIRQHandler
                0x0000029a                DMA1_DMA17_DriverIRQHandler
                0x0000029a                PIT3_DriverIRQHandler
                0x0000029a                PIT1_DriverIRQHandler
                0x0000029a                TPM1_DriverIRQHandler
                0x0000029a                WDOG_EWM_DriverIRQHandler
                0x0000029a                PDB0_DriverIRQHandler
                0x0000029a                DMA8_DMA24_DriverIRQHandler
                0x0000029a                DMA6_DMA22_DriverIRQHandler
                0x0000029a                RTC_DriverIRQHandler
                0x0000029a                I2S0_Rx_DriverIRQHandler
                0x0000029a                Read_Collision_DriverIRQHandler
                0x0000029a                SWI_DriverIRQHandler
                0x0000029a                UART4_ERR_DriverIRQHandler
                0x0000029a                DMA11_DMA27_DriverIRQHandler
                0x0000029a                DMA4_DMA20_DriverIRQHandler
                0x0000029a                DMA9_DMA25_DriverIRQHandler
                0x0000029a                I2C1_DriverIRQHandler
                0x0000029a                DMA3_DMA19_DriverIRQHandler
                0x0000029a                Reserved85_DriverIRQHandler
                0x0000029a                SPI0_DriverIRQHandler
                0x0000029a                ADC0_DriverIRQHandler
                0x0000029a                USBHS_DriverIRQHandler
                0x0000029a                CMP0_DriverIRQHandler
                0x0000029a                CAN0_DriverIRQHandler
                0x0000029a                FTM3_DriverIRQHandler
                0x0000029a                DMA5_DMA21_DriverIRQHandler
                0x0000029a                DMA15_DMA31_DriverIRQHandler
                0x0000029a                UART1_ERR_DriverIRQHandler
                0x0000029a                PORTD_DriverIRQHandler
                0x0000029a                Reserved46_DriverIRQHandler
                0x0000029a                PORTE_DriverIRQHandler
                0x0000029a                FTFE_DriverIRQHandler
                0x0000029a                I2C0_DriverIRQHandler
                0x0000029a                CAN1_DriverIRQHandler
                0x0000029a                DMA13_DMA29_DriverIRQHandler
                0x0000029a                PORTB_DriverIRQHandler
                0x0000029a                SPI1_DriverIRQHandler
                0x0000029a                LPTMR0_DriverIRQHandler
                0x0000029a                DMA_Error_DriverIRQHandler
                0x0000029a                FTM1_DriverIRQHandler
                0x0000029a                FTM2_DriverIRQHandler
                0x00000400                        . = 0x400
 *fill*         0x0000029c      0x164 ff
                0x00000400                        PROVIDE (__FLASH_CONFIG_START__ = .)
 *(SORT_BY_ALIGNMENT(.FlashConfig))
 .FlashConfig   0x00000400       0x10 ./startup/startup_mk66f18.o
                0x00000400                Flash_Config
                0x00000410                        PROVIDE (__FLASH_CONFIG_END__ = .)
                0x00000001                        ASSERT (! ((__FLASH_CONFIG_START__ == __FLASH_CONFIG_END__)), Linker Flash Config Support Enabled, but no .FlashConfig section provided within application)
 *(SORT_BY_ALIGNMENT(.text*))
 .text.__assertion_failed
                0x00000410       0x18 ./utilities/fsl_assert.o
                0x00000410                __assertion_failed
 .text.menu_mostrar
                0x00000428       0x64 ./source/uart/menu.o
                0x00000428                menu_mostrar
 .text.menu_interaction
                0x0000048c      0x178 ./source/uart/menu.o
                0x0000048c                menu_interaction
 .text.terminal_init
                0x00000604       0x28 ./source/uart/terminal.o
                0x00000604                terminal_init
 .text.set_vt100_position
                0x0000062c      0x108 ./source/uart/terminal.o
                0x0000062c                set_vt100_position
 .text.terminal_print_menu
                0x00000734       0xec ./source/uart/terminal.o
                0x00000734                terminal_print_menu
 .text.terminal_print_mensaje
                0x00000820       0xa8 ./source/uart/terminal.o
                0x00000820                terminal_print_mensaje
 .text.terminal_get_mensaje
                0x000008c8       0x34 ./source/uart/terminal.o
                0x000008c8                terminal_get_mensaje
 .text.UART_callback_init
                0x000008fc       0x28 ./source/uart/uart.o
                0x000008fc                UART_callback_init
 .text.UART0_RX_TX_IRQHandler
                0x00000924       0x58 ./source/uart/uart.o
                0x00000924                UART0_RX_TX_IRQHandler
 .text.UART0_init
                0x0000097c       0x5c ./source/uart/uart.o
                0x0000097c                UART0_init
 .text.UART0_flag
                0x000009d8       0x18 ./source/uart/uart.o
                0x000009d8                UART0_flag
 .text.UART0_mail_box
                0x000009f0       0x18 ./source/uart/uart.o
                0x000009f0                UART0_mail_box
 .text.UART0_terminal
                0x00000a08       0x24 ./source/uart/uart.o
                0x00000a08                UART0_terminal
 .text.__NVIC_EnableIRQ
                0x00000a2c       0x3c ./source/nvic/nvic.o
 .text.__NVIC_SetPriority
                0x00000a68       0x54 ./source/nvic/nvic.o
 .text.PORT_SetPinConfig
                0x00000abc       0x38 ./source/gpio/gpio.o
 .text.PORTA_IRQHandler
                0x00000af4       0x3c ./source/gpio/gpio.o
                0x00000af4                PORTA_IRQHandler
 .text.PORTB_IRQHandler
                0x00000b30       0x3c ./source/gpio/gpio.o
                0x00000b30                PORTB_IRQHandler
 .text.PORTC_IRQHandler
                0x00000b6c       0x3c ./source/gpio/gpio.o
                0x00000b6c                PORTC_IRQHandler
 .text.PORTD_IRQHandler
                0x00000ba8       0x3c ./source/gpio/gpio.o
                0x00000ba8                PORTD_IRQHandler
 .text.GPIO_init
                0x00000be4       0x3c ./source/gpio/gpio.o
                0x00000be4                GPIO_init
 .text.LED_init
                0x00000c20       0x60 ./source/gpio/gpio.o
                0x00000c20                LED_init
 .text.SW_init  0x00000c80       0x5c ./source/gpio/gpio.o
                0x00000c80                SW_init
 .text.UART0_port_init
                0x00000cdc       0x38 ./source/gpio/gpio.o
                0x00000cdc                UART0_port_init
 .text.CLOCK_SetRmii0Clock
                0x00000d14       0x38 ./source/ethernet/ethernet.o
 .text.ethernet_init
                0x00000d4c      0x174 ./source/ethernet/ethernet.o
                0x00000d4c                ethernet_init
 .text.ethernet_buildFrame
                0x00000ec0       0xb8 ./source/ethernet/ethernet.o
                0x00000ec0                ethernet_buildFrame
 .text.ethernet_send
                0x00000f78       0x40 ./source/ethernet/ethernet.o
                0x00000f78                ethernet_send
 .text.ethernet_receive
                0x00000fb8      0x1c4 ./source/ethernet/ethernet.o
                0x00000fb8                ethernet_receive
 .text.getSBoxValue
                0x0000117c       0x20 ./source/aes/aes.o
 .text.KeyExpansion
                0x0000119c      0x110 ./source/aes/aes.o
 .text.getSBoxInvert
                0x000012ac       0x20 ./source/aes/aes.o
 .text.main     0x000012cc       0x60 ./source/main.o
                0x000012cc                main
 .text.PHY_KSZ8081_Init
                0x0000132c      0x128 ./phy/fsl_phyksz8081.o
                0x0000132c                PHY_KSZ8081_Init
 .text.PHY_KSZ8081_GetAutoNegotiationStatus
                0x00001454       0x54 ./phy/fsl_phyksz8081.o
                0x00001454                PHY_KSZ8081_GetAutoNegotiationStatus
 .text.PHY_KSZ8081_GetLinkStatus
                0x000014a8       0x58 ./phy/fsl_phyksz8081.o
                0x000014a8                PHY_KSZ8081_GetLinkStatus
 .text.PHY_KSZ8081_GetLinkSpeedDuplex
                0x00001500       0x98 ./phy/fsl_phyksz8081.o
                0x00001500                PHY_KSZ8081_GetLinkSpeedDuplex
 .text.PHY_KSZ8081_SetLinkSpeedDuplex
                0x00001598       0x90 ./phy/fsl_phyksz8081.o
                0x00001598                PHY_KSZ8081_SetLinkSpeedDuplex
 .text.PHY_KSZ8081_EnableLoopback
                0x00001628      0x150 ./phy/fsl_phyksz8081.o
                0x00001628                PHY_KSZ8081_EnableLoopback
 .text.ENET_MDIO_Init
                0x00001778       0x44 ./mdio/fsl_enet_mdio.o
 .text.ENET_MDIO_Read
                0x000017bc       0x74 ./mdio/fsl_enet_mdio.o
 .text.ENET_MDIO_ReadExt
                0x00001830       0x98 ./mdio/fsl_enet_mdio.o
 .text.CLOCK_SetEr32kClock
                0x000018c8       0x30 ./drivers/fsl_clock.o
 .text.CLOCK_SetPllFllSelClock
                0x000018f8       0x54 ./drivers/fsl_clock.o
 .text.CLOCK_GetMcgExtClkFreq
                0x0000194c       0x7c ./drivers/fsl_clock.o
 .text.CLOCK_GetFllExtRefClkFreq
                0x000019c8       0xb0 ./drivers/fsl_clock.o
 .text.CLOCK_GetInternalRefClkSelectFreq
                0x00001a78       0x4c ./drivers/fsl_clock.o
 .text.CLOCK_GetFllRefClkFreq
                0x00001ac4       0x34 ./drivers/fsl_clock.o
 .text.CLOCK_GetOscRangeFromFreq
                0x00001af8       0x3c ./drivers/fsl_clock.o
 .text.CLOCK_GetOsc0ErClkUndivFreq
                0x00001b34       0x44 ./drivers/fsl_clock.o
                0x00001b34                CLOCK_GetOsc0ErClkUndivFreq
 .text.CLOCK_GetOsc0ErClkDivFreq
                0x00001b78       0x58 ./drivers/fsl_clock.o
                0x00001b78                CLOCK_GetOsc0ErClkDivFreq
 .text.CLOCK_GetEr32kClkFreq
                0x00001bd0       0x74 ./drivers/fsl_clock.o
                0x00001bd0                CLOCK_GetEr32kClkFreq
 .text.CLOCK_GetPllFllSelClkFreq
                0x00001c44       0x90 ./drivers/fsl_clock.o
                0x00001c44                CLOCK_GetPllFllSelClkFreq
 .text.CLOCK_GetCoreSysClkFreq
                0x00001cd4       0x28 ./drivers/fsl_clock.o
                0x00001cd4                CLOCK_GetCoreSysClkFreq
 .text.CLOCK_GetFreq
                0x00001cfc      0x148 ./drivers/fsl_clock.o
                0x00001cfc                CLOCK_GetFreq
 .text.CLOCK_SetSimConfig
                0x00001e44       0x40 ./drivers/fsl_clock.o
                0x00001e44                CLOCK_SetSimConfig
 .text.CLOCK_GetOutClkFreq
                0x00001e84       0x90 ./drivers/fsl_clock.o
                0x00001e84                CLOCK_GetOutClkFreq
 .text.CLOCK_GetFllFreq
                0x00001f14       0x84 ./drivers/fsl_clock.o
                0x00001f14                CLOCK_GetFllFreq
 .text.CLOCK_GetInternalRefClkFreq
                0x00001f98       0x30 ./drivers/fsl_clock.o
                0x00001f98                CLOCK_GetInternalRefClkFreq
 .text.CLOCK_GetPll0Freq
                0x00001fc8       0x7c ./drivers/fsl_clock.o
                0x00001fc8                CLOCK_GetPll0Freq
 .text.CLOCK_GetExtPllFreq
                0x00002044       0x18 ./drivers/fsl_clock.o
                0x00002044                CLOCK_GetExtPllFreq
 .text.CLOCK_SetExternalRefClkConfig
                0x0000205c       0x6c ./drivers/fsl_clock.o
                0x0000205c                CLOCK_SetExternalRefClkConfig
 .text.CLOCK_SetInternalRefClkConfig
                0x000020c8      0x104 ./drivers/fsl_clock.o
                0x000020c8                CLOCK_SetInternalRefClkConfig
 .text.CLOCK_EnablePll0
                0x000021cc       0x88 ./drivers/fsl_clock.o
                0x000021cc                CLOCK_EnablePll0
 .text.CLOCK_InitOsc0
                0x00002254       0x8c ./drivers/fsl_clock.o
                0x00002254                CLOCK_InitOsc0
 .text.CLOCK_SetPbeMode
                0x000022e0       0xe8 ./drivers/fsl_clock.o
                0x000022e0                CLOCK_SetPbeMode
 .text.CLOCK_BootToPeeMode
                0x000023c8       0x68 ./drivers/fsl_clock.o
                0x000023c8                CLOCK_BootToPeeMode
 .text.__NVIC_EnableIRQ
                0x00002430       0x3c ./drivers/fsl_enet.o
 .text.ENET_GetInstance
                0x0000246c       0x44 ./drivers/fsl_enet.o
                0x0000246c                ENET_GetInstance
 .text.ENET_GetDefaultConfig
                0x000024b0       0x4c ./drivers/fsl_enet.o
                0x000024b0                ENET_GetDefaultConfig
 .text.ENET_Up  0x000024fc       0xb8 ./drivers/fsl_enet.o
                0x000024fc                ENET_Up
 .text.ENET_Init
                0x000025b4       0x48 ./drivers/fsl_enet.o
                0x000025b4                ENET_Init
 .text.ENET_SetRxISRHandler
                0x000025fc       0x30 ./drivers/fsl_enet.o
                0x000025fc                ENET_SetRxISRHandler
 .text.ENET_SetTxISRHandler
                0x0000262c       0x30 ./drivers/fsl_enet.o
                0x0000262c                ENET_SetTxISRHandler
 .text.ENET_SetErrISRHandler
                0x0000265c       0x30 ./drivers/fsl_enet.o
                0x0000265c                ENET_SetErrISRHandler
 .text.ENET_SetHandler
                0x0000268c      0x1a8 ./drivers/fsl_enet.o
 .text.ENET_SetMacController
                0x00002834      0x250 ./drivers/fsl_enet.o
 .text.ENET_SetTxBufferDescriptors
                0x00002a84       0xe4 ./drivers/fsl_enet.o
 .text.ENET_SetRxBufferDescriptors
                0x00002b68       0xfc ./drivers/fsl_enet.o
 .text.ENET_RxBufferAllocAll
                0x00002c64       0xcc ./drivers/fsl_enet.o
 .text.ENET_RxBufferFreeAll
                0x00002d30       0xc4 ./drivers/fsl_enet.o
 .text.ENET_ActiveReadRing
                0x00002df4       0x44 ./drivers/fsl_enet.o
 .text.ENET_ActiveSendRing
                0x00002e38       0x4c ./drivers/fsl_enet.o
 .text.ENET_SetSMI
                0x00002e84       0xa0 ./drivers/fsl_enet.o
                0x00002e84                ENET_SetSMI
 .text.ENET_IncreaseIndex
                0x00002f24       0x40 ./drivers/fsl_enet.o
 .text.ENET_GetRxFrameSize
                0x00002f64      0x128 ./drivers/fsl_enet.o
                0x00002f64                ENET_GetRxFrameSize
 .text.ENET_ReadFrame
                0x0000308c      0x188 ./drivers/fsl_enet.o
                0x0000308c                ENET_ReadFrame
 .text.ENET_UpdateReadBuffers
                0x00003214       0x94 ./drivers/fsl_enet.o
 .text.ENET_SendFrame
                0x000032a8      0x378 ./drivers/fsl_enet.o
                0x000032a8                ENET_SendFrame
 .text.ENET_ReclaimTxDescriptor
                0x00003620      0x10c ./drivers/fsl_enet.o
                0x00003620                ENET_ReclaimTxDescriptor
 .text.ENET_TransmitIRQHandler
                0x0000372c       0x8c ./drivers/fsl_enet.o
                0x0000372c                ENET_TransmitIRQHandler
 .text.ENET_ReceiveIRQHandler
                0x000037b8       0x5c ./drivers/fsl_enet.o
                0x000037b8                ENET_ReceiveIRQHandler
 .text.ENET_ErrorIRQHandler
                0x00003814       0x90 ./drivers/fsl_enet.o
                0x00003814                ENET_ErrorIRQHandler
 .text.ENET_Ptp1588IRQHandler
                0x000038a4       0x44 ./drivers/fsl_enet.o
                0x000038a4                ENET_Ptp1588IRQHandler
 .text.ENET_TxIRQHandler
                0x000038e8       0x48 ./drivers/fsl_enet.o
                0x000038e8                ENET_TxIRQHandler
 .text.ENET_RxIRQHandler
                0x00003930       0x44 ./drivers/fsl_enet.o
                0x00003930                ENET_RxIRQHandler
 .text.ENET_ErrIRQHandler
                0x00003974       0x44 ./drivers/fsl_enet.o
                0x00003974                ENET_ErrIRQHandler
 .text.ENET_Transmit_DriverIRQHandler
                0x000039b8       0x18 ./drivers/fsl_enet.o
                0x000039b8                ENET_Transmit_DriverIRQHandler
 .text.ENET_Receive_DriverIRQHandler
                0x000039d0       0x18 ./drivers/fsl_enet.o
                0x000039d0                ENET_Receive_DriverIRQHandler
 .text.ENET_Error_DriverIRQHandler
                0x000039e8       0x18 ./drivers/fsl_enet.o
                0x000039e8                ENET_Error_DriverIRQHandler
 .text.ENET_1588_Timer_DriverIRQHandler
                0x00003a00       0x18 ./drivers/fsl_enet.o
                0x00003a00                ENET_1588_Timer_DriverIRQHandler
 .text.GPIO_GetInstance
                0x00003a18       0x4c ./drivers/fsl_gpio.o
 .text.GPIO_PinInit
                0x00003a64       0x64 ./drivers/fsl_gpio.o
                0x00003a64                GPIO_PinInit
 .text.GPIO_PortGetInterruptFlags
                0x00003ac8       0x30 ./drivers/fsl_gpio.o
                0x00003ac8                GPIO_PortGetInterruptFlags
 .text.GPIO_PortClearInterruptFlags
                0x00003af8       0x34 ./drivers/fsl_gpio.o
                0x00003af8                GPIO_PortClearInterruptFlags
 .text.LPUART0_DriverIRQHandler
                0x00003b2c       0x28 ./drivers/fsl_lpuart.o
                0x00003b2c                LPUART0_DriverIRQHandler
 .text.UART_GetInstance
                0x00003b54       0x54 ./drivers/fsl_uart.o
                0x00003b54                UART_GetInstance
 .text.UART_Init
                0x00003ba8      0x2f4 ./drivers/fsl_uart.o
                0x00003ba8                UART_Init
 .text.UART_GetDefaultConfig
                0x00003e9c       0x68 ./drivers/fsl_uart.o
                0x00003e9c                UART_GetDefaultConfig
 .text.UART_EnableInterrupts
                0x00003f04       0x70 ./drivers/fsl_uart.o
                0x00003f04                UART_EnableInterrupts
 .text.UART1_DriverIRQHandler
                0x00003f74       0x28 ./drivers/fsl_uart.o
                0x00003f74                UART1_DriverIRQHandler
 .text.UART2_DriverIRQHandler
                0x00003f9c       0x28 ./drivers/fsl_uart.o
                0x00003f9c                UART2_DriverIRQHandler
 .text.UART3_DriverIRQHandler
                0x00003fc4       0x28 ./drivers/fsl_uart.o
                0x00003fc4                UART3_DriverIRQHandler
 .text.UART4_DriverIRQHandler
                0x00003fec       0x28 ./drivers/fsl_uart.o
                0x00003fec                UART4_DriverIRQHandler
 .text.SystemInit
                0x00004014       0x3c ./device/system_MK66F18.o
                0x00004014                SystemInit
 .text.CLOCK_SetSimSafeDivs
                0x00004050       0x24 ./board/clock_config.o
 .text.CLOCK_SetXtal0Freq
                0x00004074       0x20 ./board/clock_config.o
 .text.CLOCK_CONFIG_SetFllExtRefDiv
                0x00004094       0x3c ./board/clock_config.o
 .text.BOARD_BootClockRUN
                0x000040d0       0x60 ./board/clock_config.o
                0x000040d0                BOARD_BootClockRUN
 .text.PORT_SetPinConfig
                0x00004130       0x38 ./board/pin_mux.o
 .text.BOARD_InitPins
                0x00004168       0xe0 ./board/pin_mux.o
                0x00004168                BOARD_InitPins
 .text.malloc   0x00004248       0xe8 /Applications/MCUXpressoIDE_11.9.0_2144/ide/plugins/com.nxp.mcuxpresso.tools.macosx_11.9.0.202307121226/tools/bin/../lib/gcc/arm-none-eabi/12.3.1/../../../../arm-none-eabi/lib/thumb/v7e-m+fp/hard/libcr_c.a(alloc.o)
                0x00004248                malloc
 .text._Csys_alloc
                0x00004330       0x20 /Applications/MCUXpressoIDE_11.9.0_2144/ide/plugins/com.nxp.mcuxpresso.tools.macosx_11.9.0.202307121226/tools/bin/../lib/gcc/arm-none-eabi/12.3.1/../../../../arm-none-eabi/lib/thumb/v7e-m+fp/hard/libcr_c.a(alloc.o)
                0x00004330                _Csys_alloc
 .text._initio  0x00004350       0x78 /Applications/MCUXpressoIDE_11.9.0_2144/ide/plugins/com.nxp.mcuxpresso.tools.macosx_11.9.0.202307121226/tools/bin/../lib/gcc/arm-none-eabi/12.3.1/../../../../arm-none-eabi/lib/thumb/v7e-m+fp/hard/libcr_c.a(initio.o)
                0x00004350                _initio
 .text.__vfprintf
                0x000043c8      0xb80 /Applications/MCUXpressoIDE_11.9.0_2144/ide/plugins/com.nxp.mcuxpresso.tools.macosx_11.9.0.202307121226/tools/bin/../lib/gcc/arm-none-eabi/12.3.1/../../../../arm-none-eabi/lib/thumb/v7e-m+fp/hard/libcr_c.a(printf.o)
                0x000043c8                __vfprintf
 .text._snprintf
                0x00004f48       0x78 /Applications/MCUXpressoIDE_11.9.0_2144/ide/plugins/com.nxp.mcuxpresso.tools.macosx_11.9.0.202307121226/tools/bin/../lib/gcc/arm-none-eabi/12.3.1/../../../../arm-none-eabi/lib/thumb/v7e-m+fp/hard/libcr_c.a(printf.o)
                0x00004f48                _snprintf
 .text._vsnprintf
                0x00004fc0       0x68 /Applications/MCUXpressoIDE_11.9.0_2144/ide/plugins/com.nxp.mcuxpresso.tools.macosx_11.9.0.202307121226/tools/bin/../lib/gcc/arm-none-eabi/12.3.1/../../../../arm-none-eabi/lib/thumb/v7e-m+fp/hard/libcr_c.a(printf.o)
                0x00004fc0                _vsnprintf
 .text._printf  0x00005028       0x54 /Applications/MCUXpressoIDE_11.9.0_2144/ide/plugins/com.nxp.mcuxpresso.tools.macosx_11.9.0.202307121226/tools/bin/../lib/gcc/arm-none-eabi/12.3.1/../../../../arm-none-eabi/lib/thumb/v7e-m+fp/hard/libcr_c.a(printf.o)
                0x00005028                _printf
 .text._sbrk    0x0000507c       0x3c /Applications/MCUXpressoIDE_11.9.0_2144/ide/plugins/com.nxp.mcuxpresso.tools.macosx_11.9.0.202307121226/tools/bin/../lib/gcc/arm-none-eabi/12.3.1/../../../../arm-none-eabi/lib/thumb/v7e-m+fp/hard/libcr_c.a(_cr_sbrk.o)
                0x0000507c                _sbrk
 .text._Cwritebuf
                0x000050b8       0x6c /Applications/MCUXpressoIDE_11.9.0_2144/ide/plugins/com.nxp.mcuxpresso.tools.macosx_11.9.0.202307121226/tools/bin/../lib/gcc/arm-none-eabi/12.3.1/../../../../arm-none-eabi/lib/thumb/v7e-m+fp/hard/libcr_c.a(_writebuf.o)
                0x000050b8                _Cwritebuf
 .text.fflush   0x00005124       0x3c /Applications/MCUXpressoIDE_11.9.0_2144/ide/plugins/com.nxp.mcuxpresso.tools.macosx_11.9.0.202307121226/tools/bin/../lib/gcc/arm-none-eabi/12.3.1/../../../../arm-none-eabi/lib/thumb/v7e-m+fp/hard/libcr_c.a(fflush.o)
                0x00005124                fflush
 .text.fseek    0x00005160       0xf8 /Applications/MCUXpressoIDE_11.9.0_2144/ide/plugins/com.nxp.mcuxpresso.tools.macosx_11.9.0.202307121226/tools/bin/../lib/gcc/arm-none-eabi/12.3.1/../../../../arm-none-eabi/lib/thumb/v7e-m+fp/hard/libcr_c.a(fseek.o)
                0x00005160                fseek
 .text.ftell    0x00005258       0x44 /Applications/MCUXpressoIDE_11.9.0_2144/ide/plugins/com.nxp.mcuxpresso.tools.macosx_11.9.0.202307121226/tools/bin/../lib/gcc/arm-none-eabi/12.3.1/../../../../arm-none-eabi/lib/thumb/v7e-m+fp/hard/libcr_c.a(ftell.o)
                0x00005258                ftell
 .text.__check_heap_overflow
                0x0000529c       0x18 /Applications/MCUXpressoIDE_11.9.0_2144/ide/plugins/com.nxp.mcuxpresso.tools.macosx_11.9.0.202307121226/tools/bin/../lib/gcc/arm-none-eabi/12.3.1/../../../../arm-none-eabi/lib/thumb/v7e-m+fp/hard/libcr_c.a(_cr_check_heap.o)
                0x0000529c                __check_heap_overflow
 .text.__sys_appexit
                0x000052b4        0xc /Applications/MCUXpressoIDE_11.9.0_2144/ide/plugins/com.nxp.mcuxpresso.tools.macosx_11.9.0.202307121226/tools/bin/../lib/gcc/arm-none-eabi/12.3.1/../../../../arm-none-eabi/lib/thumb/v7e-m+fp/hard/libcr_semihost_nf.a(__sys_appexit.o)
                0x000052b4                __exit
                0x000052b4                __sys_appexit
 .text.DMA0_DMA16_IRQHandler
                0x000052c0        0x8 ./startup/startup_mk66f18.o
                0x000052c0                DMA0_DMA16_IRQHandler
 .text.DMA1_DMA17_IRQHandler
                0x000052c8        0x8 ./startup/startup_mk66f18.o
                0x000052c8                DMA1_DMA17_IRQHandler
 .text.DMA2_DMA18_IRQHandler
                0x000052d0        0x8 ./startup/startup_mk66f18.o
                0x000052d0                DMA2_DMA18_IRQHandler
 .text.DMA3_DMA19_IRQHandler
                0x000052d8        0x8 ./startup/startup_mk66f18.o
                0x000052d8                DMA3_DMA19_IRQHandler
 .text.DMA4_DMA20_IRQHandler
                0x000052e0        0x8 ./startup/startup_mk66f18.o
                0x000052e0                DMA4_DMA20_IRQHandler
 .text.DMA5_DMA21_IRQHandler
                0x000052e8        0x8 ./startup/startup_mk66f18.o
                0x000052e8                DMA5_DMA21_IRQHandler
 .text.DMA6_DMA22_IRQHandler
                0x000052f0        0x8 ./startup/startup_mk66f18.o
                0x000052f0                DMA6_DMA22_IRQHandler
 .text.DMA7_DMA23_IRQHandler
                0x000052f8        0x8 ./startup/startup_mk66f18.o
                0x000052f8                DMA7_DMA23_IRQHandler
 .text.DMA8_DMA24_IRQHandler
                0x00005300        0x8 ./startup/startup_mk66f18.o
                0x00005300                DMA8_DMA24_IRQHandler
 .text.DMA9_DMA25_IRQHandler
                0x00005308        0x8 ./startup/startup_mk66f18.o
                0x00005308                DMA9_DMA25_IRQHandler
 .text.DMA10_DMA26_IRQHandler
                0x00005310        0x8 ./startup/startup_mk66f18.o
                0x00005310                DMA10_DMA26_IRQHandler
 .text.DMA11_DMA27_IRQHandler
                0x00005318        0x8 ./startup/startup_mk66f18.o
                0x00005318                DMA11_DMA27_IRQHandler
 .text.DMA12_DMA28_IRQHandler
                0x00005320        0x8 ./startup/startup_mk66f18.o
                0x00005320                DMA12_DMA28_IRQHandler
 .text.DMA13_DMA29_IRQHandler
                0x00005328        0x8 ./startup/startup_mk66f18.o
                0x00005328                DMA13_DMA29_IRQHandler
 .text.DMA14_DMA30_IRQHandler
                0x00005330        0x8 ./startup/startup_mk66f18.o
                0x00005330                DMA14_DMA30_IRQHandler
 .text.DMA15_DMA31_IRQHandler
                0x00005338        0x8 ./startup/startup_mk66f18.o
                0x00005338                DMA15_DMA31_IRQHandler
 .text.DMA_Error_IRQHandler
                0x00005340        0x8 ./startup/startup_mk66f18.o
                0x00005340                DMA_Error_IRQHandler
 .text.MCM_IRQHandler
                0x00005348        0x8 ./startup/startup_mk66f18.o
                0x00005348                MCM_IRQHandler
 .text.FTFE_IRQHandler
                0x00005350        0x8 ./startup/startup_mk66f18.o
                0x00005350                FTFE_IRQHandler
 .text.Read_Collision_IRQHandler
                0x00005358        0x8 ./startup/startup_mk66f18.o
                0x00005358                Read_Collision_IRQHandler
 .text.LVD_LVW_IRQHandler
                0x00005360        0x8 ./startup/startup_mk66f18.o
                0x00005360                LVD_LVW_IRQHandler
 .text.LLWU_IRQHandler
                0x00005368        0x8 ./startup/startup_mk66f18.o
                0x00005368                LLWU_IRQHandler
 .text.WDOG_EWM_IRQHandler
                0x00005370        0x8 ./startup/startup_mk66f18.o
                0x00005370                WDOG_EWM_IRQHandler
 .text.RNG_IRQHandler
                0x00005378        0x8 ./startup/startup_mk66f18.o
                0x00005378                RNG_IRQHandler
 .text.I2C0_IRQHandler
                0x00005380        0x8 ./startup/startup_mk66f18.o
                0x00005380                I2C0_IRQHandler
 .text.I2C1_IRQHandler
                0x00005388        0x8 ./startup/startup_mk66f18.o
                0x00005388                I2C1_IRQHandler
 .text.SPI0_IRQHandler
                0x00005390        0x8 ./startup/startup_mk66f18.o
                0x00005390                SPI0_IRQHandler
 .text.SPI1_IRQHandler
                0x00005398        0x8 ./startup/startup_mk66f18.o
                0x00005398                SPI1_IRQHandler
 .text.I2S0_Tx_IRQHandler
                0x000053a0        0x8 ./startup/startup_mk66f18.o
                0x000053a0                I2S0_Tx_IRQHandler
 .text.I2S0_Rx_IRQHandler
                0x000053a8        0x8 ./startup/startup_mk66f18.o
                0x000053a8                I2S0_Rx_IRQHandler
 .text.Reserved46_IRQHandler
                0x000053b0        0x8 ./startup/startup_mk66f18.o
                0x000053b0                Reserved46_IRQHandler
 .text.UART0_ERR_IRQHandler
                0x000053b8        0x8 ./startup/startup_mk66f18.o
                0x000053b8                UART0_ERR_IRQHandler
 .text.UART1_RX_TX_IRQHandler
                0x000053c0        0x8 ./startup/startup_mk66f18.o
                0x000053c0                UART1_RX_TX_IRQHandler
 .text.UART1_ERR_IRQHandler
                0x000053c8        0x8 ./startup/startup_mk66f18.o
                0x000053c8                UART1_ERR_IRQHandler
 .text.UART2_RX_TX_IRQHandler
                0x000053d0        0x8 ./startup/startup_mk66f18.o
                0x000053d0                UART2_RX_TX_IRQHandler
 .text.UART2_ERR_IRQHandler
                0x000053d8        0x8 ./startup/startup_mk66f18.o
                0x000053d8                UART2_ERR_IRQHandler
 .text.UART3_RX_TX_IRQHandler
                0x000053e0        0x8 ./startup/startup_mk66f18.o
                0x000053e0                UART3_RX_TX_IRQHandler
 .text.UART3_ERR_IRQHandler
                0x000053e8        0x8 ./startup/startup_mk66f18.o
                0x000053e8                UART3_ERR_IRQHandler
 .text.ADC0_IRQHandler
                0x000053f0        0x8 ./startup/startup_mk66f18.o
                0x000053f0                ADC0_IRQHandler
 .text.CMP0_IRQHandler
                0x000053f8        0x8 ./startup/startup_mk66f18.o
                0x000053f8                CMP0_IRQHandler
 .text.CMP1_IRQHandler
                0x00005400        0x8 ./startup/startup_mk66f18.o
                0x00005400                CMP1_IRQHandler
 .text.FTM0_IRQHandler
                0x00005408        0x8 ./startup/startup_mk66f18.o
                0x00005408                FTM0_IRQHandler
 .text.FTM1_IRQHandler
                0x00005410        0x8 ./startup/startup_mk66f18.o
                0x00005410                FTM1_IRQHandler
 .text.FTM2_IRQHandler
                0x00005418        0x8 ./startup/startup_mk66f18.o
                0x00005418                FTM2_IRQHandler
 .text.CMT_IRQHandler
                0x00005420        0x8 ./startup/startup_mk66f18.o
                0x00005420                CMT_IRQHandler
 .text.RTC_IRQHandler
                0x00005428        0x8 ./startup/startup_mk66f18.o
                0x00005428                RTC_IRQHandler
 .text.RTC_Seconds_IRQHandler
                0x00005430        0x8 ./startup/startup_mk66f18.o
                0x00005430                RTC_Seconds_IRQHandler
 .text.PIT0_IRQHandler
                0x00005438        0x8 ./startup/startup_mk66f18.o
                0x00005438                PIT0_IRQHandler
 .text.PIT1_IRQHandler
                0x00005440        0x8 ./startup/startup_mk66f18.o
                0x00005440                PIT1_IRQHandler
 .text.PIT2_IRQHandler
                0x00005448        0x8 ./startup/startup_mk66f18.o
                0x00005448                PIT2_IRQHandler
 .text.PIT3_IRQHandler
                0x00005450        0x8 ./startup/startup_mk66f18.o
                0x00005450                PIT3_IRQHandler
 .text.PDB0_IRQHandler
                0x00005458        0x8 ./startup/startup_mk66f18.o
                0x00005458                PDB0_IRQHandler
 .text.USB0_IRQHandler
                0x00005460        0x8 ./startup/startup_mk66f18.o
                0x00005460                USB0_IRQHandler
 .text.USBDCD_IRQHandler
                0x00005468        0x8 ./startup/startup_mk66f18.o
                0x00005468                USBDCD_IRQHandler
 .text.Reserved71_IRQHandler
                0x00005470        0x8 ./startup/startup_mk66f18.o
                0x00005470                Reserved71_IRQHandler
 .text.DAC0_IRQHandler
                0x00005478        0x8 ./startup/startup_mk66f18.o
                0x00005478                DAC0_IRQHandler
 .text.MCG_IRQHandler
                0x00005480        0x8 ./startup/startup_mk66f18.o
                0x00005480                MCG_IRQHandler
 .text.LPTMR0_IRQHandler
                0x00005488        0x8 ./startup/startup_mk66f18.o
                0x00005488                LPTMR0_IRQHandler
 .text.PORTE_IRQHandler
                0x00005490        0x8 ./startup/startup_mk66f18.o
                0x00005490                PORTE_IRQHandler
 .text.SWI_IRQHandler
                0x00005498        0x8 ./startup/startup_mk66f18.o
                0x00005498                SWI_IRQHandler
 .text.SPI2_IRQHandler
                0x000054a0        0x8 ./startup/startup_mk66f18.o
                0x000054a0                SPI2_IRQHandler
 .text.UART4_RX_TX_IRQHandler
                0x000054a8        0x8 ./startup/startup_mk66f18.o
                0x000054a8                UART4_RX_TX_IRQHandler
 .text.UART4_ERR_IRQHandler
                0x000054b0        0x8 ./startup/startup_mk66f18.o
                0x000054b0                UART4_ERR_IRQHandler
 .text.Reserved84_IRQHandler
                0x000054b8        0x8 ./startup/startup_mk66f18.o
                0x000054b8                Reserved84_IRQHandler
 .text.Reserved85_IRQHandler
                0x000054c0        0x8 ./startup/startup_mk66f18.o
                0x000054c0                Reserved85_IRQHandler
 .text.CMP2_IRQHandler
                0x000054c8        0x8 ./startup/startup_mk66f18.o
                0x000054c8                CMP2_IRQHandler
 .text.FTM3_IRQHandler
                0x000054d0        0x8 ./startup/startup_mk66f18.o
                0x000054d0                FTM3_IRQHandler
 .text.DAC1_IRQHandler
                0x000054d8        0x8 ./startup/startup_mk66f18.o
                0x000054d8                DAC1_IRQHandler
 .text.ADC1_IRQHandler
                0x000054e0        0x8 ./startup/startup_mk66f18.o
                0x000054e0                ADC1_IRQHandler
 .text.I2C2_IRQHandler
                0x000054e8        0x8 ./startup/startup_mk66f18.o
                0x000054e8                I2C2_IRQHandler
 .text.CAN0_ORed_Message_buffer_IRQHandler
                0x000054f0        0x8 ./startup/startup_mk66f18.o
                0x000054f0                CAN0_ORed_Message_buffer_IRQHandler
 .text.CAN0_Bus_Off_IRQHandler
                0x000054f8        0x8 ./startup/startup_mk66f18.o
                0x000054f8                CAN0_Bus_Off_IRQHandler
 .text.CAN0_Error_IRQHandler
                0x00005500        0x8 ./startup/startup_mk66f18.o
                0x00005500                CAN0_Error_IRQHandler
 .text.CAN0_Tx_Warning_IRQHandler
                0x00005508        0x8 ./startup/startup_mk66f18.o
                0x00005508                CAN0_Tx_Warning_IRQHandler
 .text.CAN0_Rx_Warning_IRQHandler
                0x00005510        0x8 ./startup/startup_mk66f18.o
                0x00005510                CAN0_Rx_Warning_IRQHandler
 .text.CAN0_Wake_Up_IRQHandler
                0x00005518        0x8 ./startup/startup_mk66f18.o
                0x00005518                CAN0_Wake_Up_IRQHandler
 .text.SDHC_IRQHandler
                0x00005520        0x8 ./startup/startup_mk66f18.o
                0x00005520                SDHC_IRQHandler
 .text.ENET_1588_Timer_IRQHandler
                0x00005528        0x8 ./startup/startup_mk66f18.o
                0x00005528                ENET_1588_Timer_IRQHandler
 .text.ENET_Transmit_IRQHandler
                0x00005530        0x8 ./startup/startup_mk66f18.o
                0x00005530                ENET_Transmit_IRQHandler
 .text.ENET_Receive_IRQHandler
                0x00005538        0x8 ./startup/startup_mk66f18.o
                0x00005538                ENET_Receive_IRQHandler
 .text.ENET_Error_IRQHandler
                0x00005540        0x8 ./startup/startup_mk66f18.o
                0x00005540                ENET_Error_IRQHandler
 .text.LPUART0_IRQHandler
                0x00005548        0x8 ./startup/startup_mk66f18.o
                0x00005548                LPUART0_IRQHandler
 .text.TSI0_IRQHandler
                0x00005550        0x8 ./startup/startup_mk66f18.o
                0x00005550                TSI0_IRQHandler
 .text.TPM1_IRQHandler
                0x00005558        0x8 ./startup/startup_mk66f18.o
                0x00005558                TPM1_IRQHandler
 .text.TPM2_IRQHandler
                0x00005560        0x8 ./startup/startup_mk66f18.o
                0x00005560                TPM2_IRQHandler
 .text.USBHSDCD_IRQHandler
                0x00005568        0x8 ./startup/startup_mk66f18.o
                0x00005568                USBHSDCD_IRQHandler
 .text.I2C3_IRQHandler
                0x00005570        0x8 ./startup/startup_mk66f18.o
                0x00005570                I2C3_IRQHandler
 .text.CMP3_IRQHandler
                0x00005578        0x8 ./startup/startup_mk66f18.o
                0x00005578                CMP3_IRQHandler
 .text.USBHS_IRQHandler
                0x00005580        0x8 ./startup/startup_mk66f18.o
                0x00005580                USBHS_IRQHandler
 .text.CAN1_ORed_Message_buffer_IRQHandler
                0x00005588        0x8 ./startup/startup_mk66f18.o
                0x00005588                CAN1_ORed_Message_buffer_IRQHandler
 .text.CAN1_Bus_Off_IRQHandler
                0x00005590        0x8 ./startup/startup_mk66f18.o
                0x00005590                CAN1_Bus_Off_IRQHandler
 .text.CAN1_Error_IRQHandler
                0x00005598        0x8 ./startup/startup_mk66f18.o
                0x00005598                CAN1_Error_IRQHandler
 .text.CAN1_Tx_Warning_IRQHandler
                0x000055a0        0x8 ./startup/startup_mk66f18.o
                0x000055a0                CAN1_Tx_Warning_IRQHandler
 .text.CAN1_Rx_Warning_IRQHandler
                0x000055a8        0x8 ./startup/startup_mk66f18.o
                0x000055a8                CAN1_Rx_Warning_IRQHandler
 .text.CAN1_Wake_Up_IRQHandler
                0x000055b0        0x8 ./startup/startup_mk66f18.o
                0x000055b0                CAN1_Wake_Up_IRQHandler
 .text.CLOCK_EnableClock
                0x000055b8       0x34 ./source/uart/uart.o
 .text.UART_ReadByte
                0x000055ec       0x1a ./source/uart/uart.o
 .text.NVIC_enable_interrupt_and_priotity
                0x00005606       0x30 ./source/nvic/nvic.o
                0x00005606                NVIC_enable_interrupt_and_priotity
 .text.NVIC_set_basepri_threshold
                0x00005636       0x24 ./source/nvic/nvic.o
                0x00005636                NVIC_set_basepri_threshold
 .text.CLOCK_EnableClock
                0x0000565a       0x34 ./source/gpio/gpio.o
 .text.PORT_SetPinMux
                0x0000568e       0x3a ./source/gpio/gpio.o
 .text.PORT_SetPinInterruptConfig
                0x000056c8       0x3a ./source/gpio/gpio.o
 .text.ENET_ActiveRead
                0x00005702       0x1c ./source/ethernet/ethernet.o
 .text.PHY_Init
                0x0000571e       0x20 ./source/ethernet/ethernet.o
 .text.PHY_GetAutoNegotiationStatus
                0x0000573e       0x20 ./source/ethernet/ethernet.o
 .text.PHY_GetLinkStatus
                0x0000575e       0x20 ./source/ethernet/ethernet.o
 .text.PHY_GetLinkSpeedDuplex
                0x0000577e       0x24 ./source/ethernet/ethernet.o
 .text.SYSMPU_Enable
                0x000057a2       0x38 ./source/ethernet/ethernet.o
 .text.xtime    0x000057da       0x30 ./source/aes/aes.o
 .text.gf_mul   0x0000580a       0x4a ./source/aes/aes.o
 .text.SubBytes
                0x00005854       0x3c ./source/aes/aes.o
 .text.ShiftRows
                0x00005890       0x9c ./source/aes/aes.o
 .text.MixColumns
                0x0000592c      0x196 ./source/aes/aes.o
 .text.AddRoundKey
                0x00005ac2       0x46 ./source/aes/aes.o
 .text.Cipher   0x00005b08       0x68 ./source/aes/aes.o
 .text.XorWithIv
                0x00005b70       0x46 ./source/aes/aes.o
 .text.AES_init_ctx_iv
                0x00005bb6       0x2c ./source/aes/aes.o
                0x00005bb6                AES_init_ctx_iv
 .text.AES_CBC_encrypt_buffer
                0x00005be2       0x72 ./source/aes/aes.o
                0x00005be2                AES_CBC_encrypt_buffer
 .text.InvSubBytes
                0x00005c54       0x3c ./source/aes/aes.o
 .text.InvShiftRows
                0x00005c90       0x9c ./source/aes/aes.o
 .text.InvMixColumns
                0x00005d2c      0x15e ./source/aes/aes.o
 .text.AddRoundKeyInv
                0x00005e8a       0x46 ./source/aes/aes.o
 .text.InvCipher
                0x00005ed0       0x68 ./source/aes/aes.o
 .text.pkcs7_unpad
                0x00005f38       0x7c ./source/aes/aes.o
 .text.pkcs7_pad
                0x00005fb4       0x62 ./source/aes/aes.o
 .text.aes_encrypt
                0x00006016       0x50 ./source/aes/aes.o
                0x00006016                aes_encrypt
 .text.AES_CBC_decrypt_buffer
                0x00006066       0x8e ./source/aes/aes.o
                0x00006066                AES_CBC_decrypt_buffer
 .text.aes_decrypt
                0x000060f4       0x7a ./source/aes/aes.o
                0x000060f4                aes_decrypt
 .text.HardFault_Handler
                0x0000616e       0x36 ./source/semihost_hardfault.o
                0x0000616e                HardFault_Handler
 .text.MDIO_Init
                0x000061a4       0x1a ./phy/fsl_phyksz8081.o
 .text.MDIO_Write
                0x000061be       0x28 ./phy/fsl_phyksz8081.o
 .text.MDIO_Read
                0x000061e6       0x28 ./phy/fsl_phyksz8081.o
 .text.PHY_KSZ8081_Write
                0x0000620e       0x26 ./phy/fsl_phyksz8081.o
                0x0000620e                PHY_KSZ8081_Write
 .text.PHY_KSZ8081_Read
                0x00006234       0x26 ./phy/fsl_phyksz8081.o
                0x00006234                PHY_KSZ8081_Read
 .text.CLOCK_EnableClock
                0x0000625a       0x34 ./mdio/fsl_enet_mdio.o
 .text.ENET_ReadSMIData
                0x0000628e       0x1a ./mdio/fsl_enet_mdio.o
 .text.ENET_GetInterruptStatus
                0x000062a8       0x18 ./mdio/fsl_enet_mdio.o
 .text.ENET_ClearInterruptStatus
                0x000062c0       0x1c ./mdio/fsl_enet_mdio.o
 .text.ENET_MDIO_Write
                0x000062dc       0x5c ./mdio/fsl_enet_mdio.o
 .text.ENET_MDIO_WriteExt
                0x00006338       0x7e ./mdio/fsl_enet_mdio.o
 .text.ENET_MDIO_WaitTransferOver
                0x000063b6       0x2a ./mdio/fsl_enet_mdio.o
 .text.OSC_SetExtRefClkConfig
                0x000063e0       0x40 ./drivers/fsl_clock.o
 .text.OSC_SetCapLoad
                0x00006420       0x34 ./drivers/fsl_clock.o
 .text.CLOCK_GetPll0RefFreq
                0x00006454        0xe ./drivers/fsl_clock.o
 .text.CLOCK_GetFixedFreqClkFreq
                0x00006462       0x34 ./drivers/fsl_clock.o
                0x00006462                CLOCK_GetFixedFreqClkFreq
 .text.CLOCK_EnableClock
                0x00006496       0x34 ./drivers/fsl_enet.o
 .text.EnableIRQ
                0x000064ca       0x32 ./drivers/fsl_enet.o
 .text.DisableGlobalIRQ
                0x000064fc       0x22 ./drivers/fsl_enet.o
 .text.EnableGlobalIRQ
                0x0000651e       0x20 ./drivers/fsl_enet.o
 .text.ENET_Reset
                0x0000653e       0x20 ./drivers/fsl_enet.o
 .text.ENET_GetSMI
                0x0000655e       0x26 ./drivers/fsl_enet.o
 .text.ENET_EnableSleepMode
                0x00006584       0x38 ./drivers/fsl_enet.o
 .text.ENET_EnableInterrupts
                0x000065bc       0x22 ./drivers/fsl_enet.o
 .text.ENET_SetMacAddr
                0x000065de       0x5e ./drivers/fsl_enet.o
                0x000065de                ENET_SetMacAddr
 .text.ENET_StartSMIWrite
                0x0000663c       0x50 ./drivers/fsl_enet.o
                0x0000663c                ENET_StartSMIWrite
 .text.ENET_StartSMIRead
                0x0000668c       0x4a ./drivers/fsl_enet.o
                0x0000668c                ENET_StartSMIRead
 .text.ENET_StartExtC45SMIWriteReg
                0x000066d6       0x4e ./drivers/fsl_enet.o
                0x000066d6                ENET_StartExtC45SMIWriteReg
 .text.ENET_StartExtC45SMIWriteData
                0x00006724       0x52 ./drivers/fsl_enet.o
                0x00006724                ENET_StartExtC45SMIWriteData
 .text.ENET_StartExtC45SMIReadData
                0x00006776       0x4a ./drivers/fsl_enet.o
                0x00006776                ENET_StartExtC45SMIReadData
 .text.ENET_TxDirtyRingAvailable
                0x000067c0       0x2e ./drivers/fsl_enet.o
 .text.GPIO_PinWrite
                0x000067ee       0x36 ./drivers/fsl_gpio.o
 .text.CLOCK_EnableClock
                0x00006824       0x34 ./drivers/fsl_uart.o
 .text.UART_GetStatusFlags
                0x00006858       0x48 ./drivers/fsl_uart.o
                0x00006858                UART_GetStatusFlags
 .text.UART_WriteBlocking
                0x000068a0       0x50 ./drivers/fsl_uart.o
                0x000068a0                UART_WriteBlocking
 .text.UART1_RX_TX_DriverIRQHandler
                0x000068f0       0x12 ./drivers/fsl_uart.o
                0x000068f0                UART1_RX_TX_DriverIRQHandler
 .text.UART2_RX_TX_DriverIRQHandler
                0x00006902       0x12 ./drivers/fsl_uart.o
                0x00006902                UART2_RX_TX_DriverIRQHandler
 .text.UART3_RX_TX_DriverIRQHandler
                0x00006914       0x12 ./drivers/fsl_uart.o
                0x00006914                UART3_RX_TX_DriverIRQHandler
 .text.UART4_RX_TX_DriverIRQHandler
                0x00006926       0x12 ./drivers/fsl_uart.o
                0x00006926                UART4_RX_TX_DriverIRQHandler
 .text.SystemInitHook
                0x00006938        0xe ./device/system_MK66F18.o
                0x00006938                SystemInitHook
 .text.DbgConsole_Init
                0x00006946       0x20 ./board/board.o
 .text.BOARD_InitDebugConsole
                0x00006966       0x22 ./board/board.o
                0x00006966                BOARD_InitDebugConsole
 .text.BOARD_InitBootClocks
                0x00006988        0xc ./board/clock_config.o
                0x00006988                BOARD_InitBootClocks
 .text.CLOCK_EnableClock
                0x00006994       0x34 ./board/pin_mux.o
 .text.PORT_SetPinMux
                0x000069c8       0x3a ./board/pin_mux.o
 .text.BOARD_InitBootPins
                0x00006a02        0xc ./board/pin_mux.o
                0x00006a02                BOARD_InitBootPins
 .text.__main   0x00006a0e        0xe /Applications/MCUXpressoIDE_11.9.0_2144/ide/plugins/com.nxp.mcuxpresso.tools.macosx_11.9.0.202307121226/tools/bin/../lib/gcc/arm-none-eabi/12.3.1/../../../../arm-none-eabi/lib/thumb/v7e-m+fp/hard/libcr_semihost_nf.a(_cr__main.o)
                0x00006a0e                __main
                0x00006a0e                __CR_SEMIHOST
 .text.memcpy   0x00006a1c        0x4 /Applications/MCUXpressoIDE_11.9.0_2144/ide/plugins/com.nxp.mcuxpresso.tools.macosx_11.9.0.202307121226/tools/bin/../lib/gcc/arm-none-eabi/12.3.1/../../../../arm-none-eabi/lib/thumb/v7e-m+fp/hard/libcr_c.a(memcpy.o)
                0x00006a1c                memcpy
 .text.memset   0x00006a20        0x4 /Applications/MCUXpressoIDE_11.9.0_2144/ide/plugins/com.nxp.mcuxpresso.tools.macosx_11.9.0.202307121226/tools/bin/../lib/gcc/arm-none-eabi/12.3.1/../../../../arm-none-eabi/lib/thumb/v7e-m+fp/hard/libcr_c.a(memset.o)
                0x00006a20                memset
 .text.free     0x00006a24       0x30 /Applications/MCUXpressoIDE_11.9.0_2144/ide/plugins/com.nxp.mcuxpresso.tools.macosx_11.9.0.202307121226/tools/bin/../lib/gcc/arm-none-eabi/12.3.1/../../../../arm-none-eabi/lib/thumb/v7e-m+fp/hard/libcr_c.a(alloc.o)
                0x00006a24                free
 .text.no_fp_display
                0x00006a54        0x4 /Applications/MCUXpressoIDE_11.9.0_2144/ide/plugins/com.nxp.mcuxpresso.tools.macosx_11.9.0.202307121226/tools/bin/../lib/gcc/arm-none-eabi/12.3.1/../../../../arm-none-eabi/lib/thumb/v7e-m+fp/hard/libcr_c.a(printf.o)
 .text.setvbuf  0x00006a58       0x3e /Applications/MCUXpressoIDE_11.9.0_2144/ide/plugins/com.nxp.mcuxpresso.tools.macosx_11.9.0.202307121226/tools/bin/../lib/gcc/arm-none-eabi/12.3.1/../../../../arm-none-eabi/lib/thumb/v7e-m+fp/hard/libcr_c.a(setvbuf.o)
                0x00006a58                setvbuf
 .text.strlen   0x00006a96       0x4e /Applications/MCUXpressoIDE_11.9.0_2144/ide/plugins/com.nxp.mcuxpresso.tools.macosx_11.9.0.202307121226/tools/bin/../lib/gcc/arm-none-eabi/12.3.1/../../../../arm-none-eabi/lib/thumb/v7e-m+fp/hard/libcr_c.a(strlen.o)
                0x00006a96                strlen
 .text._deferredlazyseek
                0x00006ae4       0x40 /Applications/MCUXpressoIDE_11.9.0_2144/ide/plugins/com.nxp.mcuxpresso.tools.macosx_11.9.0.202307121226/tools/bin/../lib/gcc/arm-none-eabi/12.3.1/../../../../arm-none-eabi/lib/thumb/v7e-m+fp/hard/libcr_c.a(_deferredlazyseek.o)
                0x00006ae4                _deferredlazyseek
 .text.__flsbuf
                0x00006b24      0x140 /Applications/MCUXpressoIDE_11.9.0_2144/ide/plugins/com.nxp.mcuxpresso.tools.macosx_11.9.0.202307121226/tools/bin/../lib/gcc/arm-none-eabi/12.3.1/../../../../arm-none-eabi/lib/thumb/v7e-m+fp/hard/libcr_c.a(_deferredlazyseek.o)
                0x00006b24                __flsbuf
 .text._fdopen  0x00006c64       0x68 /Applications/MCUXpressoIDE_11.9.0_2144/ide/plugins/com.nxp.mcuxpresso.tools.macosx_11.9.0.202307121226/tools/bin/../lib/gcc/arm-none-eabi/12.3.1/../../../../arm-none-eabi/lib/thumb/v7e-m+fp/hard/libcr_c.a(_fdopen.o)
                0x00006c64                _fdopen
 .text._fflush  0x00006ccc       0x52 /Applications/MCUXpressoIDE_11.9.0_2144/ide/plugins/com.nxp.mcuxpresso.tools.macosx_11.9.0.202307121226/tools/bin/../lib/gcc/arm-none-eabi/12.3.1/../../../../arm-none-eabi/lib/thumb/v7e-m+fp/hard/libcr_c.a(_fflush.o)
                0x00006ccc                _fflush
 .text.fclose   0x00006d1e       0x58 /Applications/MCUXpressoIDE_11.9.0_2144/ide/plugins/com.nxp.mcuxpresso.tools.macosx_11.9.0.202307121226/tools/bin/../lib/gcc/arm-none-eabi/12.3.1/../../../../arm-none-eabi/lib/thumb/v7e-m+fp/hard/libcr_c.a(fclose.o)
                0x00006d1e                fclose
 .text.remove   0x00006d76       0x14 /Applications/MCUXpressoIDE_11.9.0_2144/ide/plugins/com.nxp.mcuxpresso.tools.macosx_11.9.0.202307121226/tools/bin/../lib/gcc/arm-none-eabi/12.3.1/../../../../arm-none-eabi/lib/thumb/v7e-m+fp/hard/libcr_c.a(remove.o)
                0x00006d76                remove
 .text._do_fflush
                0x00006d8a       0x40 /Applications/MCUXpressoIDE_11.9.0_2144/ide/plugins/com.nxp.mcuxpresso.tools.macosx_11.9.0.202307121226/tools/bin/../lib/gcc/arm-none-eabi/12.3.1/../../../../arm-none-eabi/lib/thumb/v7e-m+fp/hard/libcr_c.a(_do_fflush.o)
                0x00006d8a                _do_fflush
 .text.__aeabi_memcpy
                0x00006dca       0x34 /Applications/MCUXpressoIDE_11.9.0_2144/ide/plugins/com.nxp.mcuxpresso.tools.macosx_11.9.0.202307121226/tools/bin/../lib/gcc/arm-none-eabi/12.3.1/thumb/v7e-m+fp/hard/libcr_eabihelpers.a(memcpy.o)
                0x00006dca                __aeabi_memcpy
                0x00006dd4                __aeabi_memcpy4
                0x00006dd4                __aeabi_memcpy8
 .text.__aeabi_memset_lowlevel
                0x00006dfe       0x32 /Applications/MCUXpressoIDE_11.9.0_2144/ide/plugins/com.nxp.mcuxpresso.tools.macosx_11.9.0.202307121226/tools/bin/../lib/gcc/arm-none-eabi/12.3.1/thumb/v7e-m+fp/hard/libcr_eabihelpers.a(memcpy.o)
                0x00006dfe                __aeabi_lowlevel_memset
 .text.__sys_close
                0x00006e30        0xc /Applications/MCUXpressoIDE_11.9.0_2144/ide/plugins/com.nxp.mcuxpresso.tools.macosx_11.9.0.202307121226/tools/bin/../lib/gcc/arm-none-eabi/12.3.1/../../../../arm-none-eabi/lib/thumb/v7e-m+fp/hard/libcr_semihost_nf.a(__sys_close.o)
                0x00006e30                __sys_close
 .text.__sys_flen
                0x00006e3c        0xc /Applications/MCUXpressoIDE_11.9.0_2144/ide/plugins/com.nxp.mcuxpresso.tools.macosx_11.9.0.202307121226/tools/bin/../lib/gcc/arm-none-eabi/12.3.1/../../../../arm-none-eabi/lib/thumb/v7e-m+fp/hard/libcr_semihost_nf.a(__sys_flen.o)
                0x00006e3c                __sys_flen
 .text.__sys_istty
                0x00006e48        0xc /Applications/MCUXpressoIDE_11.9.0_2144/ide/plugins/com.nxp.mcuxpresso.tools.macosx_11.9.0.202307121226/tools/bin/../lib/gcc/arm-none-eabi/12.3.1/../../../../arm-none-eabi/lib/thumb/v7e-m+fp/hard/libcr_semihost_nf.a(__sys_istty.o)
                0x00006e48                __sys_istty
 .text.__sys_remove
                0x00006e54        0xc /Applications/MCUXpressoIDE_11.9.0_2144/ide/plugins/com.nxp.mcuxpresso.tools.macosx_11.9.0.202307121226/tools/bin/../lib/gcc/arm-none-eabi/12.3.1/../../../../arm-none-eabi/lib/thumb/v7e-m+fp/hard/libcr_semihost_nf.a(__sys_remove.o)
                0x00006e54                __sys_remove
 .text.__sys_seek
                0x00006e60        0xc /Applications/MCUXpressoIDE_11.9.0_2144/ide/plugins/com.nxp.mcuxpresso.tools.macosx_11.9.0.202307121226/tools/bin/../lib/gcc/arm-none-eabi/12.3.1/../../../../arm-none-eabi/lib/thumb/v7e-m+fp/hard/libcr_semihost_nf.a(__sys_seek.o)
                0x00006e60                __sys_seek
 .text.__sys_tmpnam
                0x00006e6c        0xc /Applications/MCUXpressoIDE_11.9.0_2144/ide/plugins/com.nxp.mcuxpresso.tools.macosx_11.9.0.202307121226/tools/bin/../lib/gcc/arm-none-eabi/12.3.1/../../../../arm-none-eabi/lib/thumb/v7e-m+fp/hard/libcr_semihost_nf.a(__sys_tmpnam.o)
                0x00006e6c                __sys_tmpnam
 .text.__sys_write
                0x00006e78        0xc /Applications/MCUXpressoIDE_11.9.0_2144/ide/plugins/com.nxp.mcuxpresso.tools.macosx_11.9.0.202307121226/tools/bin/../lib/gcc/arm-none-eabi/12.3.1/../../../../arm-none-eabi/lib/thumb/v7e-m+fp/hard/libcr_semihost_nf.a(__sys_write.o)
                0x00006e78                __sys_write
 *(SORT_BY_ALIGNMENT(.rodata) SORT_BY_ALIGNMENT(.rodata.*) SORT_BY_ALIGNMENT(.constdata) SORT_BY_ALIGNMENT(.constdata.*))
 .rodata.__assertion_failed.str1.4
                0x00006e84       0x14 ./utilities/fsl_assert.o
 .rodata.terminal_print_menu.str1.4
                0x00006e98        0x6 ./source/uart/terminal.o
 *fill*         0x00006e9e        0x2 ff
 .rodata.PORT_SetPinConfig.str1.4
                0x00006ea0       0x6c ./source/gpio/gpio.o
 .rodata.gpio_input_config
                0x00006f0c        0x2 ./source/gpio/gpio.o
                0x00006f0c                gpio_input_config
 *fill*         0x00006f0e        0x2 ff
 .rodata.gpio_output_config
                0x00006f10        0x2 ./source/gpio/gpio.o
                0x00006f10                gpio_output_config
 *fill*         0x00006f12        0x2 ff
 .rodata.button_config
                0x00006f14        0x2 ./source/gpio/gpio.o
                0x00006f14                button_config
 *fill*         0x00006f16        0x2 ff
 .rodata.destAddr
                0x00006f18        0x6 ./source/ethernet/ethernet.o
 *fill*         0x00006f1e        0x2 ff
 .rodata.srcAddr
                0x00006f20        0x6 ./source/ethernet/ethernet.o
 *fill*         0x00006f26        0x2 ff
 .rodata.aes_key
                0x00006f28       0x10 ./source/ethernet/ethernet.o
 .rodata.aes_iv
                0x00006f38       0x10 ./source/ethernet/ethernet.o
 .rodata.ethernet_init.str1.4
                0x00006f48       0x3a ./source/ethernet/ethernet.o
 *fill*         0x00006f82        0x2 ff
 .rodata        0x00006f84       0x20 ./source/ethernet/ethernet.o
 .rodata.ethernet_send.str1.4
                0x00006fa4       0x13 ./source/ethernet/ethernet.o
 *fill*         0x00006fb7        0x1 ff
 .rodata.ethernet_receive.str1.4
                0x00006fb8       0x1e ./source/ethernet/ethernet.o
 *fill*         0x00006fd6        0x2 ff
 .rodata.sbox   0x00006fd8      0x100 ./source/aes/aes.o
 .rodata.Rcon   0x000070d8        0xb ./source/aes/aes.o
 *fill*         0x000070e3        0x1 ff
 .rodata.inv_sbox.0
                0x000070e4      0x100 ./source/aes/aes.o
 .rodata.phyksz8081_ops
                0x000071e4       0x20 ./phy/fsl_phyksz8081.o
                0x000071e4                phyksz8081_ops
 .rodata.PHY_KSZ8081_Init.str1.4
                0x00007204       0x37 ./phy/fsl_phyksz8081.o
 *fill*         0x0000723b        0x1 ff
 .rodata.PHY_KSZ8081_GetAutoNegotiationStatus.str1.4
                0x0000723c       0x1e ./phy/fsl_phyksz8081.o
 *fill*         0x0000725a        0x2 ff
 .rodata.PHY_KSZ8081_GetLinkStatus.str1.4
                0x0000725c       0x1e ./phy/fsl_phyksz8081.o
 *fill*         0x0000727a        0x2 ff
 .rodata.PHY_KSZ8081_GetLinkSpeedDuplex.str1.4
                0x0000727c       0x3e ./phy/fsl_phyksz8081.o
 *fill*         0x000072ba        0x2 ff
 .rodata.PHY_KSZ8081_SetLinkSpeedDuplex.str1.4
                0x000072bc       0x2f ./phy/fsl_phyksz8081.o
 *fill*         0x000072eb        0x1 ff
 .rodata.PHY_KSZ8081_EnableLoopback.str1.4
                0x000072ec       0x8f ./phy/fsl_phyksz8081.o
 *fill*         0x0000737b        0x1 ff
 .rodata.enet_ops
                0x0000737c       0x14 ./mdio/fsl_enet_mdio.o
                0x0000737c                enet_ops
 .rodata.ENET_MDIO_Read.str1.4
                0x00007390       0x25 ./mdio/fsl_enet_mdio.o
 *fill*         0x000073b5        0x3 ff
 .rodata.ENET_MDIO_ReadExt.str1.4
                0x000073b8       0x26 ./mdio/fsl_enet_mdio.o
 *fill*         0x000073de        0x2 ff
 .rodata.CLOCK_GetMcgExtClkFreq.str1.4
                0x000073e0       0x49 ./drivers/fsl_clock.o
 *fill*         0x00007429        0x3 ff
 .rodata.CLOCK_GetOsc0ErClkUndivFreq.str1.4
                0x0000742c       0x1e ./drivers/fsl_clock.o
 *fill*         0x0000744a        0x2 ff
 .rodata.CLOCK_GetOsc0ErClkDivFreq.str1.4
                0x0000744c       0x1e ./drivers/fsl_clock.o
 *fill*         0x0000746a        0x2 ff
 .rodata.CLOCK_GetEr32kClkFreq.str1.4
                0x0000746c       0x1f ./drivers/fsl_clock.o
 *fill*         0x0000748b        0x1 ff
 .rodata.CLOCK_GetPll0Freq.str1.4
                0x0000748c       0x1d ./drivers/fsl_clock.o
 *fill*         0x000074a9        0x3 ff
 .rodata.CLOCK_EnablePll0.str1.4
                0x000074ac       0x1a ./drivers/fsl_clock.o
 *fill*         0x000074c6        0x2 ff
 .rodata.CLOCK_SetPbeMode.str1.4
                0x000074c8       0x1a ./drivers/fsl_clock.o
 *fill*         0x000074e2        0x2 ff
 .rodata.CLOCK_BootToPeeMode.str1.4
                0x000074e4       0x1a ./drivers/fsl_clock.o
 *fill*         0x000074fe        0x2 ff
 .rodata.fllFactorTable.1
                0x00007500       0x10 ./drivers/fsl_clock.o
 .rodata.s_enetClock
                0x00007510        0x4 ./drivers/fsl_enet.o
                0x00007510                s_enetClock
 .rodata.ENET_GetInstance.str1.4
                0x00007514       0x34 ./drivers/fsl_enet.o
 .rodata.ENET_GetDefaultConfig.str1.4
                0x00007548       0x20 ./drivers/fsl_enet.o
 .rodata.ENET_Up.str1.4
                0x00007568       0xe0 ./drivers/fsl_enet.o
 .rodata.ENET_SetHandler.str1.4
                0x00007648       0x58 ./drivers/fsl_enet.o
 .rodata.ENET_SetTxBufferDescriptors.str1.4
                0x000076a0       0x46 ./drivers/fsl_enet.o
 *fill*         0x000076e6        0x2 ff
 .rodata.ENET_SetRxBufferDescriptors.str1.4
                0x000076e8       0x8c ./drivers/fsl_enet.o
 .rodata.ENET_RxBufferAllocAll.str1.4
                0x00007774       0x6b ./drivers/fsl_enet.o
 *fill*         0x000077df        0x1 ff
 .rodata.ENET_RxBufferFreeAll.str1.4
                0x000077e0       0x67 ./drivers/fsl_enet.o
 *fill*         0x00007847        0x1 ff
 .rodata.ENET_ActiveReadRing.str1.4
                0x00007848       0x64 ./drivers/fsl_enet.o
 .rodata.ENET_ActiveSendRing.str1.4
                0x000078ac       0x4b ./drivers/fsl_enet.o
 *fill*         0x000078f7        0x1 ff
 .rodata.ENET_SetSMI.str1.4
                0x000078f8       0x45 ./drivers/fsl_enet.o
 *fill*         0x0000793d        0x3 ff
 .rodata.ENET_IncreaseIndex.str1.4
                0x00007940       0x1e ./drivers/fsl_enet.o
 *fill*         0x0000795e        0x2 ff
 .rodata.ENET_GetRxFrameSize.str1.4
                0x00007960       0x83 ./drivers/fsl_enet.o
 *fill*         0x000079e3        0x1 ff
 .rodata.ENET_ReadFrame.str1.4
                0x000079e4       0x6f ./drivers/fsl_enet.o
 *fill*         0x00007a53        0x1 ff
 .rodata.ENET_UpdateReadBuffers.str1.4
                0x00007a54       0x6f ./drivers/fsl_enet.o
 *fill*         0x00007ac3        0x1 ff
 .rodata.ENET_SendFrame.str1.4
                0x00007ac4       0x8f ./drivers/fsl_enet.o
 *fill*         0x00007b53        0x1 ff
 .rodata.ENET_ReclaimTxDescriptor.str1.4
                0x00007b54       0x4b ./drivers/fsl_enet.o
 *fill*         0x00007b9f        0x1 ff
 .rodata.ENET_TransmitIRQHandler.str1.4
                0x00007ba0       0x21 ./drivers/fsl_enet.o
 *fill*         0x00007bc1        0x3 ff
 .rodata.ENET_ReceiveIRQHandler.str1.4
                0x00007bc4       0x21 ./drivers/fsl_enet.o
 *fill*         0x00007be5        0x3 ff
 .rodata.ENET_ErrorIRQHandler.str1.4
                0x00007be8       0x21 ./drivers/fsl_enet.o
 *fill*         0x00007c09        0x3 ff
 .rodata.s_portBases
                0x00007c0c       0x14 ./drivers/fsl_gpio.o
 .rodata.s_gpioBases
                0x00007c20       0x14 ./drivers/fsl_gpio.o
 .rodata.GPIO_GetInstance.str1.4
                0x00007c34       0x33 ./drivers/fsl_gpio.o
 *fill*         0x00007c67        0x1 ff
 .rodata.GPIO_PinInit.str1.4
                0x00007c68       0x20 ./drivers/fsl_gpio.o
 .rodata.s_uartBases
                0x00007c88       0x14 ./drivers/fsl_uart.o
 .rodata.s_uartClock
                0x00007c9c       0x14 ./drivers/fsl_uart.o
 .rodata.UART_GetInstance.str1.4
                0x00007cb0       0x2b ./drivers/fsl_uart.o
 *fill*         0x00007cdb        0x1 ff
 .rodata.UART_Init.str1.4
                0x00007cdc       0xfb ./drivers/fsl_uart.o
 *fill*         0x00007dd7        0x1 ff
 .rodata.UART_GetDefaultConfig.str1.4
                0x00007dd8       0x20 ./drivers/fsl_uart.o
 .rodata.mcgConfig_BOARD_BootClockRUN
                0x00007df8        0xc ./board/clock_config.o
                0x00007df8                mcgConfig_BOARD_BootClockRUN
 .rodata.simConfig_BOARD_BootClockRUN
                0x00007e04        0x8 ./board/clock_config.o
                0x00007e04                simConfig_BOARD_BootClockRUN
 .rodata.oscConfig_BOARD_BootClockRUN
                0x00007e0c        0x8 ./board/clock_config.o
                0x00007e0c                oscConfig_BOARD_BootClockRUN
 .rodata.PORT_SetPinConfig.str1.4
                0x00007e14       0x6c ./board/pin_mux.o
 .rodata.__num_Ciob_streams
                0x00007e14        0x4 /Applications/MCUXpressoIDE_11.9.0_2144/ide/plugins/com.nxp.mcuxpresso.tools.macosx_11.9.0.202307121226/tools/bin/../lib/gcc/arm-none-eabi/12.3.1/../../../../arm-none-eabi/lib/thumb/v7e-m+fp/hard/libcr_semihost_nf.a(__ciob.o)
                0x00007e14                __num_Ciob_streams
 .rodata._Csys_alloc.str1.1
                0x00007e18       0x18 /Applications/MCUXpressoIDE_11.9.0_2144/ide/plugins/com.nxp.mcuxpresso.tools.macosx_11.9.0.202307121226/tools/bin/../lib/gcc/arm-none-eabi/12.3.1/../../../../arm-none-eabi/lib/thumb/v7e-m+fp/hard/libcr_c.a(alloc.o)
 .rodata._initio.str1.1
                0x00007e30        0x4 /Applications/MCUXpressoIDE_11.9.0_2144/ide/plugins/com.nxp.mcuxpresso.tools.macosx_11.9.0.202307121226/tools/bin/../lib/gcc/arm-none-eabi/12.3.1/../../../../arm-none-eabi/lib/thumb/v7e-m+fp/hard/libcr_c.a(initio.o)
 .rodata.__vfprintf.str1.1
                0x00007e34       0x37 /Applications/MCUXpressoIDE_11.9.0_2144/ide/plugins/com.nxp.mcuxpresso.tools.macosx_11.9.0.202307121226/tools/bin/../lib/gcc/arm-none-eabi/12.3.1/../../../../arm-none-eabi/lib/thumb/v7e-m+fp/hard/libcr_c.a(printf.o)
                                 0x38 (size before relaxing)
                0x00007e80                        . = ALIGN (0x8)
 *fill*         0x00007e6b        0x5 ff

.glue_7         0x00007e70        0x0
 .glue_7        0x00007e70        0x0 linker stubs

.glue_7t        0x00007e70        0x0
 .glue_7t       0x00007e70        0x0 linker stubs

.vfp11_veneer   0x00007e70        0x0
 .vfp11_veneer  0x00007e70        0x0 linker stubs

.v4_bx          0x00007e70        0x0
 .v4_bx         0x00007e70        0x0 linker stubs

.iplt           0x00007e70        0x0
 .iplt          0x00007e70        0x0 ./utilities/fsl_assert.o

.rel.dyn        0x00007e70        0x0
 .rel.iplt      0x00007e70        0x0 ./utilities/fsl_assert.o

.ARM.extab
 *(SORT_BY_ALIGNMENT(.ARM.extab*) SORT_BY_ALIGNMENT(.gnu.linkonce.armextab.*))

.ARM.exidx      0x00007e70        0x0
                0x00007e70                        __exidx_start = .
 *(SORT_BY_ALIGNMENT(.ARM.exidx*) SORT_BY_ALIGNMENT(.gnu.linkonce.armexidx.*))
                0x00007e70                        __exidx_end = .
                0x00007e70                        _etext = .

.m_usb_data
 *(SORT_BY_ALIGNMENT(m_usb_bdt))

.data_RAM2      0x1fff0000        0x0 load address 0x00007e70
 FILL mask 0xff
                [!provide]                        PROVIDE (__start_data_RAM2 = .)
                [!provide]                        PROVIDE (__start_data_SRAM_LOWER = .)
 *(SORT_BY_ALIGNMENT(.ramfunc.$RAM2))
 *(SORT_BY_ALIGNMENT(.ramfunc.$SRAM_LOWER))
 *(SORT_BY_ALIGNMENT(NonCacheable.init))
 *(SORT_BY_ALIGNMENT(.data.$RAM2))
 *(SORT_BY_ALIGNMENT(.data.$SRAM_LOWER))
 *(SORT_BY_ALIGNMENT(.data.$RAM2.*))
 *(SORT_BY_ALIGNMENT(.data.$SRAM_LOWER.*))
                0x1fff0000                        . = ALIGN (0x8)
                [!provide]                        PROVIDE (__end_data_RAM2 = .)
                [!provide]                        PROVIDE (__end_data_SRAM_LOWER = .)

.data_RAM3      0x14000000        0x0 load address 0x00007e70
 FILL mask 0xff
                [!provide]                        PROVIDE (__start_data_RAM3 = .)
                [!provide]                        PROVIDE (__start_data_FLEX_RAM = .)
 *(SORT_BY_ALIGNMENT(.ramfunc.$RAM3))
 *(SORT_BY_ALIGNMENT(.ramfunc.$FLEX_RAM))
 *(SORT_BY_ALIGNMENT(.data.$RAM3))
 *(SORT_BY_ALIGNMENT(.data.$FLEX_RAM))
 *(SORT_BY_ALIGNMENT(.data.$RAM3.*))
 *(SORT_BY_ALIGNMENT(.data.$FLEX_RAM.*))
                0x14000000                        . = ALIGN (0x8)
                [!provide]                        PROVIDE (__end_data_RAM3 = .)
                [!provide]                        PROVIDE (__end_data_FLEX_RAM = .)

.uninit_RESERVED
                0x20000000        0x0
                0x20000000                        _start_uninit_RESERVED = .
 *(SORT_BY_ALIGNMENT(.bss.$RESERVED*))
                0x20000000                        . = ALIGN (0x8)
                0x20000000                        _end_uninit_RESERVED = .

.data           0x20000000      0x268 load address 0x00007e70
 FILL mask 0xff
                0x20000000                        _data = .
                [!provide]                        PROVIDE (__start_data_RAM = .)
                [!provide]                        PROVIDE (__start_data_SRAM_UPPER = .)
 *(SORT_BY_ALIGNMENT(vtable))
 *(SORT_BY_ALIGNMENT(.ramfunc*))
 *(SORT_BY_ALIGNMENT(CodeQuickAccess))
 *(SORT_BY_ALIGNMENT(DataQuickAccess))
 *(SORT_BY_ALIGNMENT(RamFunction))
 *(SORT_BY_ALIGNMENT(.data*))
 .data.clear    0x20000000        0x5 ./source/uart/terminal.o
                0x20000000                clear
 *fill*         0x20000005        0x3 ff
 .data.background_text
                0x20000008        0x9 ./source/uart/terminal.o
                0x20000008                background_text
 *fill*         0x20000011        0x3 ff
 .data.menu_titulo
                0x20000014       0x29 ./source/uart/terminal.o
                0x20000014                menu_titulo
 *fill*         0x2000003d        0x3 ff
 .data.menu_instruccion
                0x20000040       0x1f ./source/uart/terminal.o
                0x20000040                menu_instruccion
 *fill*         0x2000005f        0x1 ff
 .data.mensaje_1
                0x20000060       0x20 ./source/uart/terminal.o
                0x20000060                mensaje_1
 .data.mensaje_2
                0x20000080       0x10 ./source/uart/terminal.o
                0x20000080                mensaje_2
 .data.mensaje_3
                0x20000090       0x18 ./source/uart/terminal.o
                0x20000090                mensaje_3
 .data.mensaje_4
                0x200000a8       0x1d ./source/uart/terminal.o
                0x200000a8                mensaje_4
 *fill*         0x200000c5        0x3 ff
 .data.mensaje_5
                0x200000c8       0x13 ./source/uart/terminal.o
                0x200000c8                mensaje_5
 *fill*         0x200000db        0x1 ff
 .data.mensaje_6
                0x200000dc       0x16 ./source/uart/terminal.o
                0x200000dc                mensaje_6
 *fill*         0x200000f2        0x2 ff
 .data.mensaje_7
                0x200000f4       0x1b ./source/uart/terminal.o
                0x200000f4                mensaje_7
 *fill*         0x2000010f        0x1 ff
 .data.mensaje_8
                0x20000110       0x1b ./source/uart/terminal.o
                0x20000110                mensaje_8
 *fill*         0x2000012b        0x1 ff
 .data.mensaje_9
                0x2000012c       0x1c ./source/uart/terminal.o
                0x2000012c                mensaje_9
 .data.mensaje_10
                0x20000148       0x19 ./source/uart/terminal.o
                0x20000148                mensaje_10
 *fill*         0x20000161        0x3 ff
 .data.mensaje_11
                0x20000164       0x24 ./source/uart/terminal.o
                0x20000164                mensaje_11
 .data.mensaje_12
                0x20000188        0xf ./source/uart/terminal.o
                0x20000188                mensaje_12
 *fill*         0x20000197        0x1 ff
 .data.mensaje_13
                0x20000198       0x1a ./source/uart/terminal.o
                0x20000198                mensaje_13
 *fill*         0x200001b2        0x2 ff
 .data.mensaje_14
                0x200001b4       0x10 ./source/uart/terminal.o
                0x200001b4                mensaje_14
 .data.mensaje_15
                0x200001c4       0x18 ./source/uart/terminal.o
                0x200001c4                mensaje_15
 .data.mensaje_16
                0x200001dc       0x1c ./source/uart/terminal.o
                0x200001dc                mensaje_16
 .data.mensajes
                0x200001f8       0x40 ./source/uart/terminal.o
                0x200001f8                mensajes
 .data.mensaje_lens
                0x20000238       0x20 ./source/uart/terminal.o
                0x20000238                mensaje_lens
 .data.s_slowIrcFreq
                0x20000258        0x4 ./drivers/fsl_clock.o
 .data.s_fastIrcFreq
                0x2000025c        0x4 ./drivers/fsl_clock.o
 .data.SystemCoreClock
                0x20000260        0x4 ./device/system_MK66F18.o
                0x20000260                SystemCoreClock
 .data.selection_state
                0x20000264        0x1 ./source/uart/menu.o
                0x20000264                selection_state
                0x20000268                        . = ALIGN (0x8)
 *fill*         0x20000265        0x3 ff
                0x20000268                        _edata = .
                [!provide]                        PROVIDE (__end_data_RAM = .)
                [!provide]                        PROVIDE (__end_data_SRAM_UPPER = .)

.igot.plt       0x20000268        0x0 load address 0x000080d8
 .igot.plt      0x20000268        0x0 ./utilities/fsl_assert.o

.bss_RAM2       0x1fff0000       0x40
                [!provide]                        PROVIDE (__start_bss_RAM2 = .)
                [!provide]                        PROVIDE (__start_bss_SRAM_LOWER = .)
 *(SORT_BY_ALIGNMENT(NonCacheable))
 NonCacheable   0x1fff0000       0x40 ./source/ethernet/ethernet.o
                0x1fff0000                rxBd
                0x1fff0020                txBd
 *(SORT_BY_ALIGNMENT(.bss.$RAM2))
 *(SORT_BY_ALIGNMENT(.bss.$SRAM_LOWER))
 *(SORT_BY_ALIGNMENT(.bss.$RAM2.*))
 *(SORT_BY_ALIGNMENT(.bss.$SRAM_LOWER.*))
                0x1fff0040                        . = ALIGN ((. != 0x0)?0x8:0x1)
                [!provide]                        PROVIDE (__end_bss_RAM2 = .)
                [!provide]                        PROVIDE (__end_bss_SRAM_LOWER = .)

.bss_RAM3       0x14000000        0x0
                [!provide]                        PROVIDE (__start_bss_RAM3 = .)
                [!provide]                        PROVIDE (__start_bss_FLEX_RAM = .)
 *(SORT_BY_ALIGNMENT(.bss.$RAM3))
 *(SORT_BY_ALIGNMENT(.bss.$FLEX_RAM))
 *(SORT_BY_ALIGNMENT(.bss.$RAM3.*))
 *(SORT_BY_ALIGNMENT(.bss.$FLEX_RAM.*))
                0x14000000                        . = ALIGN ((. != 0x0)?0x8:0x1)
                [!provide]                        PROVIDE (__end_bss_RAM3 = .)
                [!provide]                        PROVIDE (__end_bss_FLEX_RAM = .)

.bss            0x20000270     0x31a8
                0x20000270                        _bss = .
                [!provide]                        PROVIDE (__start_bss_RAM = .)
                [!provide]                        PROVIDE (__start_bss_SRAM_UPPER = .)
 *(SORT_BY_ALIGNMENT(.bss*))
 .bss.rxBuff    0x20000270     0x17c0 ./source/ethernet/ethernet.o
                0x20000270                rxBuff
 .bss.txBuff    0x20001a30     0x17c0 ./source/ethernet/ethernet.o
                0x20001a30                txBuff
 .bss.msg_text  0x200031f0        0x4 ./source/uart/menu.o
                0x200031f0                msg_text
 .bss.g_mail_box_uart_0
                0x200031f4        0x2 ./source/uart/uart.o
                0x200031f4                g_mail_box_uart_0
 *fill*         0x200031f6        0x2 
 .bss.config    0x200031f8       0x10 ./source/uart/uart.o
 .bss.uart0_callback
                0x20003208        0x4 ./source/uart/uart.o
 .bss.gpio_A_callback
                0x2000320c        0x4 ./source/gpio/gpio.o
 .bss.gpio_B_callback
                0x20003210        0x4 ./source/gpio/gpio.o
 .bss.gpio_C_callback
                0x20003214        0x4 ./source/gpio/gpio.o
 .bss.gpio_D_callback
                0x20003218        0x4 ./source/gpio/gpio.o
 .bss.frameBuf  0x2000321c       0x4e ./source/ethernet/ethernet.o
 *fill*         0x2000326a        0x2 
 .bss.gHandle   0x2000326c       0x84 ./source/ethernet/ethernet.o
 .bss.mdioHandle
                0x200032f0        0xc ./source/ethernet/ethernet.o
 .bss.phyHandle
                0x200032fc        0xc ./source/ethernet/ethernet.o
 .bss.sentCount
                0x20003308        0x4 ./source/ethernet/ethernet.o
 .bss.s_extPllFreq
                0x2000330c        0x4 ./drivers/fsl_clock.o
 .bss.g_xtal0Freq
                0x20003310        0x4 ./drivers/fsl_clock.o
                0x20003310                g_xtal0Freq
 .bss.g_xtal32Freq
                0x20003314        0x4 ./drivers/fsl_clock.o
                0x20003314                g_xtal32Freq
 .bss.s_ENETHandle
                0x20003318        0x4 ./drivers/fsl_enet.o
 .bss.s_enetTxIsr
                0x2000331c        0x4 ./drivers/fsl_enet.o
 .bss.s_enetRxIsr
                0x20003320        0x4 ./drivers/fsl_enet.o
 .bss.s_enetErrIsr
                0x20003324        0x4 ./drivers/fsl_enet.o
 .bss.s_enet1588TimerIsr
                0x20003328        0x4 ./drivers/fsl_enet.o
 .bss.s_lpuartHandle
                0x2000332c        0x4 ./drivers/fsl_lpuart.o
                0x2000332c                s_lpuartHandle
 .bss.s_lpuartIsr
                0x20003330        0x4 ./drivers/fsl_lpuart.o
                0x20003330                s_lpuartIsr
 .bss.s_uartHandle
                0x20003334       0x14 ./drivers/fsl_uart.o
                0x20003334                s_uartHandle
 .bss.s_uartIsr
                0x20003348        0x4 ./drivers/fsl_uart.o
                0x20003348                s_uartIsr
 .bss.__end_of_heap
                0x2000334c        0x4 /Applications/MCUXpressoIDE_11.9.0_2144/ide/plugins/com.nxp.mcuxpresso.tools.macosx_11.9.0.202307121226/tools/bin/../lib/gcc/arm-none-eabi/12.3.1/../../../../arm-none-eabi/lib/thumb/v7e-m+fp/hard/libcr_c.a(__init_alloc.o)
                0x2000334c                __end_of_heap
 .bss.__heaps   0x20003350        0x4 /Applications/MCUXpressoIDE_11.9.0_2144/ide/plugins/com.nxp.mcuxpresso.tools.macosx_11.9.0.202307121226/tools/bin/../lib/gcc/arm-none-eabi/12.3.1/../../../../arm-none-eabi/lib/thumb/v7e-m+fp/hard/libcr_c.a(__init_alloc.o)
                0x20003350                __heaps
 .bss.errno     0x20003354        0x4 /Applications/MCUXpressoIDE_11.9.0_2144/ide/plugins/com.nxp.mcuxpresso.tools.macosx_11.9.0.202307121226/tools/bin/../lib/gcc/arm-none-eabi/12.3.1/../../../../arm-none-eabi/lib/thumb/v7e-m+fp/hard/libcr_c.a(errno.o)
                0x20003354                errno
 .bss.__Ciob    0x20003358       0xb4 /Applications/MCUXpressoIDE_11.9.0_2144/ide/plugins/com.nxp.mcuxpresso.tools.macosx_11.9.0.202307121226/tools/bin/../lib/gcc/arm-none-eabi/12.3.1/../../../../arm-none-eabi/lib/thumb/v7e-m+fp/hard/libcr_semihost_nf.a(__ciob.o)
                0x20003358                __Ciob
 .bss.menu_state
                0x2000340c        0x1 ./source/uart/menu.o
                0x2000340c                menu_state
 .bss.interaction_state
                0x2000340d        0x1 ./source/uart/menu.o
                0x2000340d                interaction_state
 .bss.return_state
                0x2000340e        0x1 ./source/uart/menu.o
                0x2000340e                return_state
 .bss.tecla     0x2000340f        0x1 ./source/uart/menu.o
                0x2000340f                tecla
 .bss.numero    0x20003410        0x1 ./source/uart/menu.o
                0x20003410                numero
 .bss.msg_num   0x20003411        0x1 ./source/uart/menu.o
                0x20003411                msg_num
 *(SORT_BY_ALIGNMENT(COMMON))
                0x20003418                        . = ALIGN (0x8)
 *fill*         0x20003412        0x6 
                0x20003418                        _ebss = .
                [!provide]                        PROVIDE (__end_bss_RAM = .)
                [!provide]                        PROVIDE (__end_bss_SRAM_UPPER = .)
                [!provide]                        PROVIDE (end = .)

.noinit_RAM2    0x1fff0040        0x0
                [!provide]                        PROVIDE (__start_noinit_RAM2 = .)
                [!provide]                        PROVIDE (__start_noinit_SRAM_LOWER = .)
 *(SORT_BY_ALIGNMENT(.noinit.$RAM2))
 *(SORT_BY_ALIGNMENT(.noinit.$SRAM_LOWER))
 *(SORT_BY_ALIGNMENT(.noinit.$RAM2.*))
 *(SORT_BY_ALIGNMENT(.noinit.$SRAM_LOWER.*))
                0x1fff0040                        . = ALIGN (0x8)
                [!provide]                        PROVIDE (__end_noinit_RAM2 = .)
                [!provide]                        PROVIDE (__end_noinit_SRAM_LOWER = .)

.noinit_RAM3    0x14000000        0x0
                [!provide]                        PROVIDE (__start_noinit_RAM3 = .)
                [!provide]                        PROVIDE (__start_noinit_FLEX_RAM = .)
 *(SORT_BY_ALIGNMENT(.noinit.$RAM3))
 *(SORT_BY_ALIGNMENT(.noinit.$FLEX_RAM))
 *(SORT_BY_ALIGNMENT(.noinit.$RAM3.*))
 *(SORT_BY_ALIGNMENT(.noinit.$FLEX_RAM.*))
                0x14000000                        . = ALIGN (0x8)
                [!provide]                        PROVIDE (__end_noinit_RAM3 = .)
                [!provide]                        PROVIDE (__end_noinit_FLEX_RAM = .)

.noinit         0x20003418        0x0
                0x20003418                        _noinit = .
                [!provide]                        PROVIDE (__start_noinit_RAM = .)
                [!provide]                        PROVIDE (__start_noinit_SRAM_UPPER = .)
 *(SORT_BY_ALIGNMENT(.noinit*))
                0x20003418                        . = ALIGN (0x8)
                0x20003418                        _end_noinit = .
                [!provide]                        PROVIDE (__end_noinit_RAM = .)
                [!provide]                        PROVIDE (__end_noinit_SRAM_UPPER = .)
                0x00001000                        _HeapSize = 0x1000

.heap           0x20003418     0x1000
                0x20003418                        _pvHeapStart = .
                0x20004418                        . = (. + _HeapSize)
 *fill*         0x20003418     0x1000 
                0x20004418                        . = ALIGN (0x8)
                0x20004418                        _pvHeapLimit = .
                0x00001000                        _StackSize = 0x1000

.heap2stackfill
                0x20004418     0x1000
                0x20005418                        . = (. + _StackSize)
 *fill*         0x20004418     0x1000 

.stack          0x2002f000        0x0
                0x2002f000                        _vStackBase = .
                0x2002f000                        . = ALIGN (0x8)
                0x20030000                        _vStackTop = (. + _StackSize)
                0x00000000                        _image_start = LOADADDR (.text)
                0x000080d8                        _image_end = (LOADADDR (.data) + SIZEOF (.data))
                0x000080d8                        _image_size = (_image_end - _image_start)
OUTPUT(Rem_P1.axf elf32-littlearm)
LOAD linker stubs

.debug_info     0x00000000    0x1a4f3
 .debug_info    0x00000000       0xcc ./utilities/fsl_assert.o
 .debug_info    0x000000cc      0xe90 ./startup/startup_mk66f18.o
 .debug_info    0x00000f5c      0x540 ./source/uart/menu.o
 .debug_info    0x0000149c      0xd51 ./source/uart/terminal.o
 .debug_info    0x000021ed      0xe91 ./source/uart/uart.o
 .debug_info    0x0000307e      0x9c0 ./source/nvic/nvic.o
 .debug_info    0x00003a3e     0x105e ./source/gpio/gpio.o
 .debug_info    0x00004a9c     0x2041 ./source/ethernet/ethernet.o
 .debug_info    0x00006add      0x96f ./source/aes/aes.o
 .debug_info    0x0000744c      0x87e ./source/main.o
 .debug_info    0x00007cca       0x3c ./source/semihost_hardfault.o
 .debug_info    0x00007d06      0xb73 ./phy/fsl_phyksz8081.o
 .debug_info    0x00008879     0x135b ./mdio/fsl_enet_mdio.o
 .debug_info    0x00009bd4     0x296f ./drivers/fsl_clock.o
 .debug_info    0x0000c543     0x3bda ./drivers/fsl_enet.o
 .debug_info    0x0001011d      0x6bb ./drivers/fsl_gpio.o
 .debug_info    0x000107d8     0x1e86 ./drivers/fsl_lpuart.o
 .debug_info    0x0001265e     0x20dd ./drivers/fsl_uart.o
 .debug_info    0x0001473b      0xa4e ./device/system_MK66F18.o
 .debug_info    0x00015189      0x19d ./board/board.o
 .debug_info    0x00015326      0xdfb ./board/clock_config.o
 .debug_info    0x00016121      0x897 ./board/pin_mux.o
 .debug_info    0x000169b8       0x85 /Applications/MCUXpressoIDE_11.9.0_2144/ide/plugins/com.nxp.mcuxpresso.tools.macosx_11.9.0.202307121226/tools/bin/../lib/gcc/arm-none-eabi/12.3.1/../../../../arm-none-eabi/lib/thumb/v7e-m+fp/hard/libcr_semihost_nf.a(_cr__main.o)
 .debug_info    0x00016a3d      0x119 /Applications/MCUXpressoIDE_11.9.0_2144/ide/plugins/com.nxp.mcuxpresso.tools.macosx_11.9.0.202307121226/tools/bin/../lib/gcc/arm-none-eabi/12.3.1/../../../../arm-none-eabi/lib/thumb/v7e-m+fp/hard/libcr_c.a(memcpy.o)
 .debug_info    0x00016b56       0xe3 /Applications/MCUXpressoIDE_11.9.0_2144/ide/plugins/com.nxp.mcuxpresso.tools.macosx_11.9.0.202307121226/tools/bin/../lib/gcc/arm-none-eabi/12.3.1/../../../../arm-none-eabi/lib/thumb/v7e-m+fp/hard/libcr_c.a(memset.o)
 .debug_info    0x00016c39      0x506 /Applications/MCUXpressoIDE_11.9.0_2144/ide/plugins/com.nxp.mcuxpresso.tools.macosx_11.9.0.202307121226/tools/bin/../lib/gcc/arm-none-eabi/12.3.1/../../../../arm-none-eabi/lib/thumb/v7e-m+fp/hard/libcr_c.a(alloc.o)
 .debug_info    0x0001713f      0x339 /Applications/MCUXpressoIDE_11.9.0_2144/ide/plugins/com.nxp.mcuxpresso.tools.macosx_11.9.0.202307121226/tools/bin/../lib/gcc/arm-none-eabi/12.3.1/../../../../arm-none-eabi/lib/thumb/v7e-m+fp/hard/libcr_c.a(initio.o)
 .debug_info    0x00017478     0x1268 /Applications/MCUXpressoIDE_11.9.0_2144/ide/plugins/com.nxp.mcuxpresso.tools.macosx_11.9.0.202307121226/tools/bin/../lib/gcc/arm-none-eabi/12.3.1/../../../../arm-none-eabi/lib/thumb/v7e-m+fp/hard/libcr_c.a(printf.o)
 .debug_info    0x000186e0      0x1f6 /Applications/MCUXpressoIDE_11.9.0_2144/ide/plugins/com.nxp.mcuxpresso.tools.macosx_11.9.0.202307121226/tools/bin/../lib/gcc/arm-none-eabi/12.3.1/../../../../arm-none-eabi/lib/thumb/v7e-m+fp/hard/libcr_c.a(setvbuf.o)
 .debug_info    0x000188d6       0xda /Applications/MCUXpressoIDE_11.9.0_2144/ide/plugins/com.nxp.mcuxpresso.tools.macosx_11.9.0.202307121226/tools/bin/../lib/gcc/arm-none-eabi/12.3.1/../../../../arm-none-eabi/lib/thumb/v7e-m+fp/hard/libcr_c.a(strlen.o)