Archive member included to satisfy reference by file (symbol)

C:/nxp/MCUXpressoIDE_24.9.25/ide/plugins/com.nxp.mcuxpresso.tools.win32_24.9.0.202407110857/tools/bin/../lib/gcc/arm-none-eabi/13.2.1/../../../../arm-none-eabi/lib/thumb/v7e-m+fp/hard\libcr_semihost_nf.a(_cr__main.o)
                              ./startup/startup_mk66f18.o (__main)
C:/nxp/MCUXpressoIDE_24.9.25/ide/plugins/com.nxp.mcuxpresso.tools.win32_24.9.0.202407110857/tools/bin/../lib/gcc/arm-none-eabi/13.2.1/../../../../arm-none-eabi/lib/thumb/v7e-m+fp/hard\libcr_c.a(memcpy.o)
                              ./source/ethernet/ethernet.o (memcpy)
C:/nxp/MCUXpressoIDE_24.9.25/ide/plugins/com.nxp.mcuxpresso.tools.win32_24.9.0.202407110857/tools/bin/../lib/gcc/arm-none-eabi/13.2.1/../../../../arm-none-eabi/lib/thumb/v7e-m+fp/hard\libcr_c.a(memset.o)
                              ./drivers/fsl_enet.o (memset)
C:/nxp/MCUXpressoIDE_24.9.25/ide/plugins/com.nxp.mcuxpresso.tools.win32_24.9.0.202407110857/tools/bin/../lib/gcc/arm-none-eabi/13.2.1/../../../../arm-none-eabi/lib/thumb/v7e-m+fp/hard\libcr_c.a(alloc.o)
                              ./drivers/fsl_common.o (malloc)
C:/nxp/MCUXpressoIDE_24.9.25/ide/plugins/com.nxp.mcuxpresso.tools.win32_24.9.0.202407110857/tools/bin/../lib/gcc/arm-none-eabi/13.2.1/../../../../arm-none-eabi/lib/thumb/v7e-m+fp/hard\libcr_c.a(initio.o)
                              C:/nxp/MCUXpressoIDE_24.9.25/ide/plugins/com.nxp.mcuxpresso.tools.win32_24.9.0.202407110857/tools/bin/../lib/gcc/arm-none-eabi/13.2.1/../../../../arm-none-eabi/lib/thumb/v7e-m+fp/hard\libcr_semihost_nf.a(_cr__main.o) (_initio)
C:/nxp/MCUXpressoIDE_24.9.25/ide/plugins/com.nxp.mcuxpresso.tools.win32_24.9.0.202407110857/tools/bin/../lib/gcc/arm-none-eabi/13.2.1/../../../../arm-none-eabi/lib/thumb/v7e-m+fp/hard\libcr_c.a(printf.o)
                              ./utilities/fsl_assert.o (_printf)
C:/nxp/MCUXpressoIDE_24.9.25/ide/plugins/com.nxp.mcuxpresso.tools.win32_24.9.0.202407110857/tools/bin/../lib/gcc/arm-none-eabi/13.2.1/../../../../arm-none-eabi/lib/thumb/v7e-m+fp/hard\libcr_c.a(setvbuf.o)
                              C:/nxp/MCUXpressoIDE_24.9.25/ide/plugins/com.nxp.mcuxpresso.tools.win32_24.9.0.202407110857/tools/bin/../lib/gcc/arm-none-eabi/13.2.1/../../../../arm-none-eabi/lib/thumb/v7e-m+fp/hard\libcr_c.a(initio.o) (setvbuf)
C:/nxp/MCUXpressoIDE_24.9.25/ide/plugins/com.nxp.mcuxpresso.tools.win32_24.9.0.202407110857/tools/bin/../lib/gcc/arm-none-eabi/13.2.1/../../../../arm-none-eabi/lib/thumb/v7e-m+fp/hard\libcr_c.a(strlen.o)
                              ./source/ethernet/ethernet.o (strlen)
C:/nxp/MCUXpressoIDE_24.9.25/ide/plugins/com.nxp.mcuxpresso.tools.win32_24.9.0.202407110857/tools/bin/../lib/gcc/arm-none-eabi/13.2.1/../../../../arm-none-eabi/lib/thumb/v7e-m+fp/hard\libcr_c.a(__init_alloc.o)
                              C:/nxp/MCUXpressoIDE_24.9.25/ide/plugins/com.nxp.mcuxpresso.tools.win32_24.9.0.202407110857/tools/bin/../lib/gcc/arm-none-eabi/13.2.1/../../../../arm-none-eabi/lib/thumb/v7e-m+fp/hard\libcr_c.a(alloc.o) (__heaps)
C:/nxp/MCUXpressoIDE_24.9.25/ide/plugins/com.nxp.mcuxpresso.tools.win32_24.9.0.202407110857/tools/bin/../lib/gcc/arm-none-eabi/13.2.1/../../../../arm-none-eabi/lib/thumb/v7e-m+fp/hard\libcr_c.a(_cr_sbrk.o)
                              C:/nxp/MCUXpressoIDE_24.9.25/ide/plugins/com.nxp.mcuxpresso.tools.win32_24.9.0.202407110857/tools/bin/../lib/gcc/arm-none-eabi/13.2.1/../../../../arm-none-eabi/lib/thumb/v7e-m+fp/hard\libcr_c.a(alloc.o) (_sbrk)
C:/nxp/MCUXpressoIDE_24.9.25/ide/plugins/com.nxp.mcuxpresso.tools.win32_24.9.0.202407110857/tools/bin/../lib/gcc/arm-none-eabi/13.2.1/../../../../arm-none-eabi/lib/thumb/v7e-m+fp/hard\libcr_c.a(_deferredlazyseek.o)
                              C:/nxp/MCUXpressoIDE_24.9.25/ide/plugins/com.nxp.mcuxpresso.tools.win32_24.9.0.202407110857/tools/bin/../lib/gcc/arm-none-eabi/13.2.1/../../../../arm-none-eabi/lib/thumb/v7e-m+fp/hard\libcr_c.a(printf.o) (__flsbuf)
C:/nxp/MCUXpressoIDE_24.9.25/ide/plugins/com.nxp.mcuxpresso.tools.win32_24.9.0.202407110857/tools/bin/../lib/gcc/arm-none-eabi/13.2.1/../../../../arm-none-eabi/lib/thumb/v7e-m+fp/hard\libcr_c.a(_fdopen.o)
                              C:/nxp/MCUXpressoIDE_24.9.25/ide/plugins/com.nxp.mcuxpresso.tools.win32_24.9.0.202407110857/tools/bin/../lib/gcc/arm-none-eabi/13.2.1/../../../../arm-none-eabi/lib/thumb/v7e-m+fp/hard\libcr_c.a(initio.o) (_fdopen)
C:/nxp/MCUXpressoIDE_24.9.25/ide/plugins/com.nxp.mcuxpresso.tools.win32_24.9.0.202407110857/tools/bin/../lib/gcc/arm-none-eabi/13.2.1/../../../../arm-none-eabi/lib/thumb/v7e-m+fp/hard\libcr_c.a(_fflush.o)
                              C:/nxp/MCUXpressoIDE_24.9.25/ide/plugins/com.nxp.mcuxpresso.tools.win32_24.9.0.202407110857/tools/bin/../lib/gcc/arm-none-eabi/13.2.1/../../../../arm-none-eabi/lib/thumb/v7e-m+fp/hard\libcr_c.a(_deferredlazyseek.o) (_fflush)
[...]
Memory Configuration

Name             Origin             Length             Attributes
PROGRAM_FLASH    0x00000000         0x00200000         xr
SRAM_UPPER       0x20000000         0x00030000         xrw
SRAM_LOWER       0x1fff0000         0x00010000         xrw
FLEX_RAM         0x14000000         0x00001000         xrw
*default*        0x00000000         0xffffffff

Linker script and memory map

LOAD ./utilities/fsl_assert.o
LOAD ./utilities/fsl_debug_console.o
LOAD ./startup/startup_mk66f18.o
LOAD ./source/ethernet/ethernet.o
LOAD ./source/enet_txrx_transfer.o
LOAD ./source/main.o
LOAD ./source/semihost_hardfault.o
LOAD ./phy/fsl_phyksz8081.o
LOAD ./mdio/fsl_enet_mdio.o
LOAD ./drivers/fsl_clock.o
LOAD ./drivers/fsl_common.o
LOAD ./drivers/fsl_common_arm.o
LOAD ./drivers/fsl_enet.o
LOAD ./drivers/fsl_ftfx_cache.o
LOAD ./drivers/fsl_ftfx_controller.o
LOAD ./drivers/fsl_ftfx_flash.o
LOAD ./drivers/fsl_ftfx_flexnvm.o
LOAD ./drivers/fsl_gpio.o
LOAD ./drivers/fsl_lpuart.o
LOAD ./drivers/fsl_sim.o
LOAD ./drivers/fsl_smc.o
LOAD ./drivers/fsl_sysmpu.o
LOAD ./drivers/fsl_uart.o
LOAD ./device/system_MK66F18.o
LOAD ./component/uart/fsl_adapter_uart.o
LOAD ./component/lists/fsl_component_generic_list.o
LOAD ./board/board.o
LOAD ./board/clock_config.o
LOAD ./board/pin_mux.o
START GROUP
LOAD C:/nxp/MCUXpressoIDE_24.9.25/ide/plugins/com.nxp.mcuxpresso.tools.win32_24.9.0.202407110857/tools/bin/../lib/gcc/arm-none-eabi/13.2.1/../../../../arm-none-eabi/lib/thumb/v7e-m+fp/hard\libcr_semihost_nf.a
LOAD C:/nxp/MCUXpressoIDE_24.9.25/ide/plugins/com.nxp.mcuxpresso.tools.win32_24.9.0.202407110857/tools/bin/../lib/gcc/arm-none-eabi/13.2.1/../../../../arm-none-eabi/lib/thumb/v7e-m+fp/hard\libcr_c.a
LOAD C:/nxp/MCUXpressoIDE_24.9.25/ide/plugins/com.nxp.mcuxpresso.tools.win32_24.9.0.202407110857/tools/bin/../lib/gcc/arm-none-eabi/13.2.1/thumb/v7e-m+fp/hard\libcr_eabihelpers.a
LOAD C:/nxp/MCUXpressoIDE_24.9.25/ide/plugins/com.nxp.mcuxpresso.tools.win32_24.9.0.202407110857/tools/bin/../lib/gcc/arm-none-eabi/13.2.1/thumb/v7e-m+fp/hard\libgcc.a
END GROUP
                0x00000000                        __base_PROGRAM_FLASH = 0x0
                0x00000000                        __base_Flash = 0x0
                0x00200000                        __top_PROGRAM_FLASH = 0x200000
                0x00200000                        __top_Flash = 0x200000
                0x20000000                        __base_SRAM_UPPER = 0x20000000
                0x20000000                        __base_RAM = 0x20000000
                0x20030000                        __top_SRAM_UPPER = 0x20030000
                0x20030000                        __top_RAM = 0x20030000
                0x1fff0000                        __base_SRAM_LOWER = 0x1fff0000
                0x1fff0000                        __base_RAM2 = 0x1fff0000
                0x20000000                        __top_SRAM_LOWER = 0x20000000
                0x20000000                        __top_RAM2 = 0x20000000
                0x14000000                        __base_FLEX_RAM = 0x14000000
                0x14000000                        __base_RAM3 = 0x14000000
                0x14001000                        __top_FLEX_RAM = 0x14001000
                0x14001000                        __top_RAM3 = 0x14001000

.text           0x00000000     0x5758
 FILL mask 0xff
                0x00000000                        __vectors_start__ = ABSOLUTE (.)
 *(SORT_BY_ALIGNMENT(.isr_vector))
 .isr_vector    0x00000000      0x1d0 ./startup/startup_mk66f18.o
                0x00000000                g_pfnVectors
                0x00000000                __Vectors
                0x000001d0                        . = ALIGN (0x4)
                0x000001d0                        __section_table_start = .
                0x000001d0                        __data_section_table = .
                0x000001d0        0x4 LONG 0x5758 LOADADDR (.data)
                0x000001d4        0x4 LONG 0x20000000 ADDR (.data)
                0x000001d8        0x4 LONG 0x30 SIZEOF (.data)
                0x000001dc        0x4 LONG 0x5758 LOADADDR (.data_RAM2)
                0x000001e0        0x4 LONG 0x1fff0000 ADDR (.data_RAM2)
                0x000001e4        0x4 LONG 0x0 SIZEOF (.data_RAM2)
                0x000001e8        0x4 LONG 0x5758 LOADADDR (.data_RAM3)
                0x000001ec        0x4 LONG 0x14000000 ADDR (.data_RAM3)
                0x000001f0        0x4 LONG 0x0 SIZEOF (.data_RAM3)
                0x000001f4                        __data_section_table_end = .
                0x000001f4                        __bss_section_table = .
                0x000001f4        0x4 LONG 0x20000030 ADDR (.bss)
                0x000001f8        0x4 LONG 0x3178 SIZEOF (.bss)
                0x000001fc        0x4 LONG 0x1fff0000 ADDR (.bss_RAM2)
                0x00000200        0x4 LONG 0x40 SIZEOF (.bss_RAM2)
                0x00000204        0x4 LONG 0x14000000 ADDR (.bss_RAM3)
                0x00000208        0x4 LONG 0x0 SIZEOF (.bss_RAM3)
                0x0000020c                        __bss_section_table_end = .
                0x0000020c                        __section_table_end = .
 *(SORT_BY_ALIGNMENT(.after_vectors*))
 .after_vectors.reset
                0x0000020c       0x4c ./startup/startup_mk66f18.o
                0x0000020c                ResetISR
 .after_vectors.init_data
                0x00000258       0x1e ./startup/startup_mk66f18.o
                0x00000258                data_init
 .after_vectors.init_bss
                0x00000276       0x12 ./startup/startup_mk66f18.o
                0x00000276                bss_init
 .after_vectors
                0x00000288       0x14 ./startup/startup_mk66f18.o
                0x00000288                NMI_Handler
                0x0000028c                MemManage_Handler
                0x0000028e                BusFault_Handler
                0x00000290                UsageFault_Handler
                0x00000292                SVC_Handler
                0x00000294                DebugMon_Handler
                0x00000296                PendSV_Handler
                0x00000298                SysTick_Handler
                0x0000029a                DMA_Error_DriverIRQHandler
                0x0000029a                FTM1_DriverIRQHandler
                0x0000029a                FTM2_DriverIRQHandler
                0x0000029a                PIT2_DriverIRQHandler
                0x0000029a                TPM2_DriverIRQHandler
                0x0000029a                SDHC_DriverIRQHandler
                0x0000029a                DMA7_DMA23_DriverIRQHandler
                0x0000029a                I2C3_DriverIRQHandler
                0x0000029a                I2S0_Tx_DriverIRQHandler
                0x0000029a                TSI0_DriverIRQHandler
                0x0000029a                RTC_Seconds_DriverIRQHandler
                0x0000029a                CMP3_DriverIRQHandler
                0x0000029a                LLWU_DriverIRQHandler
                0x0000029a                MCM_DriverIRQHandler
                0x0000029a                DMA14_DMA30_DriverIRQHandler
                0x0000029a                MCG_DriverIRQHandler
                0x0000029a                I2C2_DriverIRQHandler
                0x0000029a                DAC1_DriverIRQHandler
                0x0000029a                LPTMR0_DriverIRQHandler
                0x0000029a                CMP1_DriverIRQHandler
                0x0000029a                USBHSDCD_DriverIRQHandler
                0x0000029a                DMA0_DMA16_DriverIRQHandler
                0x0000029a                FTM0_DriverIRQHandler
                0x0000029a                IntDefaultHandler
                0x0000029a                USB0_DriverIRQHandler
                0x0000029a                PORTC_DriverIRQHandler
                0x0000029a                DMA2_DMA18_DriverIRQHandler
                0x0000029a                DAC0_DriverIRQHandler
                0x0000029a                CMP2_DriverIRQHandler
                0x0000029a                UART2_ERR_DriverIRQHandler
                0x0000029a                SPI2_DriverIRQHandler
                0x0000029a                LVD_LVW_DriverIRQHandler
                0x0000029a                SPI1_DriverIRQHandler
                0x0000029a                PIT0_DriverIRQHandler
                0x0000029a                RNG_DriverIRQHandler
                0x0000029a                USBDCD_DriverIRQHandler
                0x0000029a                UART3_ERR_DriverIRQHandler
                0x0000029a                DMA12_DMA28_DriverIRQHandler
                0x0000029a                DMA10_DMA26_DriverIRQHandler
                0x0000029a                UART0_ERR_DriverIRQHandler
                0x0000029a                CMT_DriverIRQHandler
                0x0000029a                Reserved71_DriverIRQHandler
                0x0000029a                ADC1_DriverIRQHandler
                0x0000029a                PORTA_DriverIRQHandler
                0x0000029a                DMA1_DMA17_DriverIRQHandler
                0x0000029a                PIT3_DriverIRQHandler
                0x0000029a                PIT1_DriverIRQHandler
                0x0000029a                TPM1_DriverIRQHandler
                0x0000029a                WDOG_EWM_DriverIRQHandler
                0x0000029a                PDB0_DriverIRQHandler
                0x0000029a                DMA8_DMA24_DriverIRQHandler
                0x0000029a                DMA6_DMA22_DriverIRQHandler
                0x0000029a                RTC_DriverIRQHandler
                0x0000029a                I2S0_Rx_DriverIRQHandler
                0x0000029a                Read_Collision_DriverIRQHandler
                0x0000029a                SWI_DriverIRQHandler
                0x0000029a                UART4_ERR_DriverIRQHandler
                0x0000029a                PORTB_DriverIRQHandler
                0x0000029a                DMA13_DMA29_DriverIRQHandler
                0x0000029a                DMA11_DMA27_DriverIRQHandler
                0x0000029a                DMA4_DMA20_DriverIRQHandler
                0x0000029a                DMA9_DMA25_DriverIRQHandler
                0x0000029a                I2C1_DriverIRQHandler
                0x0000029a                DMA3_DMA19_DriverIRQHandler
                0x0000029a                Reserved85_DriverIRQHandler
                0x0000029a                SPI0_DriverIRQHandler
                0x0000029a                ADC0_DriverIRQHandler
                0x0000029a                USBHS_DriverIRQHandler
                0x0000029a                CMP0_DriverIRQHandler
                0x0000029a                CAN0_DriverIRQHandler
                0x0000029a                FTM3_DriverIRQHandler
                0x0000029a                DMA5_DMA21_DriverIRQHandler
                0x0000029a                Reserved84_DriverIRQHandler
                0x0000029a                DMA15_DMA31_DriverIRQHandler
                0x0000029a                UART1_ERR_DriverIRQHandler
                0x0000029a                PORTD_DriverIRQHandler
                0x0000029a                Reserved46_DriverIRQHandler
                0x0000029a                PORTE_DriverIRQHandler
                0x0000029a                FTFE_DriverIRQHandler
                0x0000029a                I2C0_DriverIRQHandler
                0x0000029a                CAN1_DriverIRQHandler
                0x00000400                        . = 0x400
 *fill*         0x0000029c      0x164 ff
                0x00000400                        PROVIDE (__FLASH_CONFIG_START__ = .)
 *(SORT_BY_ALIGNMENT(.FlashConfig))
 .FlashConfig   0x00000400       0x10 ./startup/startup_mk66f18.o
                0x00000400                Flash_Config
                0x00000410                        PROVIDE (__FLASH_CONFIG_END__ = .)
                0x00000001                        ASSERT (! ((__FLASH_CONFIG_START__ == __FLASH_CONFIG_END__)), Linker Flash Config Support Enabled, but no .FlashConfig section provided within application)
 *(SORT_BY_ALIGNMENT(.text*))
 .text.__assertion_failed
                0x00000410       0x18 ./utilities/fsl_assert.o
                0x00000410                __assertion_failed
 .text.CLOCK_SetRmii0Clock
                0x00000428       0x38 ./source/ethernet/ethernet.o
 .text.ENET_InitDriver
                0x00000460      0x174 ./source/ethernet/ethernet.o
                0x00000460                ENET_InitDriver
 .text.ENET_BuildFrame_frase
                0x000005d4       0x8c ./source/ethernet/ethernet.o
                0x000005d4                ENET_BuildFrame_frase
 .text.ENET_SendNext
                0x00000660       0x44 ./source/ethernet/ethernet.o
                0x00000660                ENET_SendNext
 .text.main     0x000006a4       0x58 ./source/main.o
                0x000006a4                main
 .text.PHY_KSZ8081_Init
                0x000006fc      0x128 ./phy/fsl_phyksz8081.o
                0x000006fc                PHY_KSZ8081_Init
 .text.PHY_KSZ8081_GetAutoNegotiationStatus
                0x00000824       0x54 ./phy/fsl_phyksz8081.o
                0x00000824                PHY_KSZ8081_GetAutoNegotiationStatus
 .text.PHY_KSZ8081_GetLinkStatus
                0x00000878       0x58 ./phy/fsl_phyksz8081.o
                0x00000878                PHY_KSZ8081_GetLinkStatus
 .text.PHY_KSZ8081_GetLinkSpeedDuplex
                0x000008d0       0x98 ./phy/fsl_phyksz8081.o
                0x000008d0                PHY_KSZ8081_GetLinkSpeedDuplex
 .text.PHY_KSZ8081_SetLinkSpeedDuplex
                0x00000968       0x90 ./phy/fsl_phyksz8081.o
                0x00000968                PHY_KSZ8081_SetLinkSpeedDuplex
 .text.PHY_KSZ8081_EnableLoopback
                0x000009f8      0x150 ./phy/fsl_phyksz8081.o
                0x000009f8                PHY_KSZ8081_EnableLoopback
 .text.ENET_MDIO_Init
                0x00000b48       0x44 ./mdio/fsl_enet_mdio.o
 .text.ENET_MDIO_Read
                0x00000b8c       0x74 ./mdio/fsl_enet_mdio.o
 .text.ENET_MDIO_ReadExt
                0x00000c00       0x98 ./mdio/fsl_enet_mdio.o
 .text.CLOCK_SetEr32kClock
                0x00000c98       0x30 ./drivers/fsl_clock.o
 .text.CLOCK_SetPllFllSelClock
                0x00000cc8       0x54 ./drivers/fsl_clock.o
 .text.CLOCK_GetMcgExtClkFreq
                0x00000d1c       0x7c ./drivers/fsl_clock.o
 .text.CLOCK_GetFllExtRefClkFreq
                0x00000d98       0xb0 ./drivers/fsl_clock.o
 .text.CLOCK_GetInternalRefClkSelectFreq
                0x00000e48       0x4c ./drivers/fsl_clock.o
 .text.CLOCK_GetFllRefClkFreq
                0x00000e94       0x34 ./drivers/fsl_clock.o
 .text.CLOCK_GetOscRangeFromFreq
                0x00000ec8       0x3c ./drivers/fsl_clock.o
 .text.CLOCK_GetOsc0ErClkUndivFreq
                0x00000f04       0x44 ./drivers/fsl_clock.o
                0x00000f04                CLOCK_GetOsc0ErClkUndivFreq
 .text.CLOCK_GetOsc0ErClkDivFreq
                0x00000f48       0x58 ./drivers/fsl_clock.o
                0x00000f48                CLOCK_GetOsc0ErClkDivFreq
 .text.CLOCK_GetEr32kClkFreq
                0x00000fa0       0x74 ./drivers/fsl_clock.o
                0x00000fa0                CLOCK_GetEr32kClkFreq
 .text.CLOCK_GetPllFllSelClkFreq
                0x00001014       0x90 ./drivers/fsl_clock.o
                0x00001014                CLOCK_GetPllFllSelClkFreq
 .text.CLOCK_GetCoreSysClkFreq
                0x000010a4       0x28 ./drivers/fsl_clock.o
                0x000010a4                CLOCK_GetCoreSysClkFreq
 .text.CLOCK_GetFreq
                0x000010cc      0x148 ./drivers/fsl_clock.o
                0x000010cc                CLOCK_GetFreq
 .text.CLOCK_SetSimConfig
                0x00001214       0x40 ./drivers/fsl_clock.o
                0x00001214                CLOCK_SetSimConfig
 .text.CLOCK_GetOutClkFreq
                0x00001254       0x90 ./drivers/fsl_clock.o
                0x00001254                CLOCK_GetOutClkFreq
 .text.CLOCK_GetFllFreq
                0x000012e4       0x84 ./drivers/fsl_clock.o
                0x000012e4                CLOCK_GetFllFreq
 .text.CLOCK_GetInternalRefClkFreq
                0x00001368       0x30 ./drivers/fsl_clock.o
                0x00001368                CLOCK_GetInternalRefClkFreq
 .text.CLOCK_GetPll0Freq
                0x00001398       0x7c ./drivers/fsl_clock.o
                0x00001398                CLOCK_GetPll0Freq
 .text.CLOCK_GetExtPllFreq
                0x00001414       0x18 ./drivers/fsl_clock.o
                0x00001414                CLOCK_GetExtPllFreq
 .text.CLOCK_SetExternalRefClkConfig
                0x0000142c       0x6c ./drivers/fsl_clock.o
                0x0000142c                CLOCK_SetExternalRefClkConfig
 .text.CLOCK_SetInternalRefClkConfig
                0x00001498      0x104 ./drivers/fsl_clock.o
                0x00001498                CLOCK_SetInternalRefClkConfig
 .text.CLOCK_EnablePll0
                0x0000159c       0x88 ./drivers/fsl_clock.o
                0x0000159c                CLOCK_EnablePll0
 .text.CLOCK_InitOsc0
                0x00001624       0x8c ./drivers/fsl_clock.o
                0x00001624                CLOCK_InitOsc0
 .text.CLOCK_SetPbeMode
                0x000016b0       0xe8 ./drivers/fsl_clock.o
                0x000016b0                CLOCK_SetPbeMode
 .text.CLOCK_BootToPeeMode
                0x00001798       0x68 ./drivers/fsl_clock.o
                0x00001798                CLOCK_BootToPeeMode
 .text.__NVIC_EnableIRQ
                0x00001800       0x3c ./drivers/fsl_enet.o
 .text.ENET_GetInstance
                0x0000183c       0x44 ./drivers/fsl_enet.o
                0x0000183c                ENET_GetInstance
 .text.ENET_GetDefaultConfig
                0x00001880       0x4c ./drivers/fsl_enet.o
                0x00001880                ENET_GetDefaultConfig
 .text.ENET_Up  0x000018cc       0xb8 ./drivers/fsl_enet.o
                0x000018cc                ENET_Up
 .text.ENET_Init
                0x00001984       0x48 ./drivers/fsl_enet.o
                0x00001984                ENET_Init
 .text.ENET_SetRxISRHandler
                0x000019cc       0x30 ./drivers/fsl_enet.o
                0x000019cc                ENET_SetRxISRHandler
 .text.ENET_SetTxISRHandler
                0x000019fc       0x30 ./drivers/fsl_enet.o
                0x000019fc                ENET_SetTxISRHandler
 .text.ENET_SetErrISRHandler
                0x00001a2c       0x30 ./drivers/fsl_enet.o
                0x00001a2c                ENET_SetErrISRHandler
 .text.ENET_SetHandler
                0x00001a5c      0x1a8 ./drivers/fsl_enet.o
 .text.ENET_SetMacController
                0x00001c04      0x250 ./drivers/fsl_enet.o
 .text.ENET_SetTxBufferDescriptors
                0x00001e54       0xe4 ./drivers/fsl_enet.o
 .text.ENET_SetRxBufferDescriptors
                0x00001f38       0xfc ./drivers/fsl_enet.o
 .text.ENET_RxBufferAllocAll
                0x00002034       0xcc ./drivers/fsl_enet.o
 .text.ENET_RxBufferFreeAll
                0x00002100       0xc4 ./drivers/fsl_enet.o
 .text.ENET_ActiveSendRing
                0x000021c4       0x4c ./drivers/fsl_enet.o
 .text.ENET_SetSMI
                0x00002210       0xa0 ./drivers/fsl_enet.o
                0x00002210                ENET_SetSMI
 .text.ENET_IncreaseIndex
                0x000022b0       0x40 ./drivers/fsl_enet.o
 .text.ENET_SendFrame
                0x000022f0      0x378 ./drivers/fsl_enet.o
                0x000022f0                ENET_SendFrame
 .text.ENET_ReclaimTxDescriptor
                0x00002668      0x10c ./drivers/fsl_enet.o
                0x00002668                ENET_ReclaimTxDescriptor
 .text.ENET_TransmitIRQHandler
                0x00002774       0x8c ./drivers/fsl_enet.o
                0x00002774                ENET_TransmitIRQHandler
 .text.ENET_ReceiveIRQHandler
                0x00002800       0x5c ./drivers/fsl_enet.o
                0x00002800                ENET_ReceiveIRQHandler
 .text.ENET_ErrorIRQHandler
                0x0000285c       0x90 ./drivers/fsl_enet.o
                0x0000285c                ENET_ErrorIRQHandler
 .text.ENET_Ptp1588IRQHandler
                0x000028ec       0x44 ./drivers/fsl_enet.o
                0x000028ec                ENET_Ptp1588IRQHandler
 .text.ENET_TxIRQHandler
                0x00002930       0x48 ./drivers/fsl_enet.o
                0x00002930                ENET_TxIRQHandler
 .text.ENET_RxIRQHandler
                0x00002978       0x44 ./drivers/fsl_enet.o
                0x00002978                ENET_RxIRQHandler
 .text.ENET_ErrIRQHandler
                0x000029bc       0x44 ./drivers/fsl_enet.o
                0x000029bc                ENET_ErrIRQHandler
 .text.ENET_Transmit_DriverIRQHandler
                0x00002a00       0x18 ./drivers/fsl_enet.o
                0x00002a00                ENET_Transmit_DriverIRQHandler
 .text.ENET_Receive_DriverIRQHandler
                0x00002a18       0x18 ./drivers/fsl_enet.o
                0x00002a18                ENET_Receive_DriverIRQHandler
 .text.ENET_Error_DriverIRQHandler
                0x00002a30       0x18 ./drivers/fsl_enet.o
                0x00002a30                ENET_Error_DriverIRQHandler
 .text.ENET_1588_Timer_DriverIRQHandler
                0x00002a48       0x18 ./drivers/fsl_enet.o
                0x00002a48                ENET_1588_Timer_DriverIRQHandler
 .text.LPUART0_DriverIRQHandler
                0x00002a60       0x28 ./drivers/fsl_lpuart.o
                0x00002a60                LPUART0_DriverIRQHandler
 .text.UART0_DriverIRQHandler
                0x00002a88       0x28 ./drivers/fsl_uart.o
                0x00002a88                UART0_DriverIRQHandler
 .text.UART1_DriverIRQHandler
                0x00002ab0       0x28 ./drivers/fsl_uart.o
                0x00002ab0                UART1_DriverIRQHandler
 .text.UART2_DriverIRQHandler
                0x00002ad8       0x28 ./drivers/fsl_uart.o
                0x00002ad8                UART2_DriverIRQHandler
 .text.UART3_DriverIRQHandler
                0x00002b00       0x28 ./drivers/fsl_uart.o
                0x00002b00                UART3_DriverIRQHandler
 .text.UART4_DriverIRQHandler
                0x00002b28       0x28 ./drivers/fsl_uart.o
                0x00002b28                UART4_DriverIRQHandler
 .text.SystemInit
                0x00002b50       0x3c ./device/system_MK66F18.o
                0x00002b50                SystemInit
 .text.CLOCK_SetSimSafeDivs
                0x00002b8c       0x24 ./board/clock_config.o
 .text.CLOCK_SetXtal0Freq
                0x00002bb0       0x20 ./board/clock_config.o
 .text.CLOCK_CONFIG_SetFllExtRefDiv
                0x00002bd0       0x3c ./board/clock_config.o
 .text.BOARD_BootClockRUN
                0x00002c0c       0x60 ./board/clock_config.o
                0x00002c0c                BOARD_BootClockRUN
 .text.PORT_SetPinConfig
                0x00002c6c       0x38 ./board/pin_mux.o
 .text.BOARD_InitPins
                0x00002ca4       0xe0 ./board/pin_mux.o
                0x00002ca4                BOARD_InitPins
 .text.malloc   0x00002d84       0xc8 C:/nxp/MCUXpressoIDE_24.9.25/ide/plugins/com.nxp.mcuxpresso.tools.win32_24.9.0.202407110857/tools/bin/../lib/gcc/arm-none-eabi/13.2.1/../../../../arm-none-eabi/lib/thumb/v7e-m+fp/hard\libcr_c.a(alloc.o)
                0x00002d84                malloc
 .text._Csys_alloc
                0x00002e4c       0x20 C:/nxp/MCUXpressoIDE_24.9.25/ide/plugins/com.nxp.mcuxpresso.tools.win32_24.9.0.202407110857/tools/bin/../lib/gcc/arm-none-eabi/13.2.1/../../../../arm-none-eabi/lib/thumb/v7e-m+fp/hard\libcr_c.a(alloc.o)
                0x00002e4c                _Csys_alloc
 .text._initio  0x00002e6c       0x78 C:/nxp/MCUXpressoIDE_24.9.25/ide/plugins/com.nxp.mcuxpresso.tools.win32_24.9.0.202407110857/tools/bin/../lib/gcc/arm-none-eabi/13.2.1/../../../../arm-none-eabi/lib/thumb/v7e-m+fp/hard\libcr_c.a(initio.o)
                0x00002e6c                _initio
 .text.__vfprintf
                0x00002ee4      0xb80 C:/nxp/MCUXpressoIDE_24.9.25/ide/plugins/com.nxp.mcuxpresso.tools.win32_24.9.0.202407110857/tools/bin/../lib/gcc/arm-none-eabi/13.2.1/../../../../arm-none-eabi/lib/thumb/v7e-m+fp/hard\libcr_c.a(printf.o)
                0x00002ee4                __vfprintf
 .text._vsnprintf
                0x00003a64       0x68 C:/nxp/MCUXpressoIDE_24.9.25/ide/plugins/com.nxp.mcuxpresso.tools.win32_24.9.0.202407110857/tools/bin/../lib/gcc/arm-none-eabi/13.2.1/../../../../arm-none-eabi/lib/thumb/v7e-m+fp/hard\libcr_c.a(printf.o)
                0x00003a64                _vsnprintf
 .text._printf  0x00003acc       0x54 C:/nxp/MCUXpressoIDE_24.9.25/ide/plugins/com.nxp.mcuxpresso.tools.win32_24.9.0.202407110857/tools/bin/../lib/gcc/arm-none-eabi/13.2.1/../../../../arm-none-eabi/lib/thumb/v7e-m+fp/hard\libcr_c.a(printf.o)
                0x00003acc                _printf
 .text._sbrk    0x00003b20       0x3c C:/nxp/MCUXpressoIDE_24.9.25/ide/plugins/com.nxp.mcuxpresso.tools.win32_24.9.0.202407110857/tools/bin/../lib/gcc/arm-none-eabi/13.2.1/../../../../arm-none-eabi/lib/thumb/v7e-m+fp/hard\libcr_c.a(_cr_sbrk.o)
                0x00003b20                _sbrk
 .text._Cwritebuf
                0x00003b5c       0x6c C:/nxp/MCUXpressoIDE_24.9.25/ide/plugins/com.nxp.mcuxpresso.tools.win32_24.9.0.202407110857/tools/bin/../lib/gcc/arm-none-eabi/13.2.1/../../../../arm-none-eabi/lib/thumb/v7e-m+fp/hard\libcr_c.a(_writebuf.o)
                0x00003b5c                _Cwritebuf
 .text.fflush   0x00003bc8       0x3c C:/nxp/MCUXpressoIDE_24.9.25/ide/plugins/com.nxp.mcuxpresso.tools.win32_24.9.0.202407110857/tools/bin/../lib/gcc/arm-none-eabi/13.2.1/../../../../arm-none-eabi/lib/thumb/v7e-m+fp/hard\libcr_c.a(fflush.o)
                0x00003bc8                fflush
 .text.fseek    0x00003c04       0xf8 C:/nxp/MCUXpressoIDE_24.9.25/ide/plugins/com.nxp.mcuxpresso.tools.win32_24.9.0.202407110857/tools/bin/../lib/gcc/arm-none-eabi/13.2.1/../../../../arm-none-eabi/lib/thumb/v7e-m+fp/hard\libcr_c.a(fseek.o)
                0x00003c04                fseek
 .text.ftell    0x00003cfc       0x44 C:/nxp/MCUXpressoIDE_24.9.25/ide/plugins/com.nxp.mcuxpresso.tools.win32_24.9.0.202407110857/tools/bin/../lib/gcc/arm-none-eabi/13.2.1/../../../../arm-none-eabi/lib/thumb/v7e-m+fp/hard\libcr_c.a(ftell.o)
                0x00003cfc                ftell
 .text.__check_heap_overflow
                0x00003d40       0x18 C:/nxp/MCUXpressoIDE_24.9.25/ide/plugins/com.nxp.mcuxpresso.tools.win32_24.9.0.202407110857/tools/bin/../lib/gcc/arm-none-eabi/13.2.1/../../../../arm-none-eabi/lib/thumb/v7e-m+fp/hard\libcr_c.a(_cr_check_heap.o)
                0x00003d40                __check_heap_overflow
 .text.__sys_appexit
                0x00003d58        0xc C:/nxp/MCUXpressoIDE_24.9.25/ide/plugins/com.nxp.mcuxpresso.tools.win32_24.9.0.202407110857/tools/bin/../lib/gcc/arm-none-eabi/13.2.1/../../../../arm-none-eabi/lib/thumb/v7e-m+fp/hard\libcr_semihost_nf.a(__sys_appexit.o)
                0x00003d58                __sys_appexit
                0x00003d58                __exit
 .text.DMA0_DMA16_IRQHandler
                0x00003d64        0x8 ./startup/startup_mk66f18.o
                0x00003d64                DMA0_DMA16_IRQHandler
 .text.DMA1_DMA17_IRQHandler
                0x00003d6c        0x8 ./startup/startup_mk66f18.o
                0x00003d6c                DMA1_DMA17_IRQHandler
 .text.DMA2_DMA18_IRQHandler
                0x00003d74        0x8 ./startup/startup_mk66f18.o
                0x00003d74                DMA2_DMA18_IRQHandler
 .text.DMA3_DMA19_IRQHandler
                0x00003d7c        0x8 ./startup/startup_mk66f18.o
                0x00003d7c                DMA3_DMA19_IRQHandler
 .text.DMA4_DMA20_IRQHandler
                0x00003d84        0x8 ./startup/startup_mk66f18.o
                0x00003d84                DMA4_DMA20_IRQHandler
 .text.DMA5_DMA21_IRQHandler
                0x00003d8c        0x8 ./startup/startup_mk66f18.o
                0x00003d8c                DMA5_DMA21_IRQHandler
 .text.DMA6_DMA22_IRQHandler
                0x00003d94        0x8 ./startup/startup_mk66f18.o
                0x00003d94                DMA6_DMA22_IRQHandler
 .text.DMA7_DMA23_IRQHandler
                0x00003d9c        0x8 ./startup/startup_mk66f18.o
                0x00003d9c                DMA7_DMA23_IRQHandler
 .text.DMA8_DMA24_IRQHandler
                0x00003da4        0x8 ./startup/startup_mk66f18.o
                0x00003da4                DMA8_DMA24_IRQHandler
 .text.DMA9_DMA25_IRQHandler
                0x00003dac        0x8 ./startup/startup_mk66f18.o
                0x00003dac                DMA9_DMA25_IRQHandler
 .text.DMA10_DMA26_IRQHandler
                0x00003db4        0x8 ./startup/startup_mk66f18.o
                0x00003db4                DMA10_DMA26_IRQHandler
 .text.DMA11_DMA27_IRQHandler
                0x00003dbc        0x8 ./startup/startup_mk66f18.o
                0x00003dbc                DMA11_DMA27_IRQHandler
 .text.DMA12_DMA28_IRQHandler
                0x00003dc4        0x8 ./startup/startup_mk66f18.o
                0x00003dc4                DMA12_DMA28_IRQHandler
 .text.DMA13_DMA29_IRQHandler
                0x00003dcc        0x8 ./startup/startup_mk66f18.o
                0x00003dcc                DMA13_DMA29_IRQHandler
 .text.DMA14_DMA30_IRQHandler
                0x00003dd4        0x8 ./startup/startup_mk66f18.o
                0x00003dd4                DMA14_DMA30_IRQHandler
 .text.DMA15_DMA31_IRQHandler
                0x00003ddc        0x8 ./startup/startup_mk66f18.o
                0x00003ddc                DMA15_DMA31_IRQHandler
 .text.DMA_Error_IRQHandler
                0x00003de4        0x8 ./startup/startup_mk66f18.o
                0x00003de4                DMA_Error_IRQHandler
 .text.MCM_IRQHandler
                0x00003dec        0x8 ./startup/startup_mk66f18.o
                0x00003dec                MCM_IRQHandler
 .text.FTFE_IRQHandler
                0x00003df4        0x8 ./startup/startup_mk66f18.o
                0x00003df4                FTFE_IRQHandler
 .text.Read_Collision_IRQHandler
                0x00003dfc        0x8 ./startup/startup_mk66f18.o
                0x00003dfc                Read_Collision_IRQHandler
 .text.LVD_LVW_IRQHandler
                0x00003e04        0x8 ./startup/startup_mk66f18.o
                0x00003e04                LVD_LVW_IRQHandler
 .text.LLWU_IRQHandler
                0x00003e0c        0x8 ./startup/startup_mk66f18.o
                0x00003e0c                LLWU_IRQHandler
 .text.WDOG_EWM_IRQHandler
                0x00003e14        0x8 ./startup/startup_mk66f18.o
                0x00003e14                WDOG_EWM_IRQHandler
 .text.RNG_IRQHandler
                0x00003e1c        0x8 ./startup/startup_mk66f18.o
                0x00003e1c                RNG_IRQHandler
 .text.I2C0_IRQHandler
                0x00003e24        0x8 ./startup/startup_mk66f18.o
                0x00003e24                I2C0_IRQHandler
 .text.I2C1_IRQHandler
                0x00003e2c        0x8 ./startup/startup_mk66f18.o
                0x00003e2c                I2C1_IRQHandler
 .text.SPI0_IRQHandler
                0x00003e34        0x8 ./startup/startup_mk66f18.o
                0x00003e34                SPI0_IRQHandler
 .text.SPI1_IRQHandler
                0x00003e3c        0x8 ./startup/startup_mk66f18.o
                0x00003e3c                SPI1_IRQHandler
 .text.I2S0_Tx_IRQHandler
                0x00003e44        0x8 ./startup/startup_mk66f18.o
                0x00003e44                I2S0_Tx_IRQHandler
 .text.I2S0_Rx_IRQHandler
                0x00003e4c        0x8 ./startup/startup_mk66f18.o
                0x00003e4c                I2S0_Rx_IRQHandler
 .text.Reserved46_IRQHandler
                0x00003e54        0x8 ./startup/startup_mk66f18.o
                0x00003e54                Reserved46_IRQHandler
 .text.UART0_RX_TX_IRQHandler
                0x00003e5c        0x8 ./startup/startup_mk66f18.o
                0x00003e5c                UART0_RX_TX_IRQHandler
 .text.UART0_ERR_IRQHandler
                0x00003e64        0x8 ./startup/startup_mk66f18.o
                0x00003e64                UART0_ERR_IRQHandler
 .text.UART1_RX_TX_IRQHandler
                0x00003e6c        0x8 ./startup/startup_mk66f18.o
                0x00003e6c                UART1_RX_TX_IRQHandler
 .text.UART1_ERR_IRQHandler
                0x00003e74        0x8 ./startup/startup_mk66f18.o
                0x00003e74                UART1_ERR_IRQHandler
 .text.UART2_RX_TX_IRQHandler
                0x00003e7c        0x8 ./startup/startup_mk66f18.o
                0x00003e7c                UART2_RX_TX_IRQHandler
 .text.UART2_ERR_IRQHandler
                0x00003e84        0x8 ./startup/startup_mk66f18.o
                0x00003e84                UART2_ERR_IRQHandler
 .text.UART3_RX_TX_IRQHandler
                0x00003e8c        0x8 ./startup/startup_mk66f18.o
                0x00003e8c                UART3_RX_TX_IRQHandler
 .text.UART3_ERR_IRQHandler
                0x00003e94        0x8 ./startup/startup_mk66f18.o
                0x00003e94                UART3_ERR_IRQHandler
 .text.ADC0_IRQHandler
                0x00003e9c        0x8 ./startup/startup_mk66f18.o
                0x00003e9c                ADC0_IRQHandler
 .text.CMP0_IRQHandler
                0x00003ea4        0x8 ./startup/startup_mk66f18.o
                0x00003ea4                CMP0_IRQHandler
 .text.CMP1_IRQHandler
                0x00003eac        0x8 ./startup/startup_mk66f18.o
                0x00003eac                CMP1_IRQHandler
 .text.FTM0_IRQHandler
                0x00003eb4        0x8 ./startup/startup_mk66f18.o
                0x00003eb4                FTM0_IRQHandler
 .text.FTM1_IRQHandler
                0x00003ebc        0x8 ./startup/startup_mk66f18.o
                0x00003ebc                FTM1_IRQHandler
 .text.FTM2_IRQHandler
                0x00003ec4        0x8 ./startup/startup_mk66f18.o
                0x00003ec4                FTM2_IRQHandler
 .text.CMT_IRQHandler
                0x00003ecc        0x8 ./startup/startup_mk66f18.o
                0x00003ecc                CMT_IRQHandler
 .text.RTC_IRQHandler
                0x00003ed4        0x8 ./startup/startup_mk66f18.o
                0x00003ed4                RTC_IRQHandler
 .text.RTC_Seconds_IRQHandler
                0x00003edc        0x8 ./startup/startup_mk66f18.o
                0x00003edc                RTC_Seconds_IRQHandler
 .text.PIT0_IRQHandler
                0x00003ee4        0x8 ./startup/startup_mk66f18.o
                0x00003ee4                PIT0_IRQHandler
 .text.PIT1_IRQHandler
                0x00003eec        0x8 ./startup/startup_mk66f18.o
                0x00003eec                PIT1_IRQHandler
 .text.PIT2_IRQHandler
                0x00003ef4        0x8 ./startup/startup_mk66f18.o
                0x00003ef4                PIT2_IRQHandler
 .text.PIT3_IRQHandler
                0x00003efc        0x8 ./startup/startup_mk66f18.o
                0x00003efc                PIT3_IRQHandler
 .text.PDB0_IRQHandler
                0x00003f04        0x8 ./startup/startup_mk66f18.o
                0x00003f04                PDB0_IRQHandler
 .text.USB0_IRQHandler
                0x00003f0c        0x8 ./startup/startup_mk66f18.o
                0x00003f0c                USB0_IRQHandler
 .text.USBDCD_IRQHandler
                0x00003f14        0x8 ./startup/startup_mk66f18.o
                0x00003f14                USBDCD_IRQHandler
 .text.Reserved71_IRQHandler
                0x00003f1c        0x8 ./startup/startup_mk66f18.o
                0x00003f1c                Reserved71_IRQHandler
 .text.DAC0_IRQHandler
                0x00003f24        0x8 ./startup/startup_mk66f18.o
                0x00003f24                DAC0_IRQHandler
 .text.MCG_IRQHandler
                0x00003f2c        0x8 ./startup/startup_mk66f18.o
                0x00003f2c                MCG_IRQHandler
 .text.LPTMR0_IRQHandler
                0x00003f34        0x8 ./startup/startup_mk66f18.o
                0x00003f34                LPTMR0_IRQHandler
 .text.PORTA_IRQHandler
                0x00003f3c        0x8 ./startup/startup_mk66f18.o
                0x00003f3c                PORTA_IRQHandler
 .text.PORTB_IRQHandler
                0x00003f44        0x8 ./startup/startup_mk66f18.o
                0x00003f44                PORTB_IRQHandler
 .text.PORTC_IRQHandler
                0x00003f4c        0x8 ./startup/startup_mk66f18.o
                0x00003f4c                PORTC_IRQHandler
 .text.PORTD_IRQHandler
                0x00003f54        0x8 ./startup/startup_mk66f18.o
                0x00003f54                PORTD_IRQHandler
 .text.PORTE_IRQHandler
                0x00003f5c        0x8 ./startup/startup_mk66f18.o
                0x00003f5c                PORTE_IRQHandler
 .text.SWI_IRQHandler
                0x00003f64        0x8 ./startup/startup_mk66f18.o
                0x00003f64                SWI_IRQHandler
 .text.SPI2_IRQHandler
                0x00003f6c        0x8 ./startup/startup_mk66f18.o
                0x00003f6c                SPI2_IRQHandler
 .text.UART4_RX_TX_IRQHandler
                0x00003f74        0x8 ./startup/startup_mk66f18.o
                0x00003f74                UART4_RX_TX_IRQHandler
 .text.UART4_ERR_IRQHandler
                0x00003f7c        0x8 ./startup/startup_mk66f18.o
                0x00003f7c                UART4_ERR_IRQHandler
 .text.Reserved84_IRQHandler
                0x00003f84        0x8 ./startup/startup_mk66f18.o
                0x00003f84                Reserved84_IRQHandler
 .text.Reserved85_IRQHandler
                0x00003f8c        0x8 ./startup/startup_mk66f18.o
                0x00003f8c                Reserved85_IRQHandler
 .text.CMP2_IRQHandler
                0x00003f94        0x8 ./startup/startup_mk66f18.o
                0x00003f94                CMP2_IRQHandler
 .text.FTM3_IRQHandler
                0x00003f9c        0x8 ./startup/startup_mk66f18.o
                0x00003f9c                FTM3_IRQHandler
 .text.DAC1_IRQHandler
                0x00003fa4        0x8 ./startup/startup_mk66f18.o
                0x00003fa4                DAC1_IRQHandler
 .text.ADC1_IRQHandler
                0x00003fac        0x8 ./startup/startup_mk66f18.o
                0x00003fac                ADC1_IRQHandler
 .text.I2C2_IRQHandler
                0x00003fb4        0x8 ./startup/startup_mk66f18.o
                0x00003fb4                I2C2_IRQHandler
 .text.CAN0_ORed_Message_buffer_IRQHandler
                0x00003fbc        0x8 ./startup/startup_mk66f18.o
                0x00003fbc                CAN0_ORed_Message_buffer_IRQHandler
 .text.CAN0_Bus_Off_IRQHandler
                0x00003fc4        0x8 ./startup/startup_mk66f18.o
                0x00003fc4                CAN0_Bus_Off_IRQHandler
 .text.CAN0_Error_IRQHandler
                0x00003fcc        0x8 ./startup/startup_mk66f18.o
                0x00003fcc                CAN0_Error_IRQHandler
 .text.CAN0_Tx_Warning_IRQHandler
                0x00003fd4        0x8 ./startup/startup_mk66f18.o
                0x00003fd4                CAN0_Tx_Warning_IRQHandler
 .text.CAN0_Rx_Warning_IRQHandler
                0x00003fdc        0x8 ./startup/startup_mk66f18.o
                0x00003fdc                CAN0_Rx_Warning_IRQHandler
 .text.CAN0_Wake_Up_IRQHandler
                0x00003fe4        0x8 ./startup/startup_mk66f18.o
                0x00003fe4                CAN0_Wake_Up_IRQHandler
 .text.SDHC_IRQHandler
                0x00003fec        0x8 ./startup/startup_mk66f18.o
                0x00003fec                SDHC_IRQHandler
 .text.ENET_1588_Timer_IRQHandler
                0x00003ff4        0x8 ./startup/startup_mk66f18.o
                0x00003ff4                ENET_1588_Timer_IRQHandler
 .text.ENET_Transmit_IRQHandler
                0x00003ffc        0x8 ./startup/startup_mk66f18.o
                0x00003ffc                ENET_Transmit_IRQHandler
 .text.ENET_Receive_IRQHandler
                0x00004004        0x8 ./startup/startup_mk66f18.o
                0x00004004                ENET_Receive_IRQHandler
 .text.ENET_Error_IRQHandler
                0x0000400c        0x8 ./startup/startup_mk66f18.o
                0x0000400c                ENET_Error_IRQHandler
 .text.LPUART0_IRQHandler
                0x00004014        0x8 ./startup/startup_mk66f18.o
                0x00004014                LPUART0_IRQHandler
 .text.TSI0_IRQHandler
                0x0000401c        0x8 ./startup/startup_mk66f18.o
                0x0000401c                TSI0_IRQHandler
 .text.TPM1_IRQHandler
                0x00004024        0x8 ./startup/startup_mk66f18.o
                0x00004024                TPM1_IRQHandler
 .text.TPM2_IRQHandler
                0x0000402c        0x8 ./startup/startup_mk66f18.o
                0x0000402c                TPM2_IRQHandler
 .text.USBHSDCD_IRQHandler
                0x00004034        0x8 ./startup/startup_mk66f18.o
                0x00004034                USBHSDCD_IRQHandler
 .text.I2C3_IRQHandler
                0x0000403c        0x8 ./startup/startup_mk66f18.o
                0x0000403c                I2C3_IRQHandler
 .text.CMP3_IRQHandler
                0x00004044        0x8 ./startup/startup_mk66f18.o
                0x00004044                CMP3_IRQHandler
 .text.USBHS_IRQHandler
                0x0000404c        0x8 ./startup/startup_mk66f18.o
                0x0000404c                USBHS_IRQHandler
 .text.CAN1_ORed_Message_buffer_IRQHandler
                0x00004054        0x8 ./startup/startup_mk66f18.o
                0x00004054                CAN1_ORed_Message_buffer_IRQHandler
 .text.CAN1_Bus_Off_IRQHandler
                0x0000405c        0x8 ./startup/startup_mk66f18.o
                0x0000405c                CAN1_Bus_Off_IRQHandler
 .text.CAN1_Error_IRQHandler
                0x00004064        0x8 ./startup/startup_mk66f18.o
                0x00004064                CAN1_Error_IRQHandler
 .text.CAN1_Tx_Warning_IRQHandler
                0x0000406c        0x8 ./startup/startup_mk66f18.o
                0x0000406c                CAN1_Tx_Warning_IRQHandler
 .text.CAN1_Rx_Warning_IRQHandler
                0x00004074        0x8 ./startup/startup_mk66f18.o
                0x00004074                CAN1_Rx_Warning_IRQHandler
 .text.CAN1_Wake_Up_IRQHandler
                0x0000407c        0x8 ./startup/startup_mk66f18.o
                0x0000407c                CAN1_Wake_Up_IRQHandler
 .text.ENET_ActiveRead
                0x00004084       0x1c ./source/ethernet/ethernet.o
 .text.PHY_Init
                0x000040a0       0x20 ./source/ethernet/ethernet.o
 .text.PHY_GetAutoNegotiationStatus
                0x000040c0       0x20 ./source/ethernet/ethernet.o
 .text.PHY_GetLinkStatus
                0x000040e0       0x20 ./source/ethernet/ethernet.o
 .text.PHY_GetLinkSpeedDuplex
                0x00004100       0x24 ./source/ethernet/ethernet.o
 .text.SYSMPU_Enable
                0x00004124       0x38 ./source/ethernet/ethernet.o
 .text.HardFault_Handler
                0x0000415c       0x36 ./source/semihost_hardfault.o
                0x0000415c                HardFault_Handler
 .text.MDIO_Init
                0x00004192       0x1a ./phy/fsl_phyksz8081.o
 .text.MDIO_Write
                0x000041ac       0x28 ./phy/fsl_phyksz8081.o
 .text.MDIO_Read
                0x000041d4       0x28 ./phy/fsl_phyksz8081.o
 .text.PHY_KSZ8081_Write
                0x000041fc       0x26 ./phy/fsl_phyksz8081.o
                0x000041fc                PHY_KSZ8081_Write
 .text.PHY_KSZ8081_Read
                0x00004222       0x26 ./phy/fsl_phyksz8081.o
                0x00004222                PHY_KSZ8081_Read
 .text.CLOCK_EnableClock
                0x00004248       0x34 ./mdio/fsl_enet_mdio.o
 .text.ENET_ReadSMIData
                0x0000427c       0x1a ./mdio/fsl_enet_mdio.o
 .text.ENET_GetInterruptStatus
                0x00004296       0x18 ./mdio/fsl_enet_mdio.o
 .text.ENET_ClearInterruptStatus
                0x000042ae       0x1c ./mdio/fsl_enet_mdio.o
 .text.ENET_MDIO_Write
                0x000042ca       0x5c ./mdio/fsl_enet_mdio.o
 .text.ENET_MDIO_WriteExt
                0x00004326       0x7e ./mdio/fsl_enet_mdio.o
 .text.ENET_MDIO_WaitTransferOver
                0x000043a4       0x2a ./mdio/fsl_enet_mdio.o
 .text.OSC_SetExtRefClkConfig
                0x000043ce       0x40 ./drivers/fsl_clock.o
 .text.OSC_SetCapLoad
                0x0000440e       0x34 ./drivers/fsl_clock.o
 .text.CLOCK_GetPll0RefFreq
                0x00004442        0xe ./drivers/fsl_clock.o
 .text.CLOCK_GetFixedFreqClkFreq
                0x00004450       0x34 ./drivers/fsl_clock.o
                0x00004450                CLOCK_GetFixedFreqClkFreq
 .text.CLOCK_EnableClock
                0x00004484       0x34 ./drivers/fsl_enet.o
 .text.EnableIRQ
                0x000044b8       0x32 ./drivers/fsl_enet.o
 .text.DisableGlobalIRQ
                0x000044ea       0x22 ./drivers/fsl_enet.o
 .text.EnableGlobalIRQ
                0x0000450c       0x20 ./drivers/fsl_enet.o
 .text.ENET_Reset
                0x0000452c       0x20 ./drivers/fsl_enet.o
 .text.ENET_GetSMI
                0x0000454c       0x26 ./drivers/fsl_enet.o
 .text.ENET_EnableSleepMode
                0x00004572       0x38 ./drivers/fsl_enet.o
 .text.ENET_EnableInterrupts
                0x000045aa       0x22 ./drivers/fsl_enet.o
 .text.ENET_SetMacAddr
                0x000045cc       0x5e ./drivers/fsl_enet.o
                0x000045cc                ENET_SetMacAddr
 .text.ENET_StartSMIWrite
                0x0000462a       0x50 ./drivers/fsl_enet.o
                0x0000462a                ENET_StartSMIWrite
 .text.ENET_StartSMIRead
                0x0000467a       0x4a ./drivers/fsl_enet.o
                0x0000467a                ENET_StartSMIRead
 .text.ENET_StartExtC45SMIWriteReg
                0x000046c4       0x4e ./drivers/fsl_enet.o
                0x000046c4                ENET_StartExtC45SMIWriteReg
 .text.ENET_StartExtC45SMIWriteData
                0x00004712       0x52 ./drivers/fsl_enet.o
                0x00004712                ENET_StartExtC45SMIWriteData
 .text.ENET_StartExtC45SMIReadData
                0x00004764       0x4a ./drivers/fsl_enet.o
                0x00004764                ENET_StartExtC45SMIReadData
 .text.ENET_TxDirtyRingAvailable
                0x000047ae       0x2e ./drivers/fsl_enet.o
 .text.UART0_RX_TX_DriverIRQHandler
                0x000047dc       0x12 ./drivers/fsl_uart.o
                0x000047dc                UART0_RX_TX_DriverIRQHandler
 .text.UART1_RX_TX_DriverIRQHandler
                0x000047ee       0x12 ./drivers/fsl_uart.o
                0x000047ee                UART1_RX_TX_DriverIRQHandler
 .text.UART2_RX_TX_DriverIRQHandler
                0x00004800       0x12 ./drivers/fsl_uart.o
                0x00004800                UART2_RX_TX_DriverIRQHandler
 .text.UART3_RX_TX_DriverIRQHandler
                0x00004812       0x12 ./drivers/fsl_uart.o
                0x00004812                UART3_RX_TX_DriverIRQHandler
 .text.UART4_RX_TX_DriverIRQHandler
                0x00004824       0x12 ./drivers/fsl_uart.o
                0x00004824                UART4_RX_TX_DriverIRQHandler
 .text.SystemInitHook
                0x00004836        0xe ./device/system_MK66F18.o
                0x00004836                SystemInitHook
 .text.DbgConsole_Init
                0x00004844       0x20 ./board/board.o
 .text.BOARD_InitDebugConsole
                0x00004864       0x22 ./board/board.o
                0x00004864                BOARD_InitDebugConsole
 .text.BOARD_InitBootClocks
                0x00004886        0xc ./board/clock_config.o
                0x00004886                BOARD_InitBootClocks
 .text.CLOCK_EnableClock
                0x00004892       0x34 ./board/pin_mux.o
 .text.PORT_SetPinMux
                0x000048c6       0x3a ./board/pin_mux.o
 .text.BOARD_InitBootPins
                0x00004900        0xc ./board/pin_mux.o
                0x00004900                BOARD_InitBootPins
 .text.__main   0x0000490c        0xe C:/nxp/MCUXpressoIDE_24.9.25/ide/plugins/com.nxp.mcuxpresso.tools.win32_24.9.0.202407110857/tools/bin/../lib/gcc/arm-none-eabi/13.2.1/../../../../arm-none-eabi/lib/thumb/v7e-m+fp/hard\libcr_semihost_nf.a(_cr__main.o)
                0x0000490c                __CR_SEMIHOST
                0x0000490c                __main
 .text.memcpy   0x0000491a        0x4 C:/nxp/MCUXpressoIDE_24.9.25/ide/plugins/com.nxp.mcuxpresso.tools.win32_24.9.0.202407110857/tools/bin/../lib/gcc/arm-none-eabi/13.2.1/../../../../arm-none-eabi/lib/thumb/v7e-m+fp/hard\libcr_c.a(memcpy.o)
                0x0000491a                memcpy
 .text.memset   0x0000491e        0x4 C:/nxp/MCUXpressoIDE_24.9.25/ide/plugins/com.nxp.mcuxpresso.tools.win32_24.9.0.202407110857/tools/bin/../lib/gcc/arm-none-eabi/13.2.1/../../../../arm-none-eabi/lib/thumb/v7e-m+fp/hard\libcr_c.a(memset.o)
                0x0000491e                memset
 .text.free     0x00004922       0x30 C:/nxp/MCUXpressoIDE_24.9.25/ide/plugins/com.nxp.mcuxpresso.tools.win32_24.9.0.202407110857/tools/bin/../lib/gcc/arm-none-eabi/13.2.1/../../../../arm-none-eabi/lib/thumb/v7e-m+fp/hard\libcr_c.a(alloc.o)
                0x00004922                free
 .text.no_fp_display
                0x00004952        0x4 C:/nxp/MCUXpressoIDE_24.9.25/ide/plugins/com.nxp.mcuxpresso.tools.win32_24.9.0.202407110857/tools/bin/../lib/gcc/arm-none-eabi/13.2.1/../../../../arm-none-eabi/lib/thumb/v7e-m+fp/hard\libcr_c.a(printf.o)
 .text.setvbuf  0x00004956       0x3e C:/nxp/MCUXpressoIDE_24.9.25/ide/plugins/com.nxp.mcuxpresso.tools.win32_24.9.0.202407110857/tools/bin/../lib/gcc/arm-none-eabi/13.2.1/../../../../arm-none-eabi/lib/thumb/v7e-m+fp/hard\libcr_c.a(setvbuf.o)
                0x00004956                setvbuf
 .text.strlen   0x00004994       0x4e C:/nxp/MCUXpressoIDE_24.9.25/ide/plugins/com.nxp.mcuxpresso.tools.win32_24.9.0.202407110857/tools/bin/../lib/gcc/arm-none-eabi/13.2.1/../../../../arm-none-eabi/lib/thumb/v7e-m+fp/hard\libcr_c.a(strlen.o)
                0x00004994                strlen
 .text._deferredlazyseek
                0x000049e2       0x40 C:/nxp/MCUXpressoIDE_24.9.25/ide/plugins/com.nxp.mcuxpresso.tools.win32_24.9.0.202407110857/tools/bin/../lib/gcc/arm-none-eabi/13.2.1/../../../../arm-none-eabi/lib/thumb/v7e-m+fp/hard\libcr_c.a(_deferredlazyseek.o)
                0x000049e2                _deferredlazyseek
 .text.__flsbuf
                0x00004a22      0x126 C:/nxp/MCUXpressoIDE_24.9.25/ide/plugins/com.nxp.mcuxpresso.tools.win32_24.9.0.202407110857/tools/bin/../lib/gcc/arm-none-eabi/13.2.1/../../../../arm-none-eabi/lib/thumb/v7e-m+fp/hard\libcr_c.a(_deferredlazyseek.o)
                0x00004a22                __flsbuf
 .text._fdopen  0x00004b48       0x68 C:/nxp/MCUXpressoIDE_24.9.25/ide/plugins/com.nxp.mcuxpresso.tools.win32_24.9.0.202407110857/tools/bin/../lib/gcc/arm-none-eabi/13.2.1/../../../../arm-none-eabi/lib/thumb/v7e-m+fp/hard\libcr_c.a(_fdopen.o)
                0x00004b48                _fdopen
 .text._fflush  0x00004bb0       0x52 C:/nxp/MCUXpressoIDE_24.9.25/ide/plugins/com.nxp.mcuxpresso.tools.win32_24.9.0.202407110857/tools/bin/../lib/gcc/arm-none-eabi/13.2.1/../../../../arm-none-eabi/lib/thumb/v7e-m+fp/hard\libcr_c.a(_fflush.o)
                0x00004bb0                _fflush
 .text.fclose   0x00004c02       0x58 C:/nxp/MCUXpressoIDE_24.9.25/ide/plugins/com.nxp.mcuxpresso.tools.win32_24.9.0.202407110857/tools/bin/../lib/gcc/arm-none-eabi/13.2.1/../../../../arm-none-eabi/lib/thumb/v7e-m+fp/hard\libcr_c.a(fclose.o)
                0x00004c02                fclose
 .text.remove   0x00004c5a       0x14 C:/nxp/MCUXpressoIDE_24.9.25/ide/plugins/com.nxp.mcuxpresso.tools.win32_24.9.0.202407110857/tools/bin/../lib/gcc/arm-none-eabi/13.2.1/../../../../arm-none-eabi/lib/thumb/v7e-m+fp/hard\libcr_c.a(remove.o)
                0x00004c5a                remove
 .text._do_fflush
                0x00004c6e       0x40 C:/nxp/MCUXpressoIDE_24.9.25/ide/plugins/com.nxp.mcuxpresso.tools.win32_24.9.0.202407110857/tools/bin/../lib/gcc/arm-none-eabi/13.2.1/../../../../arm-none-eabi/lib/thumb/v7e-m+fp/hard\libcr_c.a(_do_fflush.o)
                0x00004c6e                _do_fflush
 .text.__aeabi_memcpy
                0x00004cae       0x34 C:/nxp/MCUXpressoIDE_24.9.25/ide/plugins/com.nxp.mcuxpresso.tools.win32_24.9.0.202407110857/tools/bin/../lib/gcc/arm-none-eabi/13.2.1/thumb/v7e-m+fp/hard\libcr_eabihelpers.a(memcpy.o)
                0x00004cae                __aeabi_memcpy
                0x00004cb8                __aeabi_memcpy8
                0x00004cb8                __aeabi_memcpy4
 .text.__aeabi_memset_lowlevel
                0x00004ce2       0x32 C:/nxp/MCUXpressoIDE_24.9.25/ide/plugins/com.nxp.mcuxpresso.tools.win32_24.9.0.202407110857/tools/bin/../lib/gcc/arm-none-eabi/13.2.1/thumb/v7e-m+fp/hard\libcr_eabihelpers.a(memcpy.o)
                0x00004ce2                __aeabi_lowlevel_memset
 .text.__sys_close
                0x00004d14        0xc C:/nxp/MCUXpressoIDE_24.9.25/ide/plugins/com.nxp.mcuxpresso.tools.win32_24.9.0.202407110857/tools/bin/../lib/gcc/arm-none-eabi/13.2.1/../../../../arm-none-eabi/lib/thumb/v7e-m+fp/hard\libcr_semihost_nf.a(__sys_close.o)
                0x00004d14                __sys_close
 .text.__sys_flen
                0x00004d20        0xc C:/nxp/MCUXpressoIDE_24.9.25/ide/plugins/com.nxp.mcuxpresso.tools.win32_24.9.0.202407110857/tools/bin/../lib/gcc/arm-none-eabi/13.2.1/../../../../arm-none-eabi/lib/thumb/v7e-m+fp/hard\libcr_semihost_nf.a(__sys_flen.o)
                0x00004d20                __sys_flen
 .text.__sys_istty
                0x00004d2c        0xc C:/nxp/MCUXpressoIDE_24.9.25/ide/plugins/com.nxp.mcuxpresso.tools.win32_24.9.0.202407110857/tools/bin/../lib/gcc/arm-none-eabi/13.2.1/../../../../arm-none-eabi/lib/thumb/v7e-m+fp/hard\libcr_semihost_nf.a(__sys_istty.o)
                0x00004d2c                __sys_istty
 .text.__sys_remove
                0x00004d38        0xc C:/nxp/MCUXpressoIDE_24.9.25/ide/plugins/com.nxp.mcuxpresso.tools.win32_24.9.0.202407110857/tools/bin/../lib/gcc/arm-none-eabi/13.2.1/../../../../arm-none-eabi/lib/thumb/v7e-m+fp/hard\libcr_semihost_nf.a(__sys_remove.o)
                0x00004d38                __sys_remove
 .text.__sys_seek
                0x00004d44        0xc C:/nxp/MCUXpressoIDE_24.9.25/ide/plugins/com.nxp.mcuxpresso.tools.win32_24.9.0.202407110857/tools/bin/../lib/gcc/arm-none-eabi/13.2.1/../../../../arm-none-eabi/lib/thumb/v7e-m+fp/hard\libcr_semihost_nf.a(__sys_seek.o)
                0x00004d44                __sys_seek
 .text.__sys_tmpnam
                0x00004d50        0xc C:/nxp/MCUXpressoIDE_24.9.25/ide/plugins/com.nxp.mcuxpresso.tools.win32_24.9.0.202407110857/tools/bin/../lib/gcc/arm-none-eabi/13.2.1/../../../../arm-none-eabi/lib/thumb/v7e-m+fp/hard\libcr_semihost_nf.a(__sys_tmpnam.o)
                0x00004d50                __sys_tmpnam
 .text.__sys_write
                0x00004d5c        0xc C:/nxp/MCUXpressoIDE_24.9.25/ide/plugins/com.nxp.mcuxpresso.tools.win32_24.9.0.202407110857/tools/bin/../lib/gcc/arm-none-eabi/13.2.1/../../../../arm-none-eabi/lib/thumb/v7e-m+fp/hard\libcr_semihost_nf.a(__sys_write.o)
                0x00004d5c                __sys_write
 *(SORT_BY_ALIGNMENT(.rodata) SORT_BY_ALIGNMENT(.rodata.*) SORT_BY_ALIGNMENT(.constdata) SORT_BY_ALIGNMENT(.constdata.*))
 .rodata.__assertion_failed.str1.4
                0x00004d68      0x902 ./utilities/fsl_assert.o
                                 0x14 (size before relaxing)
 *fill*         0x0000566a        0x2 ff
 .rodata.destAddr
                0x0000566c        0x6 ./source/ethernet/ethernet.o
 *fill*         0x00005672        0x2 ff
 .rodata.srcAddr
                0x00005674        0x6 ./source/ethernet/ethernet.o
 .rodata.ENET_InitDriver.str1.4
                0x0000567a       0x3a ./source/ethernet/ethernet.o
 *fill*         0x0000567a        0x2 ff
 .rodata        0x0000567c       0x20 ./source/ethernet/ethernet.o
 .rodata.ENET_SendNext.str1.4
                0x0000569c       0x13 ./source/ethernet/ethernet.o
 .rodata.main.str1.4
                0x0000569c       0x19 ./source/main.o
 .rodata.phyksz8081_ops
                0x0000569c       0x20 ./phy/fsl_phyksz8081.o
                0x0000569c                phyksz8081_ops
 .rodata.PHY_KSZ8081_Init.str1.4
                0x000056bc       0x37 ./phy/fsl_phyksz8081.o
 .rodata.PHY_KSZ8081_GetAutoNegotiationStatus.str1.4
                0x000056bc       0x1e ./phy/fsl_phyksz8081.o
 .rodata.PHY_KSZ8081_GetLinkStatus.str1.4
                0x000056bc       0x1e ./phy/fsl_phyksz8081.o
 .rodata.PHY_KSZ8081_GetLinkSpeedDuplex.str1.4
                0x000056bc       0x3e ./phy/fsl_phyksz8081.o
 .rodata.PHY_KSZ8081_SetLinkSpeedDuplex.str1.4
                0x000056bc       0x2f ./phy/fsl_phyksz8081.o
 .rodata.PHY_KSZ8081_EnableLoopback.str1.4
                0x000056bc       0x8f ./phy/fsl_phyksz8081.o
 .rodata.enet_ops
                0x000056bc       0x14 ./mdio/fsl_enet_mdio.o
                0x000056bc                enet_ops
 .rodata.ENET_MDIO_Read.str1.4
                0x000056d0       0x25 ./mdio/fsl_enet_mdio.o
 .rodata.ENET_MDIO_ReadExt.str1.4
                0x000056d0       0x26 ./mdio/fsl_enet_mdio.o
 .rodata.CLOCK_GetMcgExtClkFreq.str1.4
                0x000056d0       0x49 ./drivers/fsl_clock.o
 .rodata.CLOCK_GetOsc0ErClkUndivFreq.str1.4
                0x000056d0       0x1e ./drivers/fsl_clock.o
 .rodata.CLOCK_GetOsc0ErClkDivFreq.str1.4
                0x000056d0       0x1e ./drivers/fsl_clock.o
 .rodata.CLOCK_GetEr32kClkFreq.str1.4
                0x000056d0       0x1f ./drivers/fsl_clock.o
 .rodata.CLOCK_GetPll0Freq.str1.4
                0x000056d0       0x1d ./drivers/fsl_clock.o
 .rodata.CLOCK_EnablePll0.str1.4
                0x000056d0       0x1a ./drivers/fsl_clock.o
 .rodata.CLOCK_SetPbeMode.str1.4
                0x000056d0       0x1a ./drivers/fsl_clock.o
 .rodata.CLOCK_BootToPeeMode.str1.4
                0x000056d0       0x1a ./drivers/fsl_clock.o
 .rodata.fllFactorTable.1
                0x000056d0       0x10 ./drivers/fsl_clock.o
 .rodata.s_enetClock
                0x000056e0        0x4 ./drivers/fsl_enet.o
                0x000056e0                s_enetClock
 .rodata.ENET_GetInstance.str1.4
                0x000056e4       0x34 ./drivers/fsl_enet.o
 .rodata.ENET_GetDefaultConfig.str1.4
                0x000056e4       0x20 ./drivers/fsl_enet.o
 .rodata.ENET_Up.str1.4
                0x000056e4       0xe0 ./drivers/fsl_enet.o
 .rodata.ENET_SetHandler.str1.4
                0x000056e4       0x58 ./drivers/fsl_enet.o
 .rodata.ENET_SetTxBufferDescriptors.str1.4
                0x000056e4       0x46 ./drivers/fsl_enet.o
 .rodata.ENET_SetRxBufferDescriptors.str1.4
                0x000056e4       0x8c ./drivers/fsl_enet.o
 .rodata.ENET_RxBufferAllocAll.str1.4
                0x000056e4       0x6b ./drivers/fsl_enet.o
 .rodata.ENET_RxBufferFreeAll.str1.4
                0x000056e4       0x67 ./drivers/fsl_enet.o
 .rodata.ENET_ActiveSendRing.str1.4
                0x000056e4       0x4b ./drivers/fsl_enet.o
 .rodata.ENET_SetSMI.str1.4
                0x000056e4       0x45 ./drivers/fsl_enet.o
 .rodata.ENET_IncreaseIndex.str1.4
                0x000056e4       0x1e ./drivers/fsl_enet.o
 .rodata.ENET_SendFrame.str1.4
                0x000056e4       0x8f ./drivers/fsl_enet.o
 .rodata.ENET_ReclaimTxDescriptor.str1.4
                0x000056e4       0x4b ./drivers/fsl_enet.o
 .rodata.ENET_TransmitIRQHandler.str1.4
                0x000056e4       0x21 ./drivers/fsl_enet.o
 .rodata.ENET_ReceiveIRQHandler.str1.4
                0x000056e4       0x21 ./drivers/fsl_enet.o
 .rodata.ENET_ErrorIRQHandler.str1.4
                0x000056e4       0x21 ./drivers/fsl_enet.o
 .rodata.mcgConfig_BOARD_BootClockRUN
                0x000056e4        0xc ./board/clock_config.o
                0x000056e4                mcgConfig_BOARD_BootClockRUN
 .rodata.simConfig_BOARD_BootClockRUN
                0x000056f0        0x8 ./board/clock_config.o
                0x000056f0                simConfig_BOARD_BootClockRUN
 .rodata.oscConfig_BOARD_BootClockRUN
                0x000056f8        0x8 ./board/clock_config.o
                0x000056f8                oscConfig_BOARD_BootClockRUN
 .rodata.PORT_SetPinConfig.str1.4
                0x00005700       0x6a ./board/pin_mux.o
 .rodata.__num_Ciob_streams
                0x00005700        0x4 C:/nxp/MCUXpressoIDE_24.9.25/ide/plugins/com.nxp.mcuxpresso.tools.win32_24.9.0.202407110857/tools/bin/../lib/gcc/arm-none-eabi/13.2.1/../../../../arm-none-eabi/lib/thumb/v7e-m+fp/hard\libcr_semihost_nf.a(__ciob.o)
                0x00005700                __num_Ciob_streams
 .rodata._Csys_alloc.str1.1
                0x00005704       0x53 C:/nxp/MCUXpressoIDE_24.9.25/ide/plugins/com.nxp.mcuxpresso.tools.win32_24.9.0.202407110857/tools/bin/../lib/gcc/arm-none-eabi/13.2.1/../../../../arm-none-eabi/lib/thumb/v7e-m+fp/hard\libcr_c.a(alloc.o)
                                 0x18 (size before relaxing)
 .rodata._initio.str1.1
                0x00005757        0x4 C:/nxp/MCUXpressoIDE_24.9.25/ide/plugins/com.nxp.mcuxpresso.tools.win32_24.9.0.202407110857/tools/bin/../lib/gcc/arm-none-eabi/13.2.1/../../../../arm-none-eabi/lib/thumb/v7e-m+fp/hard\libcr_c.a(initio.o)
 .rodata.__vfprintf.str1.1
                0x00005757       0x38 C:/nxp/MCUXpressoIDE_24.9.25/ide/plugins/com.nxp.mcuxpresso.tools.win32_24.9.0.202407110857/tools/bin/../lib/gcc/arm-none-eabi/13.2.1/../../../../arm-none-eabi/lib/thumb/v7e-m+fp/hard\libcr_c.a(printf.o)
                0x000057c8                        . = ALIGN (0x8)
 *fill*         0x00005757        0x1 ff

.glue_7         0x00005758        0x0
 .glue_7        0x00005758        0x0 linker stubs

.glue_7t        0x00005758        0x0
 .glue_7t       0x00005758        0x0 linker stubs

.vfp11_veneer   0x00005758        0x0
 .vfp11_veneer  0x00005758        0x0 linker stubs

.v4_bx          0x00005758        0x0
 .v4_bx         0x00005758        0x0 linker stubs

.iplt           0x00005758        0x0
 .iplt          0x00005758        0x0 ./utilities/fsl_assert.o

.rel.dyn        0x00005758        0x0
 .rel.iplt      0x00005758        0x0 ./utilities/fsl_assert.o

.ARM.extab
 *(SORT_BY_ALIGNMENT(.ARM.extab*) SORT_BY_ALIGNMENT(.gnu.linkonce.armextab.*))

.ARM.exidx      0x00005758        0x0
                0x00005758                        __exidx_start = .
 *(SORT_BY_ALIGNMENT(.ARM.exidx*) SORT_BY_ALIGNMENT(.gnu.linkonce.armexidx.*))
                0x00005758                        __exidx_end = .
                0x00005758                        _etext = .

.m_usb_data
 *(SORT_BY_ALIGNMENT(m_usb_bdt))

.data_RAM2      0x1fff0000        0x0 load address 0x00005758
 FILL mask 0xff
                [!provide]                        PROVIDE (__start_data_RAM2 = .)
                [!provide]                        PROVIDE (__start_data_SRAM_LOWER = .)
 *(SORT_BY_ALIGNMENT(.ramfunc.$RAM2))
 *(SORT_BY_ALIGNMENT(.ramfunc.$SRAM_LOWER))
 *(SORT_BY_ALIGNMENT(NonCacheable.init))
 *(SORT_BY_ALIGNMENT(.data.$RAM2))
 *(SORT_BY_ALIGNMENT(.data.$SRAM_LOWER))
 *(SORT_BY_ALIGNMENT(.data.$RAM2.*))
 *(SORT_BY_ALIGNMENT(.data.$SRAM_LOWER.*))
                0x1fff0000                        . = ALIGN (0x8)
                [!provide]                        PROVIDE (__end_data_RAM2 = .)
                [!provide]                        PROVIDE (__end_data_SRAM_LOWER = .)

.data_RAM3      0x14000000        0x0 load address 0x00005758
 FILL mask 0xff
                [!provide]                        PROVIDE (__start_data_RAM3 = .)
                [!provide]                        PROVIDE (__start_data_FLEX_RAM = .)
 *(SORT_BY_ALIGNMENT(.ramfunc.$RAM3))
 *(SORT_BY_ALIGNMENT(.ramfunc.$FLEX_RAM))
 *(SORT_BY_ALIGNMENT(.data.$RAM3))
 *(SORT_BY_ALIGNMENT(.data.$FLEX_RAM))
 *(SORT_BY_ALIGNMENT(.data.$RAM3.*))
 *(SORT_BY_ALIGNMENT(.data.$FLEX_RAM.*))
                0x14000000                        . = ALIGN (0x8)
                [!provide]                        PROVIDE (__end_data_RAM3 = .)
                [!provide]                        PROVIDE (__end_data_FLEX_RAM = .)

.uninit_RESERVED
                0x20000000        0x0
                0x20000000                        _start_uninit_RESERVED = .
 *(SORT_BY_ALIGNMENT(.bss.$RESERVED*))
                0x20000000                        . = ALIGN (0x8)
                0x20000000                        _end_uninit_RESERVED = .

.data           0x20000000       0x30 load address 0x00005758
 FILL mask 0xff
                0x20000000                        _data = .
                [!provide]                        PROVIDE (__start_data_RAM = .)
                [!provide]                        PROVIDE (__start_data_SRAM_UPPER = .)
 *(SORT_BY_ALIGNMENT(vtable))
 *(SORT_BY_ALIGNMENT(.ramfunc*))
 *(SORT_BY_ALIGNMENT(CodeQuickAccess))
 *(SORT_BY_ALIGNMENT(DataQuickAccess))
 *(SORT_BY_ALIGNMENT(RamFunction))
 *(SORT_BY_ALIGNMENT(.data*))
 .data.frase1   0x20000000       0x1d ./source/main.o
                0x20000000                frase1
 *fill*         0x2000001d        0x3 ff
 .data.s_slowIrcFreq
                0x20000020        0x4 ./drivers/fsl_clock.o
 .data.s_fastIrcFreq
                0x20000024        0x4 ./drivers/fsl_clock.o
 .data.SystemCoreClock
                0x20000028        0x4 ./device/system_MK66F18.o
                0x20000028                SystemCoreClock
 .data.active   0x2000002c        0x1 ./source/main.o
                0x2000002c                active
                0x20000030                        . = ALIGN (0x8)
 *fill*         0x2000002d        0x3 ff
                0x20000030                        _edata = .
                [!provide]                        PROVIDE (__end_data_RAM = .)
                [!provide]                        PROVIDE (__end_data_SRAM_UPPER = .)

.igot.plt       0x20000030        0x0 load address 0x00005788
 .igot.plt      0x20000030        0x0 ./utilities/fsl_assert.o

.bss_RAM2       0x1fff0000       0x40
                [!provide]                        PROVIDE (__start_bss_RAM2 = .)
                [!provide]                        PROVIDE (__start_bss_SRAM_LOWER = .)
 *(SORT_BY_ALIGNMENT(NonCacheable))
 NonCacheable   0x1fff0000       0x40 ./source/ethernet/ethernet.o
                0x1fff0000                rxBd
                0x1fff0020                txBd
 *(SORT_BY_ALIGNMENT(.bss.$RAM2))
 *(SORT_BY_ALIGNMENT(.bss.$SRAM_LOWER))
 *(SORT_BY_ALIGNMENT(.bss.$RAM2.*))
 *(SORT_BY_ALIGNMENT(.bss.$SRAM_LOWER.*))
                0x1fff0040                        . = ALIGN ((. != 0x0)?0x8:0x1)
                [!provide]                        PROVIDE (__end_bss_RAM2 = .)
                [!provide]                        PROVIDE (__end_bss_SRAM_LOWER = .)

.bss_RAM3       0x14000000        0x0
                [!provide]                        PROVIDE (__start_bss_RAM3 = .)
                [!provide]                        PROVIDE (__start_bss_FLEX_RAM = .)
 *(SORT_BY_ALIGNMENT(.bss.$RAM3))
 *(SORT_BY_ALIGNMENT(.bss.$FLEX_RAM))
 *(SORT_BY_ALIGNMENT(.bss.$RAM3.*))
 *(SORT_BY_ALIGNMENT(.bss.$FLEX_RAM.*))
                0x14000000                        . = ALIGN ((. != 0x0)?0x8:0x1)
                [!provide]                        PROVIDE (__end_bss_RAM3 = .)
                [!provide]                        PROVIDE (__end_bss_FLEX_RAM = .)

.bss            0x20000030     0x3178
                0x20000030                        _bss = .
                [!provide]                        PROVIDE (__start_bss_RAM = .)
                [!provide]                        PROVIDE (__start_bss_SRAM_UPPER = .)
 *(SORT_BY_ALIGNMENT(.bss*))
 .bss.rxBuff    0x20000030     0x17c0 ./source/ethernet/ethernet.o
                0x20000030                rxBuff
 .bss.txBuff    0x200017f0     0x17c0 ./source/ethernet/ethernet.o
                0x200017f0                txBuff
 .bss.frameBuf  0x20002fb0       0x4e ./source/ethernet/ethernet.o
 *fill*         0x20002ffe        0x2 
 .bss.gHandle   0x20003000       0x84 ./source/ethernet/ethernet.o
 .bss.mdioHandle
                0x20003084        0xc ./source/ethernet/ethernet.o
 .bss.phyHandle
                0x20003090        0xc ./source/ethernet/ethernet.o
 .bss.sentCount
                0x2000309c        0x4 ./source/ethernet/ethernet.o
 .bss.s_extPllFreq
                0x200030a0        0x4 ./drivers/fsl_clock.o
 .bss.g_xtal0Freq
                0x200030a4        0x4 ./drivers/fsl_clock.o
                0x200030a4                g_xtal0Freq
 .bss.g_xtal32Freq
                0x200030a8        0x4 ./drivers/fsl_clock.o
                0x200030a8                g_xtal32Freq
 .bss.s_ENETHandle
                0x200030ac        0x4 ./drivers/fsl_enet.o
 .bss.s_enetTxIsr
                0x200030b0        0x4 ./drivers/fsl_enet.o
 .bss.s_enetRxIsr
                0x200030b4        0x4 ./drivers/fsl_enet.o
 .bss.s_enetErrIsr
                0x200030b8        0x4 ./drivers/fsl_enet.o
 .bss.s_enet1588TimerIsr
                0x200030bc        0x4 ./drivers/fsl_enet.o
 .bss.s_lpuartHandle
                0x200030c0        0x4 ./drivers/fsl_lpuart.o
                0x200030c0                s_lpuartHandle
 .bss.s_lpuartIsr
                0x200030c4        0x4 ./drivers/fsl_lpuart.o
                0x200030c4                s_lpuartIsr
 .bss.s_uartHandle
                0x200030c8       0x14 ./drivers/fsl_uart.o
                0x200030c8                s_uartHandle
 .bss.s_uartIsr
                0x200030dc        0x4 ./drivers/fsl_uart.o
                0x200030dc                s_uartIsr
 .bss.__end_of_heap
                0x200030e0        0x4 C:/nxp/MCUXpressoIDE_24.9.25/ide/plugins/com.nxp.mcuxpresso.tools.win32_24.9.0.202407110857/tools/bin/../lib/gcc/arm-none-eabi/13.2.1/../../../../arm-none-eabi/lib/thumb/v7e-m+fp/hard\libcr_c.a(__init_alloc.o)
                0x200030e0                __end_of_heap
 .bss.__heaps   0x200030e4        0x4 C:/nxp/MCUXpressoIDE_24.9.25/ide/plugins/com.nxp.mcuxpresso.tools.win32_24.9.0.202407110857/tools/bin/../lib/gcc/arm-none-eabi/13.2.1/../../../../arm-none-eabi/lib/thumb/v7e-m+fp/hard\libcr_c.a(__init_alloc.o)
                0x200030e4                __heaps
 .bss.errno     0x200030e8        0x4 C:/nxp/MCUXpressoIDE_24.9.25/ide/plugins/com.nxp.mcuxpresso.tools.win32_24.9.0.202407110857/tools/bin/../lib/gcc/arm-none-eabi/13.2.1/../../../../arm-none-eabi/lib/thumb/v7e-m+fp/hard\libcr_c.a(errno.o)
                0x200030e8                errno
 .bss.__Ciob    0x200030ec       0xb4 C:/nxp/MCUXpressoIDE_24.9.25/ide/plugins/com.nxp.mcuxpresso.tools.win32_24.9.0.202407110857/tools/bin/../lib/gcc/arm-none-eabi/13.2.1/../../../../arm-none-eabi/lib/thumb/v7e-m+fp/hard\libcr_semihost_nf.a(__ciob.o)
                0x200030ec                __Ciob
 .bss.counter   0x200031a0        0x1 ./source/main.o
                0x200031a0                counter
 *(SORT_BY_ALIGNMENT(COMMON))
                0x200031a8                        . = ALIGN (0x8)
 *fill*         0x200031a1        0x7 
                0x200031a8                        _ebss = .
                [!provide]                        PROVIDE (__end_bss_RAM = .)
                [!provide]                        PROVIDE (__end_bss_SRAM_UPPER = .)
                [!provide]                        PROVIDE (end = .)

.noinit_RAM2    0x1fff0040        0x0
                [!provide]                        PROVIDE (__start_noinit_RAM2 = .)
                [!provide]                        PROVIDE (__start_noinit_SRAM_LOWER = .)
 *(SORT_BY_ALIGNMENT(.noinit.$RAM2))
 *(SORT_BY_ALIGNMENT(.noinit.$SRAM_LOWER))
 *(SORT_BY_ALIGNMENT(.noinit.$RAM2.*))
 *(SORT_BY_ALIGNMENT(.noinit.$SRAM_LOWER.*))
                0x1fff0040                        . = ALIGN (0x8)
                [!provide]                        PROVIDE (__end_noinit_RAM2 = .)
                [!provide]                        PROVIDE (__end_noinit_SRAM_LOWER = .)

.noinit_RAM3    0x14000000        0x0
                [!provide]                        PROVIDE (__start_noinit_RAM3 = .)
                [!provide]                        PROVIDE (__start_noinit_FLEX_RAM = .)
 *(SORT_BY_ALIGNMENT(.noinit.$RAM3))
 *(SORT_BY_ALIGNMENT(.noinit.$FLEX_RAM))
 *(SORT_BY_ALIGNMENT(.noinit.$RAM3.*))
 *(SORT_BY_ALIGNMENT(.noinit.$FLEX_RAM.*))
                0x14000000                        . = ALIGN (0x8)
                [!provide]                        PROVIDE (__end_noinit_RAM3 = .)
                [!provide]                        PROVIDE (__end_noinit_FLEX_RAM = .)

.noinit         0x200031a8        0x0
                0x200031a8                        _noinit = .
                [!provide]                        PROVIDE (__start_noinit_RAM = .)
                [!provide]                        PROVIDE (__start_noinit_SRAM_UPPER = .)
 *(SORT_BY_ALIGNMENT(.noinit*))
                0x200031a8                        . = ALIGN (0x8)
                0x200031a8                        _end_noinit = .
                [!provide]                        PROVIDE (__end_noinit_RAM = .)
                [!provide]                        PROVIDE (__end_noinit_SRAM_UPPER = .)
                0x00001000                        _HeapSize = 0x1000

.heap           0x200031a8     0x1000
                0x200031a8                        _pvHeapStart = .
                0x200041a8                        . = (. + _HeapSize)
 *fill*         0x200031a8     0x1000 
                0x200041a8                        . = ALIGN (0x8)
                0x200041a8                        _pvHeapLimit = .
                0x00001000                        _StackSize = 0x1000

.heap2stackfill
                0x200041a8     0x1000
                0x200051a8                        . = (. + _StackSize)
 *fill*         0x200041a8     0x1000 

.stack          0x2002f000        0x0
                0x2002f000                        _vStackBase = .
                0x2002f000                        . = ALIGN (0x8)
                0x20030000                        _vStackTop = (. + _StackSize)
                0x00000000                        _image_start = LOADADDR (.text)
                0x00005788                        _image_end = (LOADADDR (.data) + SIZEOF (.data))
                0x00005788                        _image_size = (_image_end - _image_start)
OUTPUT(Rem_P1.axf elf32-littlearm)
LOAD linker stubs

.debug_info     0x00000000    0x153cf
 .debug_info    0x00000000       0xcc ./utilities/fsl_assert.o
 .debug_info    0x000000cc      0xe97 ./startup/startup_mk66f18.o
 .debug_info    0x00000f63     0x1e61 ./source/ethernet/ethernet.o
 .debug_info    0x00002dc4      0x3f4 ./source/main.o
 .debug_info    0x000031b8       0x3c ./source/semihost_hardfault.o
 .debug_info    0x000031f4      0xb73 ./phy/fsl_phyksz8081.o
 .debug_info    0x00003d67     0x135b ./mdio/fsl_enet_mdio.o
 .debug_info    0x000050c2     0x296f ./drivers/fsl_clock.o
 .debug_info    0x00007a31     0x3bda ./drivers/fsl_enet.o
 .debug_info    0x0000b60b     0x1e86 ./drivers/fsl_lpuart.o
 .debug_info    0x0000d491     0x20dd ./drivers/fsl_uart.o
 .debug_info    0x0000f56e      0xa4e ./device/system_MK66F18.o
 .debug_info    0x0000ffbc      0x19d ./board/board.o
 .debug_info    0x00010159      0xdfb ./board/clock_config.o
 .debug_info    0x00010f54      0x897 ./board/pin_mux.o
 .debug_info    0x000117eb       0x85 C:/nxp/MCUXpressoIDE_24.9.25/ide/plugins/com.nxp.mcuxpresso.tools.win32_24.9.0.202407110857/tools/bin/../lib/gcc/arm-none-eabi/13.2.1/../../../../arm-none-eabi/lib/thumb/v7e-m+fp/hard\libcr_semihost_nf.a(_cr__main.o)
 .debug_info    0x00011870      0x12b C:/nxp/MCUXpressoIDE_24.9.25/ide/plugins/com.nxp.mcuxpresso.tools.win32_24.9.0.202407110857/tools/bin/../lib/gcc/arm-none-eabi/13.2.1/../../../../arm-none-eabi/lib/thumb/v7e-m+fp/hard\libcr_c.a(memcpy.o)
 .debug_info    0x0001199b       0xfc C:/nxp/MCUXpressoIDE_24.9.25/ide/plugins/com.nxp.mcuxpresso.tools.win32_24.9.0.202407110857/tools/bin/../lib/gcc/arm-none-eabi/13.2.1/../../../../arm-none-eabi/lib/thumb/v7e-m+fp/hard\libcr_c.a(memset.o)
 .debug_info    0x00011a97      0x520 C:/nxp/MCUXpressoIDE_24.9.25/ide/plugins/com.nxp.mcuxpresso.tools.win32_24.9.0.202407110857/tools/bin/../lib/gcc/arm-none-eabi/13.2.1/../../../../arm-none-eabi/lib/thumb/v7e-m+fp/hard\libcr_c.a(alloc.o)
 .debug_info    0x00011fb7      0x339 C:/nxp/MCUXpressoIDE_24.9.25/ide/plugins/com.nxp.mcuxpresso.tools.win32_24.9.0.202407110857/tools/bin/../lib/gcc/arm-none-eabi/13.2.1/../../../../arm-none-eabi/lib/thumb/v7e-m+fp/hard\libcr_c.a(initio.o)
 .debug_info    0x000122f0     0x1280 C:/nxp/MCUXpressoIDE_24.9.25/ide/plugins/com.nxp.mcuxpresso.tools.win32_24.9.0.202407110857/tools/bin/../lib/gcc/arm-none-eabi/13.2.1/../../../../arm-none-eabi/lib/thumb/v7e-m+fp/hard\libcr_c.a(printf.o)
 .debug_info    0x00013570      0x1fd C:/nxp/MCUXpressoIDE_24.9.25/ide/plugins/com.nxp.mcuxpresso.tools.win32_24.9.0.202407110857/tools/bin/../lib/gcc/arm-none-eabi/13.2.1/../../../../arm-none-eabi/lib/thumb/v7e-m+fp/hard\libcr_c.a(setvbuf.o)
 .debug_info    0x0001376d       0xe1 C:/nxp/MCUXpressoIDE_24.9.25/ide/plugins/com.nxp.mcuxpresso.tools.win32_24.9.0.202407110857/tools/bin/../lib/gcc/arm-none-eabi/13.2.1/../../../../arm-none-eabi/lib/thumb/v7e-m+fp/hard\libcr_c.a(strlen.o)
 .debug_info    0x0001384e       0xd4 C:/nxp/MCUXpressoIDE_24.9.25/ide/plugins/com.nxp.mcuxpresso.tools.win32_24.9.0.202407110857/tools/bin/../lib/gcc/arm-none-eabi/13.2.1/../../../../arm-none-eabi/lib/thumb/v7e-m+fp/hard\libcr_c.a(__init_alloc.o)
 .debug_info    0x00013922      0x107 C:/nxp/MCUXpressoIDE_24.9.25/ide/plugins/com.nxp.mcuxpresso.tools.win32_24.9.0.202407110857/tools/bin/../lib/gcc/arm-none-eabi/13.2.1/../../../../arm-none-eabi/lib/thumb/v7e-m+fp/hard\libcr_c.a(_cr_sbrk.o)
 .debug_info    0x00013a29      0x369 C:/nxp/MCUXpressoIDE_24.9.25/ide/plugins/com.nxp.mcuxpresso.tools.win32_24.9.0.202407110857/tools/bin/../lib/gcc/arm-none-eabi/13.2.1/../../../../arm-none-eabi/lib/thumb/v7e-m+fp/hard\libcr_c.a(_deferredlazyseek.o)
 .debug_info    0x00013d92      0x24b C:/nxp/MCUXpressoIDE_24.9.25/ide/plugins/com.nxp.mcuxpresso.tools.win32_24.9.0.202407110857/tools/bin/../lib/gcc/arm-none-eabi/13.2.1/../../../../arm-none-eabi/lib/thumb/v7e-m+fp/hard\libcr_c.a(_fdopen.o)
 .debug_info    0x00013fdd      0x1e3 C:/nxp/MCUXpressoIDE_24.9.25/ide/plugins/com.nxp.mcuxpresso.tools.win32_24.9.0.202407110857/tools/bin/../lib/gcc/arm-none-eabi/13.2.1/../../../../arm-none-eabi/lib/thumb/v7e-m+fp/hard\libcr_c.a(_fflush.o)
 .debug_info    0x000141c0      0x289 C:/nxp/MCUXpressoIDE_24.9.25/ide/plugins/com.nxp.mcuxpresso.tools.win32_24.9.0.202407110857/tools/bin/../lib/gcc/arm-none-eabi/13.2.1/../../../../arm-none-eabi/lib/thumb/v7e-m+fp/hard\libcr_c.a(_writebuf.o)
 .debug_info    0x00014449       0x44 C:/nxp/MCUXpressoIDE_24.9.25/ide/plugins/com.nxp.mcuxpresso.tools.win32_24.9.0.202407110857/tools/bin/../lib/gcc/arm-none-eabi/13.2.1/../../../../arm-none-eabi/lib/thumb/v7e-m+fp/hard\libcr_c.a(errno.o)
 .debug_info    0x0001448d      0x318 C:/nxp/MCUXpressoIDE_24.9.25/ide/plugins/com.nxp.mcuxpresso.tools.win32_24.9.0.202407110857/tools/bin/../lib/gcc/arm-none-eabi/13.2.1/../../../../arm-none-eabi/lib/thumb/v7e-m+fp/hard\libcr_c.a(fclose.o)
 .debug_info    0x000147a5      0x209 C:/nxp/MCUXpressoIDE_24.9.25/ide/plugins/com.nxp.mcuxpresso.tools.win32_24.9.0.202407110857/tools/bin/../lib/gcc/arm-none-eabi/13.2.1/../../../../arm-none-eabi/lib/thumb/v7e-m+fp/hard\libcr_c.a(fflush.o)
 .debug_info    0x000149ae      0x276 C:/nxp/MCUXpressoIDE_24.9.25/ide/plugins/com.nxp.mcuxpresso.tools.win32_24.9.0.202407110857/tools/bin/../lib/gcc/arm-none-eabi/13.2.1/../../../../arm-none-eabi/lib/thumb/v7e-m+fp/hard\libcr_c.a(fseek.o)
 .debug_info    0x00014c24      0x197 C:/nxp/MCUXpressoIDE_24.9.25/ide/plugins/com.nxp.mcuxpresso.tools.win32_24.9.0.202407110857/tools/bin/../lib/gcc/arm-none-eabi/13.2.1/../../../../arm-none-eabi/lib/thumb/v7e-m+fp/hard\libcr_c.a(ftell.o)
 .debug_info    0x00014dbb      0x1d7 C:/nxp/MCUXpressoIDE_24.9.25/ide/plugins/com.nxp.mcuxpresso.tools.win32_24.9.0.202407110857/tools/bin/../lib/gcc/arm-none-eabi/13.2.1/../../../../arm-none-eabi/lib/thumb/v7e-m+fp/hard\libcr_c.a(remove.o)
 .debug_info    0x00014f92       0x78 C:/nxp/MCUXpressoIDE_24.9.25/ide/plugins/com.nxp.mcuxpresso.tools.win32_24.9.0.202407110857/tools/bin/../lib/gcc/arm-none-eabi/13.2.1/../../../../arm-none-eabi/lib/thumb/v7e-m+fp/hard\libcr_c.a(_cr_check_heap.o)
 .debug_info    0x0001500a      0x23a C:/nxp/MCUXpressoIDE_24.9.25/ide/plugins/com.nxp.mcuxpresso.tools.win32_24.9.0.202407110857/tools/bin/../lib/gcc/arm-none-eabi/13.2.1/../../../../arm-none-eabi/lib/thumb/v7e-m+fp/hard\libcr_c.a(_do_fflush.o)
 .debug_info    0x00015244      0x18b C:/nxp/MCUXpressoIDE_24.9.25/ide/plugins/com.nxp.mcuxpresso.tools.win32_24.9.0.202407110857/tools/bin/../lib/gcc/arm-none-eabi/13.2.1/../../../../arm-none-eabi/lib/thumb/v7e-m+fp/hard\libcr_semihost_nf.a(__ciob.o)

.debug_abbrev   0x00000000     0x3a6b
 .debug_abbrev  0x00000000       0x90 ./utilities/fsl_assert.o
 .debug_abbrev  0x00000090      0x17a ./startup/startup_mk66f18.o
 .debug_abbrev  0x0000020a      0x2ee ./source/ethernet/ethernet.o
 .debug_abbrev  0x000004f8      0x10b ./source/main.o
 .debug_abbrev  0x00000603       0x31 ./source/semihost_hardfault.o
 .debug_abbrev  0x00000634      0x1c0 ./phy/fsl_phyksz8081.o
 .debug_abbrev  0x000007f4      0x2b8 ./mdio/fsl_enet_mdio.o
 .debug_abbrev  0x00000aac      0x381 ./drivers/fsl_clock.o
 .debug_abbrev  0x00000e2d      0x428 ./drivers/fsl_enet.o
 .debug_abbrev  0x00001255      0x43f ./drivers/fsl_lpuart.o
 .debug_abbrev  0x00001694      0x45d ./drivers/fsl_uart.o
 .debug_abbrev  0x00001af1      0x148 ./device/system_MK66F18.o
 .debug_abbrev  0x00001c39       0xda ./board/board.o
 .debug_abbrev  0x00001d13      0x247 ./board/clock_config.o
 .debug_abbrev  0x00001f5a      0x22e ./board/pin_mux.o
 .debug_abbrev  0x00002188       0x70 C:/nxp/MCUXpressoIDE_24.9.25/ide/plugins/com.nxp.mcuxpresso.tools.win32_24.9.0.202407110857/tools/bin/../lib/gcc/arm-none-eabi/13.2.1/../../../../arm-none-eabi/lib/thumb/v7e-m+fp/hard\libcr_semihost_nf.a(_cr__main.o)
 .debug_abbrev  0x000021f8       0xb6 C:/nxp/MCUXpressoIDE_24.9.25/ide/plugins/com.nxp.mcuxpresso.tools.win32_24.9.0.202407110857/tools/bin/../lib/gcc/arm-none-eabi/13.2.1/../../../../arm-none-eabi/lib/thumb/v7e-m+fp/hard\libcr_c.a(memcpy.o)
 .debug_abbrev  0x000022ae       0xa8 C:/nxp/MCUXpressoIDE_24.9.25/ide/plugins/com.nxp.mcuxpresso.tools.win32_24.9.0.202407110857/tools/bin/../lib/gcc/arm-none-eabi/13.2.1/../../../../arm-none-eabi/lib/thumb/v7e-m+fp/hard\libcr_c.a(memset.o)
 .debug_abbrev  0x00002356      0x284 C:/nxp/MCUXpressoIDE_24.9.25/ide/plugins/com.nxp.mcuxpresso.tools.win32_24.9.0.202407110857/tools/bin/../lib/gcc/arm-none-eabi/13.2.1/../../../../arm-none-eabi/lib/thumb/v7e-m+fp/hard\libcr_c.a(alloc.o)
 .debug_abbrev  0x000025da      0x169 C:/nxp/MCUXpressoIDE_24.9.25/ide/plugins/com.nxp.mcuxpresso.tools.win32_24.9.0.202407110857/tools/bin/../lib/gcc/arm-none-eabi/13.2.1/../../../../arm-none-eabi/lib/thumb/v7e-m+fp/hard\libcr_c.a(initio.o)
 .debug_abbrev  0x00002743      0x3ba C:/nxp/MCUXpressoIDE_24.9.25/ide/plugins/com.nxp.mcuxpresso.tools.win32_24.9.0.202407110857/tools/bin/../lib/gcc/arm-none-eabi/13.2.1/../../../../arm-none-eabi/lib/thumb/v7e-m+fp/hard\libcr_c.a(printf.o)
 .debug_abbrev  0x00002afd       0xe1 C:/nxp/MCUXpressoIDE_24.9.25/ide/plugins/com.nxp.mcuxpresso.tools.win32_24.9.0.202407110857/tools/bin/../lib/gcc/arm-none-eabi/13.2.1/../../../../arm-none-eabi/lib/thumb/v7e-m+fp/hard\libcr_c.a(setvbuf.o)
 .debug_abbrev  0x00002bde       0xa7 C:/nxp/MCUXpressoIDE_24.9.25/ide/plugins/com.nxp.mcuxpresso.tools.win32_24.9.0.202407110857/tools/bin/../lib/gcc/arm-none-eabi/13.2.1/../../../../arm-none-eabi/lib/thumb/v7e-m+fp/hard\libcr_c.a(strlen.o)
 .debug_abbrev  0x00002c85       0xaf C:/nxp/MCUXpressoIDE_24.9.25/ide/plugins/com.nxp.mcuxpresso.tools.win32_24.9.0.202407110857/tools/bin/../lib/gcc/arm-none-eabi/13.2.1/../../../../arm-none-eabi/lib/thumb/v7e-m+fp/hard\libcr_c.a(__init_alloc.o)
 .debug_abbrev  0x00002d34       0xd3 C:/nxp/MCUXpressoIDE_24.9.25/ide/plugins/com.nxp.mcuxpresso.tools.win32_24.9.0.202407110857/tools/bin/../lib/gcc/arm-none-eabi/13.2.1/../../../../arm-none-eabi/lib/thumb/v7e-m+fp/hard\libcr_c.a(_cr_sbrk.o)
 .debug_abbrev  0x00002e07      0x152 C:/nxp/MCUXpressoIDE_24.9.25/ide/plugins/com.nxp.mcuxpresso.tools.win32_24.9.0.202407110857/tools/bin/../lib/gcc/arm-none-eabi/13.2.1/../../../../arm-none-eabi/lib/thumb/v7e-m+fp/hard\libcr_c.a(_deferredlazyseek.o)
 .debug_abbrev  0x00002f59      0x119 C:/nxp/MCUXpressoIDE_24.9.25/ide/plugins/com.nxp.mcuxpresso.tools.win32_24.9.0.202407110857/tools/bin/../lib/gcc/arm-none-eabi/13.2.1/../../../../arm-none-eabi/lib/thumb/v7e-m+fp/hard\libcr_c.a(_fdopen.o)
 .debug_abbrev  0x00003072       0xf1 C:/nxp/MCUXpressoIDE_24.9.25/ide/plugins/com.nxp.mcuxpresso.tools.win32_24.9.0.202407110857/tools/bin/../lib/gcc/arm-none-eabi/13.2.1/../../../../arm-none-eabi/lib/thumb/v7e-m+fp/hard\libcr_c.a(_fflush.o)
 .debug_abbrev  0x00003163      0x126 C:/nxp/MCUXpressoIDE_24.9.25/ide/plugins/com.nxp.mcuxpresso.tools.win32_24.9.0.202407110857/tools/bin/../lib/gcc/arm-none-eabi/13.2.1/../../../../arm-none-eabi/lib/thumb/v7e-m+fp/hard\libcr_c.a(_writebuf.o)
 .debug_abbrev  0x00003289       0x44 C:/nxp/MCUXpressoIDE_24.9.25/ide/plugins/com.nxp.mcuxpresso.tools.win32_24.9.0.202407110857/tools/bin/../lib/gcc/arm-none-eabi/13.2.1/../../../../arm-none-eabi/lib/thumb/v7e-m+fp/hard\libcr_c.a(errno.o)
 .debug_abbrev  0x000032cd      0x155 C:/nxp/MCUXpressoIDE_24.9.25/ide/plugins/com.nxp.mcuxpresso.tools.win32_24.9.0.202407110857/tools/bin/../lib/gcc/arm-none-eabi/13.2.1/../../../../arm-none-eabi/lib/thumb/v7e-m+fp/hard\libcr_c.a(fclose.o)
 .debug_abbrev  0x00003422      0x125 C:/nxp/MCUXpressoIDE_24.9.25/ide/plugins/com.nxp.mcuxpresso.tools.win32_24.9.0.202407110857/tools/bin/../lib/gcc/arm-none-eabi/13.2.1/../../../../arm-none-eabi/lib/thumb/v7e-m+fp/hard\libcr_c.a(fflush.o)
 .debug_abbrev  0x00003547      0x11b C:/nxp/MCUXpressoIDE_24.9.25/ide/plugins/com.nxp.mcuxpresso.tools.win32_24.9.0.202407110857/tools/bin/../lib/gcc/arm-none-eabi/13.2.1/../../../../arm-none-eabi/lib/thumb/v7e-m+fp/hard\libcr_c.a(fseek.o)
 .debug_abbrev  0x00003662       0xc2 C:/nxp/MCUXpressoIDE_24.9.25/ide/plugins/com.nxp.mcuxpresso.tools.win32_24.9.0.202407110857/tools/bin/../lib/gcc/arm-none-eabi/13.2.1/../../../../arm-none-eabi/lib/thumb/v7e-m+fp/hard\libcr_c.a(ftell.o)
 .debug_abbrev  0x00003724       0xfb C:/nxp/MCUXpressoIDE_24.9.25/ide/plugins/com.nxp.mcuxpresso.tools.win32_24.9.0.202407110857/tools/bin/../lib/gcc/arm-none-eabi/13.2.1/../../../../arm-none-eabi/lib/thumb/v7e-m+fp/hard\libcr_c.a(remove.o)
 .debug_abbrev  0x0000381f       0x6b C:/nxp/MCUXpressoIDE_24.9.25/ide/plugins/com.nxp.mcuxpresso.tools.win32_24.9.0.202407110857/tools/bin/../lib/gcc/arm-none-eabi/13.2.1/../../../../arm-none-eabi/lib/thumb/v7e-m+fp/hard\libcr_c.a(_cr_check_heap.o)
 .debug_abbrev  0x0000388a      0x12c C:/nxp/MCUXpressoIDE_24.9.25/ide/plugins/com.nxp.mcuxpresso.tools.win32_24.9.0.202407110857/tools/bin/../lib/gcc/arm-none-eabi/13.2.1/../../../../arm-none-eabi/lib/thumb/v7e-m+fp/hard\libcr_c.a(_do_fflush.o)
 .debug_abbrev  0x000039b6       0xb5 C:/nxp/MCUXpressoIDE_24.9.25/ide/plugins/com.nxp.mcuxpresso.tools.win32_24.9.0.202407110857/tools/bin/../lib/gcc/arm-none-eabi/13.2.1/../../../../arm-none-eabi/lib/thumb/v7e-m+fp/hard\libcr_semihost_nf.a(__ciob.o)

.debug_aranges  0x00000000     0x1108
 .debug_aranges
                0x00000000       0x20 ./utilities/fsl_assert.o
 .debug_aranges
                0x00000020      0x3a0 ./startup/startup_mk66f18.o
 .debug_aranges
                0x000003c0       0x70 ./source/ethernet/ethernet.o
 .debug_aranges
                0x00000430       0x20 ./source/main.o
 .debug_aranges
                0x00000450       0x20 ./source/semihost_hardfault.o
 .debug_aranges
                0x00000470       0x70 ./phy/fsl_phyksz8081.o
 .debug_aranges
                0x000004e0       0x68 ./mdio/fsl_enet_mdio.o
 .debug_aranges
                0x00000548      0x258 ./drivers/fsl_clock.o
 .debug_aranges
                0x000007a0      0x238 ./drivers/fsl_enet.o
 .debug_aranges
                0x000009d8      0x138 ./drivers/fsl_lpuart.o
 .debug_aranges
                0x00000b10      0x1a8 ./drivers/fsl_uart.o
 .debug_aranges
                0x00000cb8       0x30 ./device/system_MK66F18.o
 .debug_aranges
                0x00000ce8       0x28 ./board/board.o
 .debug_aranges
                0x00000d10       0x60 ./board/clock_config.o
 .debug_aranges
                0x00000d70       0x40 ./board/pin_mux.o
 .debug_aranges
                0x00000db0       0x20 C:/nxp/MCUXpressoIDE_24.9.25/ide/plugins/com.nxp.mcuxpresso.tools.win32_24.9.0.202407110857/tools/bin/../lib/gcc/arm-none-eabi/13.2.1/../../../../arm-none-eabi/lib/thumb/v7e-m+fp/hard\libcr_semihost_nf.a(_cr__main.o)
 .debug_aranges
                0x00000dd0       0x20 C:/nxp/MCUXpressoIDE_24.9.25/ide/plugins/com.nxp.mcuxpresso.tools.win32_24.9.0.202407110857/tools/bin/../lib/gcc/arm-none-eabi/13.2.1/../../../../arm-none-eabi/lib/thumb/v7e-m+fp/hard\libcr_c.a(memcpy.o)
 .debug_aranges
                0x00000df0       0x20 C:/nxp/MCUXpressoIDE_24.9.25/ide/plugins/com.nxp.mcuxpresso.tools.win32_24.9.0.202407110857/tools/bin/../lib/gcc/arm-none-eabi/13.2.1/../../../../arm-none-eabi/lib/thumb/v7e-m+fp/hard\libcr_c.a(memset.o)
 .debug_aranges
                0x00000e10       0x40 C:/nxp/MCUXpressoIDE_24.9.25/ide/plugins/com.nxp.mcuxpresso.tools.win32_24.9.0.202407110857/tools/bin/../lib/gcc/arm-none-eabi/13.2.1/../../../../arm-none-eabi/lib/thumb/v7e-m+fp/hard\libcr_c.a(alloc.o)
 .debug_aranges
                0x00000e50       0x28 C:/nxp/MCUXpressoIDE_24.9.25/ide/plugins/com.nxp.mcuxpresso.tools.win32_24.9.0.202407110857/tools/bin/../lib/gcc/arm-none-eabi/13.2.1/../../../../arm-none-eabi/lib/thumb/v7e-m+fp/hard\libcr_c.a(initio.o)
 .debug_aranges
                0x00000e78       0x70 C:/nxp/MCUXpressoIDE_24.9.25/ide/plugins/com.nxp.mcuxpresso.tools.win32_24.9.0.202407110857/tools/bin/../lib/gcc/arm-none-eabi/13.2.1/../../../../arm-none-eabi/lib/thumb/v7e-m+fp/hard\libcr_c.a(printf.o)
 .debug_aranges
                0x00000ee8       0x20 C:/nxp/MCUXpressoIDE_24.9.25/ide/plugins/com.nxp.mcuxpresso.tools.win32_24.9.0.202407110857/tools/bin/../lib/gcc/arm-none-eabi/13.2.1/../../../../arm-none-eabi/lib/thumb/v7e-m+fp/hard\libcr_c.a(setvbuf.o)
 .debug_aranges
                0x00000f08       0x20 C:/nxp/MCUXpressoIDE_24.9.25/ide/plugins/com.nxp.mcuxpresso.tools.win32_24.9.0.202407110857/tools/bin/../lib/gcc/arm-none-eabi/13.2.1/../../../../arm-none-eabi/lib/thumb/v7e-m+fp/hard\libcr_c.a(strlen.o)
 .debug_aranges
                0x00000f28       0x20 C:/nxp/MCUXpressoIDE_24.9.25/ide/plugins/com.nxp.mcuxpresso.tools.win32_24.9.0.202407110857/tools/bin/../lib/gcc/arm-none-eabi/13.2.1/../../../../arm-none-eabi/lib/thumb/v7e-m+fp/hard\libcr_c.a(__init_alloc.o)
 .debug_aranges
                0x00000f48       0x20 C:/nxp/MCUXpressoIDE_24.9.25/ide/plugins/com.nxp.mcuxpresso.tools.win32_24.9.0.202407110857/tools/bin/../lib/gcc/arm-none-eabi/13.2.1/../../../../arm-none-eabi/lib/thumb/v7e-m+fp/hard\libcr_c.a(_cr_sbrk.o)
 .debug_aranges
                0x00000f68       0x28 C:/nxp/MCUXpressoIDE_24.9.25/ide/plugins/com.nxp.mcuxpresso.tools.win32_24.9.0.202407110857/tools/bin/../lib/gcc/arm-none-eabi/13.2.1/../../../../arm-none-eabi/lib/thumb/v7e-m+fp/hard\libcr_c.a(_deferredlazyseek.o)
 .debug_aranges
                0x00000f90       0x20 C:/nxp/MCUXpressoIDE_24.9.25/ide/plugins/com.nxp.mcuxpresso.tools.win32_24.9.0.202407110857/tools/bin/../lib/gcc/arm-none-eabi/13.2.1/../../../../arm-none-eabi/lib/thumb/v7e-m+fp/hard\libcr_c.a(_fdopen.o)
 .debug_aranges
                0x00000fb0       0x20 C:/nxp/MCUXpressoIDE_24.9.25/ide/plugins/com.nxp.mcuxpresso.tools.win32_24.9.0.202407110857/tools/bin/../lib/gcc/arm-none-eabi/13.2.1/../../../../arm-none-eabi/lib/thumb/v7e-m+fp/hard\libcr_c.a(_fflush.o)
 .debug_aranges
                0x00000fd0       0x20 C:/nxp/MCUXpressoIDE_24.9.25/ide/plugins/com.nxp.mcuxpresso.tools.win32_24.9.0.202407110857/tools/bin/../lib/gcc/arm-none-eabi/13.2.1/../../../../arm-none-eabi/lib/thumb/v7e-m+fp/hard\libcr_c.a(_writebuf.o)
 .debug_aranges
                0x00000ff0       0x18 C:/nxp/MCUXpressoIDE_24.9.25/ide/plugins/com.nxp.mcuxpresso.tools.win32_24.9.0.202407110857/tools/bin/../lib/gcc/arm-none-eabi/13.2.1/../../../../arm-none-eabi/lib/thumb/v7e-m+fp/hard\libcr_c.a(errno.o)
 .debug_aranges
                0x00001008       0x20 C:/nxp/MCUXpressoIDE_24.9.25/ide/plugins/com.nxp.mcuxpresso.tools.win32_24.9.0.202407110857/tools/bin/../lib/gcc/arm-none-eabi/13.2.1/../../../../arm-none-eabi/lib/thumb/v7e-m+fp/hard\libcr_c.a(fclose.o)
 .debug_aranges
                0x00001028       0x20 C:/nxp/MCUXpressoIDE_24.9.25/ide/plugins/com.nxp.mcuxpresso.tools.win32_24.9.0.202407110857/tools/bin/../lib/gcc/arm-none-eabi/13.2.1/../../../../arm-none-eabi/lib/thumb/v7e-m+fp/hard\libcr_c.a(fflush.o)
 .debug_aranges
                0x00001048       0x20 C:/nxp/MCUXpressoIDE_24.9.25/ide/plugins/com.nxp.mcuxpresso.tools.win32_24.9.0.202407110857/tools/bin/../lib/gcc/arm-none-eabi/13.2.1/../../../../arm-none-eabi/lib/thumb/v7e-m+fp/hard\libcr_c.a(fseek.o)
 .debug_aranges
                0x00001068       0x20 C:/nxp/MCUXpressoIDE_24.9.25/ide/plugins/com.nxp.mcuxpresso.tools.win32_24.9.0.202407110857/tools/bin/../lib/gcc/arm-none-eabi/13.2.1/../../../../arm-none-eabi/lib/thumb/v7e-m+fp/hard\libcr_c.a(ftell.o)
 .debug_aranges
                0x00001088       0x28 C:/nxp/MCUXpressoIDE_24.9.25/ide/plugins/com.nxp.mcuxpresso.tools.win32_24.9.0.202407110857/tools/bin/../lib/gcc/arm-none-eabi/13.2.1/../../../../arm-none-eabi/lib/thumb/v7e-m+fp/hard\libcr_c.a(remove.o)
 .debug_aranges
                0x000010b0       0x20 C:/nxp/MCUXpressoIDE_24.9.25/ide/plugins/com.nxp.mcuxpresso.tools.win32_24.9.0.202407110857/tools/bin/../lib/gcc/arm-none-eabi/13.2.1/../../../../arm-none-eabi/lib/thumb/v7e-m+fp/hard\libcr_c.a(_cr_check_heap.o)
 .debug_aranges
                0x000010d0       0x20 C:/nxp/MCUXpressoIDE_24.9.25/ide/plugins/com.nxp.mcuxpresso.tools.win32_24.9.0.202407110857/tools/bin/../lib/gcc/arm-none-eabi/13.2.1/../../../../arm-none-eabi/lib/thumb/v7e-m+fp/hard\libcr_c.a(_do_fflush.o)
 .debug_aranges