C:\Users\vonta\OneDrive\Documentos\Desarrollo\RedesEm\PracticasK66\Rem_P1\drivers/fsl_clock.h:777:20:CLOCK_SetRmii0Clock	16	static
C:\Users\vonta\OneDrive\Documentos\Desarrollo\RedesEm\PracticasK66\Rem_P1\drivers/fsl_enet.h:1187:20:ENET_ActiveRead	16	static
C:\Users\vonta\OneDrive\Documentos\Desarrollo\RedesEm\PracticasK66\Rem_P1\phy/fsl_phy.h:147:24:PHY_Init	16	static
C:\Users\vonta\OneDrive\Documentos\Desarrollo\RedesEm\PracticasK66\Rem_P1\phy/fsl_phy.h:191:24:PHY_GetAutoNegotiationStatus	16	static
C:\Users\vonta\OneDrive\Documentos\Desarrollo\RedesEm\PracticasK66\Rem_P1\phy/fsl_phy.h:206:24:PHY_GetLinkStatus	16	static
C:\Users\vonta\OneDrive\Documentos\Desarrollo\RedesEm\PracticasK66\Rem_P1\phy/fsl_phy.h:223:24:PHY_GetLinkSpeedDuplex	24	static
C:\Users\vonta\OneDrive\Documentos\Desarrollo\RedesEm\PracticasK66\Rem_P1\drivers/fsl_sysmpu.h:268:20:SYSMPU_Enable	16	static
../source/ethernet/ethernet.c:40:6:ethernet_init	112	static
../source/ethernet/ethernet.c:99:17:crc32_bitwise	32	static
../source/ethernet/ethernet.c:114:6:ethernet_buildFrame	48	static
../source/ethernet/ethernet.c:150:6:ethernet_send	24	static
